Archive member included to satisfy reference by file (symbol)

c:/st/stm32cubeide_1.10.1/stm32cubeide/plugins/com.st.stm32cube.ide.mcu.externaltools.gnu-tools-for-stm32.10.3-2021.10.win32_1.0.200.202301161003/tools/bin/../lib/gcc/arm-none-eabi/10.3.1/../../../../arm-none-eabi/lib/thumb/v7-m/nofp\libc_nano.a(lib_a-errno.o)
                              ./Core/Src/syscalls.o (__errno)
c:/st/stm32cubeide_1.10.1/stm32cubeide/plugins/com.st.stm32cube.ide.mcu.externaltools.gnu-tools-for-stm32.10.3-2021.10.win32_1.0.200.202301161003/tools/bin/../lib/gcc/arm-none-eabi/10.3.1/../../../../arm-none-eabi/lib/thumb/v7-m/nofp\libc_nano.a(lib_a-exit.o)
                              c:/st/stm32cubeide_1.10.1/stm32cubeide/plugins/com.st.stm32cube.ide.mcu.externaltools.gnu-tools-for-stm32.10.3-2021.10.win32_1.0.200.202301161003/tools/bin/../lib/gcc/arm-none-eabi/10.3.1/../../../../arm-none-eabi/lib/thumb/v7-m/nofp/crt0.o (exit)
c:/st/stm32cubeide_1.10.1/stm32cubeide/plugins/com.st.stm32cube.ide.mcu.externaltools.gnu-tools-for-stm32.10.3-2021.10.win32_1.0.200.202301161003/tools/bin/../lib/gcc/arm-none-eabi/10.3.1/../../../../arm-none-eabi/lib/thumb/v7-m/nofp\libc_nano.a(lib_a-fprintf.o)
                              ./Core/Src/berlekamp.o (fprintf)
c:/st/stm32cubeide_1.10.1/stm32cubeide/plugins/com.st.stm32cube.ide.mcu.externaltools.gnu-tools-for-stm32.10.3-2021.10.win32_1.0.200.202301161003/tools/bin/../lib/gcc/arm-none-eabi/10.3.1/../../../../arm-none-eabi/lib/thumb/v7-m/nofp\libc_nano.a(lib_a-fwrite.o)
                              ./Core/Src/berlekamp.o (fwrite)
c:/st/stm32cubeide_1.10.1/stm32cubeide/plugins/com.st.stm32cube.ide.mcu.externaltools.gnu-tools-for-stm32.10.3-2021.10.win32_1.0.200.202301161003/tools/bin/../lib/gcc/arm-none-eabi/10.3.1/../../../../arm-none-eabi/lib/thumb/v7-m/nofp\libc_nano.a(lib_a-impure.o)
                              c:/st/stm32cubeide_1.10.1/stm32cubeide/plugins/com.st.stm32cube.ide.mcu.externaltools.gnu-tools-for-stm32.10.3-2021.10.win32_1.0.200.202301161003/tools/bin/../lib/gcc/arm-none-eabi/10.3.1/../../../../arm-none-eabi/lib/thumb/v7-m/nofp\libc_nano.a(lib_a-exit.o) (_global_impure_ptr)
c:/st/stm32cubeide_1.10.1/stm32cubeide/plugins/com.st.stm32cube.ide.mcu.externaltools.gnu-tools-for-stm32.10.3-2021.10.win32_1.0.200.202301161003/tools/bin/../lib/gcc/arm-none-eabi/10.3.1/../../../../arm-none-eabi/lib/thumb/v7-m/nofp\libc_nano.a(lib_a-init.o)
                              c:/st/stm32cubeide_1.10.1/stm32cubeide/plugins/com.st.stm32cube.ide.mcu.externaltools.gnu-tools-for-stm32.10.3-2021.10.win32_1.0.200.202301161003/tools/bin/../lib/gcc/arm-none-eabi/10.3.1/../../../../arm-none-eabi/lib/thumb/v7-m/nofp/crt0.o (__libc_init_array)
c:/st/stm32cubeide_1.10.1/stm32cubeide/plugins/com.st.stm32cube.ide.mcu.externaltools.gnu-tools-for-stm32.10.3-2021.10.win32_1.0.200.202301161003/tools/bin/../lib/gcc/arm-none-eabi/10.3.1/../../../../arm-none-eabi/lib/thumb/v7-m/nofp\libc_nano.a(lib_a-lock.o)
                              c:/st/stm32cubeide_1.10.1/stm32cubeide/plugins/com.st.stm32cube.ide.mcu.externaltools.gnu-tools-for-stm32.10.3-2021.10.win32_1.0.200.202301161003/tools/bin/../lib/gcc/arm-none-eabi/10.3.1/../../../../arm-none-eabi/lib/thumb/v7-m/nofp\libc_nano.a(lib_a-fwrite.o) (__retarget_lock_acquire_recursive)
c:/st/stm32cubeide_1.10.1/stm32cubeide/plugins/com.st.stm32cube.ide.mcu.externaltools.gnu-tools-for-stm32.10.3-2021.10.win32_1.0.200.202301161003/tools/bin/../lib/gcc/arm-none-eabi/10.3.1/../../../../arm-none-eabi/lib/thumb/v7-m/nofp\libc_nano.a(lib_a-memcpy-stub.o)
                              ./Core/Src/RPM411.o (memcpy)
c:/st/stm32cubeide_1.10.1/stm32cubeide/plugins/com.st.stm32cube.ide.mcu.externaltools.gnu-tools-for-stm32.10.3-2021.10.win32_1.0.200.202301161003/tools/bin/../lib/gcc/arm-none-eabi/10.3.1/../../../../arm-none-eabi/lib/thumb/v7-m/nofp\libc_nano.a(lib_a-memset.o)
                              c:/st/stm32cubeide_1.10.1/stm32cubeide/plugins/com.st.stm32cube.ide.mcu.externaltools.gnu-tools-for-stm32.10.3-2021.10.win32_1.0.200.202301161003/tools/bin/../lib/gcc/arm-none-eabi/10.3.1/../../../../arm-none-eabi/lib/thumb/v7-m/nofp/crt0.o (memset)
c:/st/stm32cubeide_1.10.1/stm32cubeide/plugins/com.st.stm32cube.ide.mcu.externaltools.gnu-tools-for-stm32.10.3-2021.10.win32_1.0.200.202301161003/tools/bin/../lib/gcc/arm-none-eabi/10.3.1/../../../../arm-none-eabi/lib/thumb/v7-m/nofp\libc_nano.a(lib_a-nano-vfprintf.o)
                              c:/st/stm32cubeide_1.10.1/stm32cubeide/plugins/com.st.stm32cube.ide.mcu.externaltools.gnu-tools-for-stm32.10.3-2021.10.win32_1.0.200.202301161003/tools/bin/../lib/gcc/arm-none-eabi/10.3.1/../../../../arm-none-eabi/lib/thumb/v7-m/nofp\libc_nano.a(lib_a-fprintf.o) (_vfprintf_r)
[...]
Memory Configuration

Name             Origin             Length             Attributes
RAM              0x0000000020000000 0x0000000000002000 xrw
FLASH            0x0000000008000000 0x0000000000010000 xr
*default*        0x0000000000000000 0xffffffffffffffff

Linker script and memory map

LOAD c:/st/stm32cubeide_1.10.1/stm32cubeide/plugins/com.st.stm32cube.ide.mcu.externaltools.gnu-tools-for-stm32.10.3-2021.10.win32_1.0.200.202301161003/tools/bin/../lib/gcc/arm-none-eabi/10.3.1/thumb/v7-m/nofp/crti.o
LOAD c:/st/stm32cubeide_1.10.1/stm32cubeide/plugins/com.st.stm32cube.ide.mcu.externaltools.gnu-tools-for-stm32.10.3-2021.10.win32_1.0.200.202301161003/tools/bin/../lib/gcc/arm-none-eabi/10.3.1/thumb/v7-m/nofp/crtbegin.o
LOAD c:/st/stm32cubeide_1.10.1/stm32cubeide/plugins/com.st.stm32cube.ide.mcu.externaltools.gnu-tools-for-stm32.10.3-2021.10.win32_1.0.200.202301161003/tools/bin/../lib/gcc/arm-none-eabi/10.3.1/../../../../arm-none-eabi/lib/thumb/v7-m/nofp/crt0.o
LOAD ./Core/Src/RPM411.o
LOAD ./Core/Src/batt.o
LOAD ./Core/Src/berlekamp.o
LOAD ./Core/Src/bme280.o
LOAD ./Core/Src/callSign.o
LOAD ./Core/Src/cam.o
LOAD ./Core/Src/crc16.o
LOAD ./Core/Src/cw.o
LOAD ./Core/Src/ecc.o
LOAD ./Core/Src/externalTemp.o
LOAD ./Core/Src/galois.o
LOAD ./Core/Src/gps.o
LOAD ./Core/Src/humidity.o
LOAD ./Core/Src/info.o
LOAD ./Core/Src/internalTemp.o
LOAD ./Core/Src/main.o
LOAD ./Core/Src/pressure.o
LOAD ./Core/Src/radio.o
LOAD ./Core/Src/rs.o
LOAD ./Core/Src/stm32f1xx_hal_msp.o
LOAD ./Core/Src/stm32f1xx_hal_timebase_tim.o
LOAD ./Core/Src/stm32f1xx_it.o
LOAD ./Core/Src/syscalls.o
LOAD ./Core/Src/sysmem.o
LOAD ./Core/Src/system_stm32f1xx.o
LOAD ./Core/Src/ublox.o
LOAD ./Core/Startup/startup_stm32f100c8tx.o
LOAD ./Drivers/STM32F1xx_HAL_Driver/Src/stm32f1xx_hal.o
LOAD ./Drivers/STM32F1xx_HAL_Driver/Src/stm32f1xx_hal_adc.o
LOAD ./Drivers/STM32F1xx_HAL_Driver/Src/stm32f1xx_hal_adc_ex.o
LOAD ./Drivers/STM32F1xx_HAL_Driver/Src/stm32f1xx_hal_cortex.o
LOAD ./Drivers/STM32F1xx_HAL_Driver/Src/stm32f1xx_hal_dma.o
LOAD ./Drivers/STM32F1xx_HAL_Driver/Src/stm32f1xx_hal_exti.o
LOAD ./Drivers/STM32F1xx_HAL_Driver/Src/stm32f1xx_hal_flash.o
LOAD ./Drivers/STM32F1xx_HAL_Driver/Src/stm32f1xx_hal_flash_ex.o
LOAD ./Drivers/STM32F1xx_HAL_Driver/Src/stm32f1xx_hal_gpio.o
LOAD ./Drivers/STM32F1xx_HAL_Driver/Src/stm32f1xx_hal_gpio_ex.o
LOAD ./Drivers/STM32F1xx_HAL_Driver/Src/stm32f1xx_hal_pwr.o
LOAD ./Drivers/STM32F1xx_HAL_Driver/Src/stm32f1xx_hal_rcc.o
LOAD ./Drivers/STM32F1xx_HAL_Driver/Src/stm32f1xx_hal_rcc_ex.o
LOAD ./Drivers/STM32F1xx_HAL_Driver/Src/stm32f1xx_hal_spi.o
LOAD ./Drivers/STM32F1xx_HAL_Driver/Src/stm32f1xx_hal_tim.o
LOAD ./Drivers/STM32F1xx_HAL_Driver/Src/stm32f1xx_hal_tim_ex.o
LOAD ./Drivers/STM32F1xx_HAL_Driver/Src/stm32f1xx_hal_uart.o
START GROUP
LOAD c:/st/stm32cubeide_1.10.1/stm32cubeide/plugins/com.st.stm32cube.ide.mcu.externaltools.gnu-tools-for-stm32.10.3-2021.10.win32_1.0.200.202301161003/tools/bin/../lib/gcc/arm-none-eabi/10.3.1/../../../../arm-none-eabi/lib/thumb/v7-m/nofp\libc_nano.a
LOAD c:/st/stm32cubeide_1.10.1/stm32cubeide/plugins/com.st.stm32cube.ide.mcu.externaltools.gnu-tools-for-stm32.10.3-2021.10.win32_1.0.200.202301161003/tools/bin/../lib/gcc/arm-none-eabi/10.3.1/../../../../arm-none-eabi/lib/thumb/v7-m/nofp\libm.a
END GROUP
START GROUP
LOAD c:/st/stm32cubeide_1.10.1/stm32cubeide/plugins/com.st.stm32cube.ide.mcu.externaltools.gnu-tools-for-stm32.10.3-2021.10.win32_1.0.200.202301161003/tools/bin/../lib/gcc/arm-none-eabi/10.3.1/thumb/v7-m/nofp\libgcc.a
LOAD c:/st/stm32cubeide_1.10.1/stm32cubeide/plugins/com.st.stm32cube.ide.mcu.externaltools.gnu-tools-for-stm32.10.3-2021.10.win32_1.0.200.202301161003/tools/bin/../lib/gcc/arm-none-eabi/10.3.1/../../../../arm-none-eabi/lib/thumb/v7-m/nofp\libc_nano.a
END GROUP
START GROUP
LOAD c:/st/stm32cubeide_1.10.1/stm32cubeide/plugins/com.st.stm32cube.ide.mcu.externaltools.gnu-tools-for-stm32.10.3-2021.10.win32_1.0.200.202301161003/tools/bin/../lib/gcc/arm-none-eabi/10.3.1/thumb/v7-m/nofp\libgcc.a
LOAD c:/st/stm32cubeide_1.10.1/stm32cubeide/plugins/com.st.stm32cube.ide.mcu.externaltools.gnu-tools-for-stm32.10.3-2021.10.win32_1.0.200.202301161003/tools/bin/../lib/gcc/arm-none-eabi/10.3.1/../../../../arm-none-eabi/lib/thumb/v7-m/nofp\libc_nano.a
LOAD c:/st/stm32cubeide_1.10.1/stm32cubeide/plugins/com.st.stm32cube.ide.mcu.externaltools.gnu-tools-for-stm32.10.3-2021.10.win32_1.0.200.202301161003/tools/bin/../lib/gcc/arm-none-eabi/10.3.1/../../../../arm-none-eabi/lib/thumb/v7-m/nofp\libnosys.a
END GROUP
START GROUP
LOAD c:/st/stm32cubeide_1.10.1/stm32cubeide/plugins/com.st.stm32cube.ide.mcu.externaltools.gnu-tools-for-stm32.10.3-2021.10.win32_1.0.200.202301161003/tools/bin/../lib/gcc/arm-none-eabi/10.3.1/thumb/v7-m/nofp\libgcc.a
LOAD c:/st/stm32cubeide_1.10.1/stm32cubeide/plugins/com.st.stm32cube.ide.mcu.externaltools.gnu-tools-for-stm32.10.3-2021.10.win32_1.0.200.202301161003/tools/bin/../lib/gcc/arm-none-eabi/10.3.1/../../../../arm-none-eabi/lib/thumb/v7-m/nofp\libc_nano.a
LOAD c:/st/stm32cubeide_1.10.1/stm32cubeide/plugins/com.st.stm32cube.ide.mcu.externaltools.gnu-tools-for-stm32.10.3-2021.10.win32_1.0.200.202301161003/tools/bin/../lib/gcc/arm-none-eabi/10.3.1/../../../../arm-none-eabi/lib/thumb/v7-m/nofp\libnosys.a
END GROUP
LOAD c:/st/stm32cubeide_1.10.1/stm32cubeide/plugins/com.st.stm32cube.ide.mcu.externaltools.gnu-tools-for-stm32.10.3-2021.10.win32_1.0.200.202301161003/tools/bin/../lib/gcc/arm-none-eabi/10.3.1/thumb/v7-m/nofp/crtend.o
LOAD c:/st/stm32cubeide_1.10.1/stm32cubeide/plugins/com.st.stm32cube.ide.mcu.externaltools.gnu-tools-for-stm32.10.3-2021.10.win32_1.0.200.202301161003/tools/bin/../lib/gcc/arm-none-eabi/10.3.1/thumb/v7-m/nofp/crtn.o
                0x0000000020002000                _estack = (ORIGIN (RAM) + LENGTH (RAM))
                0x0000000000000200                _Min_Heap_Size = 0x200
                0x0000000000000400                _Min_Stack_Size = 0x400

.isr_vector     0x0000000008000000      0x1d0
                0x0000000008000000                . = ALIGN (0x4)
 *(.isr_vector)
 .isr_vector    0x0000000008000000      0x1d0 ./Core/Startup/startup_stm32f100c8tx.o
                0x0000000008000000                g_pfnVectors
                0x00000000080001d0                . = ALIGN (0x4)

.text           0x00000000080001d0     0x83c0
                0x00000000080001d0                . = ALIGN (0x4)
 *(.text)
 .text          0x00000000080001d0       0x40 c:/st/stm32cubeide_1.10.1/stm32cubeide/plugins/com.st.stm32cube.ide.mcu.externaltools.gnu-tools-for-stm32.10.3-2021.10.win32_1.0.200.202301161003/tools/bin/../lib/gcc/arm-none-eabi/10.3.1/thumb/v7-m/nofp/crtbegin.o
 .text          0x0000000008000210       0x10 c:/st/stm32cubeide_1.10.1/stm32cubeide/plugins/com.st.stm32cube.ide.mcu.externaltools.gnu-tools-for-stm32.10.3-2021.10.win32_1.0.200.202301161003/tools/bin/../lib/gcc/arm-none-eabi/10.3.1/../../../../arm-none-eabi/lib/thumb/v7-m/nofp\libc_nano.a(lib_a-strlen.o)
                0x0000000008000210                strlen
 .text          0x0000000008000220      0x378 c:/st/stm32cubeide_1.10.1/stm32cubeide/plugins/com.st.stm32cube.ide.mcu.externaltools.gnu-tools-for-stm32.10.3-2021.10.win32_1.0.200.202301161003/tools/bin/../lib/gcc/arm-none-eabi/10.3.1/thumb/v7-m/nofp\libgcc.a(_arm_addsubdf3.o)
                0x0000000008000220                __aeabi_drsub
                0x0000000008000228                __aeabi_dsub
                0x0000000008000228                __subdf3
                0x000000000800022c                __aeabi_dadd
                0x000000000800022c                __adddf3
                0x00000000080004a4                __floatunsidf
                0x00000000080004a4                __aeabi_ui2d
                0x00000000080004c4                __floatsidf
                0x00000000080004c4                __aeabi_i2d
                0x00000000080004e8                __aeabi_f2d
                0x00000000080004e8                __extendsfdf2
                0x000000000800052c                __floatundidf
                0x000000000800052c                __aeabi_ul2d
                0x000000000800053c                __floatdidf
                0x000000000800053c                __aeabi_l2d
 .text          0x0000000008000598      0x424 c:/st/stm32cubeide_1.10.1/stm32cubeide/plugins/com.st.stm32cube.ide.mcu.externaltools.gnu-tools-for-stm32.10.3-2021.10.win32_1.0.200.202301161003/tools/bin/../lib/gcc/arm-none-eabi/10.3.1/thumb/v7-m/nofp\libgcc.a(_arm_muldivdf3.o)
                0x0000000008000598                __aeabi_dmul
                0x0000000008000598                __muldf3
                0x00000000080007ec                __divdf3
                0x00000000080007ec                __aeabi_ddiv
 .text          0x00000000080009bc       0xa0 c:/st/stm32cubeide_1.10.1/stm32cubeide/plugins/com.st.stm32cube.ide.mcu.externaltools.gnu-tools-for-stm32.10.3-2021.10.win32_1.0.200.202301161003/tools/bin/../lib/gcc/arm-none-eabi/10.3.1/thumb/v7-m/nofp\libgcc.a(_arm_truncdfsf2.o)
                0x00000000080009bc                __truncdfsf2
                0x00000000080009bc                __aeabi_d2f
 .text          0x0000000008000a5c      0x21c c:/st/stm32cubeide_1.10.1/stm32cubeide/plugins/com.st.stm32cube.ide.mcu.externaltools.gnu-tools-for-stm32.10.3-2021.10.win32_1.0.200.202301161003/tools/bin/../lib/gcc/arm-none-eabi/10.3.1/thumb/v7-m/nofp\libgcc.a(_arm_addsubsf3.o)
                0x0000000008000a5c                __aeabi_frsub
                0x0000000008000a64                __subsf3
                0x0000000008000a64                __aeabi_fsub
                0x0000000008000a68                __aeabi_fadd
                0x0000000008000a68                __addsf3
                0x0000000008000bc8                __aeabi_ui2f
                0x0000000008000bc8                __floatunsisf
                0x0000000008000bd0                __aeabi_i2f
                0x0000000008000bd0                __floatsisf
                0x0000000008000bec                __aeabi_ul2f
                0x0000000008000bec                __floatundisf
                0x0000000008000bfc                __aeabi_l2f
                0x0000000008000bfc                __floatdisf
 .text          0x0000000008000c78      0x2a0 c:/st/stm32cubeide_1.10.1/stm32cubeide/plugins/com.st.stm32cube.ide.mcu.externaltools.gnu-tools-for-stm32.10.3-2021.10.win32_1.0.200.202301161003/tools/bin/../lib/gcc/arm-none-eabi/10.3.1/thumb/v7-m/nofp\libgcc.a(_arm_muldivsf3.o)
                0x0000000008000c78                __mulsf3
                0x0000000008000c78                __aeabi_fmul
                0x0000000008000de0                __aeabi_fdiv
                0x0000000008000de0                __divsf3
 .text          0x0000000008000f18       0xec c:/st/stm32cubeide_1.10.1/stm32cubeide/plugins/com.st.stm32cube.ide.mcu.externaltools.gnu-tools-for-stm32.10.3-2021.10.win32_1.0.200.202301161003/tools/bin/../lib/gcc/arm-none-eabi/10.3.1/thumb/v7-m/nofp\libgcc.a(_arm_cmpsf2.o)
                0x0000000008000f18                __gesf2
                0x0000000008000f18                __gtsf2
                0x0000000008000f20                __lesf2
                0x0000000008000f20                __ltsf2
                0x0000000008000f28                __nesf2
                0x0000000008000f28                __eqsf2
                0x0000000008000f28                __cmpsf2
                0x0000000008000f88                __aeabi_cfrcmple
                0x0000000008000f90                __aeabi_cfcmpeq
                0x0000000008000f90                __aeabi_cfcmple
                0x0000000008000fa0                __aeabi_fcmpeq
                0x0000000008000fb4                __aeabi_fcmplt
                0x0000000008000fc8                __aeabi_fcmple
                0x0000000008000fdc                __aeabi_fcmpge
                0x0000000008000ff0                __aeabi_fcmpgt
 .text          0x0000000008001004       0x40 c:/st/stm32cubeide_1.10.1/stm32cubeide/plugins/com.st.stm32cube.ide.mcu.externaltools.gnu-tools-for-stm32.10.3-2021.10.win32_1.0.200.202301161003/tools/bin/../lib/gcc/arm-none-eabi/10.3.1/thumb/v7-m/nofp\libgcc.a(_arm_fixunssfsi.o)
                0x0000000008001004                __fixunssfsi
                0x0000000008001004                __aeabi_f2uiz
 *(.text*)
 .text.busyWait
                0x0000000008001044       0x28 ./Core/Src/RPM411.o
                0x0000000008001044                busyWait
 .text.RPM411Init
                0x000000000800106c      0x150 ./Core/Src/RPM411.o
                0x000000000800106c                RPM411Init
 .text.RPM411ReadPressure
                0x00000000080011bc      0x164 ./Core/Src/RPM411.o
                0x00000000080011bc                RPM411ReadPressure
 .text.processBattery
                0x0000000008001320      0x168 ./Core/Src/batt.o
                0x0000000008001320                processBattery
 .text.copy_poly
                0x0000000008001488       0x3e ./Core/Src/berlekamp.o
                0x0000000008001488                copy_poly
 .text.zero_poly
                0x00000000080014c6       0x34 ./Core/Src/berlekamp.o
                0x00000000080014c6                zero_poly
 .text.mult_polys
                0x00000000080014fa      0x180 ./Core/Src/berlekamp.o
                0x00000000080014fa                mult_polys
 *fill*         0x000000000800167a        0x2 
 .text.processCallSign
                0x000000000800167c       0xf8 ./Core/Src/callSign.o
                0x000000000800167c                processCallSign
 .text.resetCam
                0x0000000008001774       0xac ./Core/Src/cam.o
                0x0000000008001774                resetCam
 .text.stopTakingPicture
                0x0000000008001820       0xcc ./Core/Src/cam.o
                0x0000000008001820                stopTakingPicture
 .text.setPhotoSize
                0x00000000080018ec       0xc0 ./Core/Src/cam.o
                0x00000000080018ec                setPhotoSize
 .text.setCompression
                0x00000000080019ac       0xc0 ./Core/Src/cam.o
                0x00000000080019ac                setCompression
 .text.getLenOfPhoto
                0x0000000008001a6c      0x148 ./Core/Src/cam.o
                0x0000000008001a6c                getLenOfPhoto
 .text.takePhoto
                0x0000000008001bb4       0xc4 ./Core/Src/cam.o
                0x0000000008001bb4                takePhoto
 .text.readData
                0x0000000008001c78      0x174 ./Core/Src/cam.o
                0x0000000008001c78                readData
 .text.processCAM
                0x0000000008001dec      0x334 ./Core/Src/cam.o
                0x0000000008001dec                processCAM
 .text.crc_16   0x0000000008002120       0x70 ./Core/Src/crc16.o
                0x0000000008002120                crc_16
 .text.init_crc16_tab
                0x0000000008002190       0x84 ./Core/Src/crc16.o
 .text.space    0x0000000008002214       0x18 ./Core/Src/cw.o
                0x0000000008002214                space
 .text.characterSpace
                0x000000000800222c       0x1c ./Core/Src/cw.o
                0x000000000800222c                characterSpace
 .text.dit      0x0000000008002248       0x34 ./Core/Src/cw.o
                0x0000000008002248                dit
 .text.dah      0x000000000800227c       0x34 ./Core/Src/cw.o
                0x000000000800227c                dah
 .text.sendCharacter
                0x00000000080022b0      0x370 ./Core/Src/cw.o
                0x00000000080022b0                sendCharacter
 .text.sendCallCW
                0x0000000008002620       0x3e ./Core/Src/cw.o
                0x0000000008002620                sendCallCW
 .text.rscode_init
                0x000000000800265e       0x22 ./Core/Src/ecc.o
                0x000000000800265e                rscode_init
 .text.rscode_encode
                0x0000000008002680       0x22 ./Core/Src/ecc.o
                0x0000000008002680                rscode_encode
 *fill*         0x00000000080026a2        0x6 
 .text.processExternalTemp
                0x00000000080026a8       0xf4 ./Core/Src/externalTemp.o
                0x00000000080026a8                processExternalTemp
 .text.gexp     0x000000000800279c       0xb6 ./Core/Src/galois.o
                0x000000000800279c                gexp
 .text.gmult    0x0000000008002852       0xdc ./Core/Src/galois.o
                0x0000000008002852                gmult
 *fill*         0x000000000800292e        0x2 
 .text.processGPS
                0x0000000008002930      0x478 ./Core/Src/gps.o
                0x0000000008002930                processGPS
 .text.processHumidity
                0x0000000008002da8       0xbc ./Core/Src/humidity.o
                0x0000000008002da8                processHumidity
 .text.processInfo
                0x0000000008002e64       0xb0 ./Core/Src/info.o
                0x0000000008002e64                processInfo
 .text.processInternalTemp
                0x0000000008002f14       0xd4 ./Core/Src/internalTemp.o
                0x0000000008002f14                processInternalTemp
 .text.HAL_TIM_IC_CaptureCallback
                0x0000000008002fe8       0x20 ./Core/Src/main.o
                0x0000000008002fe8                HAL_TIM_IC_CaptureCallback
 .text.main     0x0000000008003008      0x45c ./Core/Src/main.o
                0x0000000008003008                main
 .text.SystemClock_Config
                0x0000000008003464       0xa8 ./Core/Src/main.o
                0x0000000008003464                SystemClock_Config
 .text.MX_ADC1_Init
                0x000000000800350c       0x7c ./Core/Src/main.o
 .text.MX_SPI2_Init
                0x0000000008003588       0x6c ./Core/Src/main.o
 .text.MX_TIM2_Init
                0x00000000080035f4       0xf0 ./Core/Src/main.o
 .text.MX_TIM7_Init
                0x00000000080036e4       0x7c ./Core/Src/main.o
 .text.MX_USART1_UART_Init
                0x0000000008003760       0x54 ./Core/Src/main.o
 .text.MX_USART3_UART_Init
                0x00000000080037b4       0x54 ./Core/Src/main.o
 .text.MX_GPIO_Init
                0x0000000008003808      0x138 ./Core/Src/main.o
 .text.HAL_TIM_PeriodElapsedCallback
                0x0000000008003940      0x1f0 ./Core/Src/main.o
                0x0000000008003940                HAL_TIM_PeriodElapsedCallback
 .text.Error_Handler
                0x0000000008003b30        0xa ./Core/Src/main.o
                0x0000000008003b30                Error_Handler
 .text.processPressure
                0x0000000008003b3a       0xba ./Core/Src/pressure.o
                0x0000000008003b3a                processPressure
 .text.setupRadio
                0x0000000008003bf4       0xf4 ./Core/Src/radio.o
                0x0000000008003bf4                setupRadio
 .text.clearRadio
                0x0000000008003ce8       0x1c ./Core/Src/radio.o
                0x0000000008003ce8                clearRadio
 .text.setRadio
                0x0000000008003d04       0x1c ./Core/Src/radio.o
                0x0000000008003d04                setRadio
 .text.setCW    0x0000000008003d20       0x1c ./Core/Src/radio.o
                0x0000000008003d20                setCW
 .text.setGFSK  0x0000000008003d3c       0x1c ./Core/Src/radio.o
                0x0000000008003d3c                setGFSK
 .text.setPreamble
                0x0000000008003d58       0x1c ./Core/Src/radio.o
                0x0000000008003d58                setPreamble
 .text.radio_read_register
                0x0000000008003d74       0x80 ./Core/Src/radio.o
                0x0000000008003d74                radio_read_register
 .text.radio_write_register
                0x0000000008003df4       0x98 ./Core/Src/radio.o
                0x0000000008003df4                radio_write_register
 .text.radio_write_register_burst
                0x0000000008003e8c       0xc4 ./Core/Src/radio.o
                0x0000000008003e8c                radio_write_register_burst
 .text.radio_set_tx_frequency
                0x0000000008003f50      0x18c ./Core/Src/radio.o
                0x0000000008003f50                radio_set_tx_frequency
 .text.radioTxData
                0x00000000080040dc       0xbc ./Core/Src/radio.o
                0x00000000080040dc                radioTxData
 .text.initialize_ecc
                0x0000000008004198       0x1c ./Core/Src/rs.o
                0x0000000008004198                initialize_ecc
 .text.zero_fill_from
                0x00000000080041b4       0x36 ./Core/Src/rs.o
                0x00000000080041b4                zero_fill_from
 .text.build_codeword
                0x00000000080041ea       0x6e ./Core/Src/rs.o
                0x00000000080041ea                build_codeword
 .text.compute_genpoly
                0x0000000008004258       0xf0 ./Core/Src/rs.o
 .text.encode_data
                0x0000000008004348       0xe4 ./Core/Src/rs.o
                0x0000000008004348                encode_data
 .text.HAL_MspInit
                0x000000000800442c       0x64 ./Core/Src/stm32f1xx_hal_msp.o
                0x000000000800442c                HAL_MspInit
 .text.HAL_ADC_MspInit
                0x0000000008004490       0x78 ./Core/Src/stm32f1xx_hal_msp.o
                0x0000000008004490                HAL_ADC_MspInit
 .text.HAL_SPI_MspInit
                0x0000000008004508       0x98 ./Core/Src/stm32f1xx_hal_msp.o
                0x0000000008004508                HAL_SPI_MspInit
 .text.HAL_TIM_Base_MspInit
                0x00000000080045a0       0xc0 ./Core/Src/stm32f1xx_hal_msp.o
                0x00000000080045a0                HAL_TIM_Base_MspInit
 .text.HAL_UART_MspInit
                0x0000000008004660      0x110 ./Core/Src/stm32f1xx_hal_msp.o
                0x0000000008004660                HAL_UART_MspInit
 .text.HAL_InitTick
                0x0000000008004770       0xfc ./Core/Src/stm32f1xx_hal_timebase_tim.o
                0x0000000008004770                HAL_InitTick
 .text.NMI_Handler
                0x000000000800486c        0x6 ./Core/Src/stm32f1xx_it.o
                0x000000000800486c                NMI_Handler
 .text.HardFault_Handler
                0x0000000008004872        0x6 ./Core/Src/stm32f1xx_it.o
                0x0000000008004872                HardFault_Handler
 .text.MemManage_Handler
                0x0000000008004878        0x6 ./Core/Src/stm32f1xx_it.o
                0x0000000008004878                MemManage_Handler
 .text.BusFault_Handler
                0x000000000800487e        0x6 ./Core/Src/stm32f1xx_it.o
                0x000000000800487e                BusFault_Handler
 .text.UsageFault_Handler
                0x0000000008004884        0x6 ./Core/Src/stm32f1xx_it.o
                0x0000000008004884                UsageFault_Handler
 .text.SVC_Handler
                0x000000000800488a        0xc ./Core/Src/stm32f1xx_it.o
                0x000000000800488a                SVC_Handler
 .text.DebugMon_Handler
                0x0000000008004896        0xc ./Core/Src/stm32f1xx_it.o
                0x0000000008004896                DebugMon_Handler
 .text.PendSV_Handler
                0x00000000080048a2        0xc ./Core/Src/stm32f1xx_it.o
                0x00000000080048a2                PendSV_Handler
 .text.SysTick_Handler
                0x00000000080048ae        0xc ./Core/Src/stm32f1xx_it.o
                0x00000000080048ae                SysTick_Handler
 *fill*         0x00000000080048ba        0x2 
 .text.TIM2_IRQHandler
                0x00000000080048bc       0x14 ./Core/Src/stm32f1xx_it.o
                0x00000000080048bc                TIM2_IRQHandler
 .text.TIM6_DAC_IRQHandler
                0x00000000080048d0       0x14 ./Core/Src/stm32f1xx_it.o
                0x00000000080048d0                TIM6_DAC_IRQHandler
 .text.TIM7_IRQHandler
                0x00000000080048e4       0x14 ./Core/Src/stm32f1xx_it.o
                0x00000000080048e4                TIM7_IRQHandler
 .text.SystemInit
                0x00000000080048f8        0xc ./Core/Src/system_stm32f1xx.o
                0x00000000080048f8                SystemInit
 .text.calcChecksum
                0x0000000008004904       0x5e ./Core/Src/ublox.o
                0x0000000008004904                calcChecksum
 .text.setGPS_DynamicModel6
                0x0000000008004962      0x1bc ./Core/Src/ublox.o
                0x0000000008004962                setGPS_DynamicModel6
 *fill*         0x0000000008004b1e        0x2 
 .text.disableNMEA
                0x0000000008004b20       0xa4 ./Core/Src/ublox.o
                0x0000000008004b20                disableNMEA
 .text.Reset_Handler
                0x0000000008004bc4       0x48 ./Core/Startup/startup_stm32f100c8tx.o
                0x0000000008004bc4                Reset_Handler
 .text.Default_Handler
                0x0000000008004c0c        0x2 ./Core/Startup/startup_stm32f100c8tx.o
                0x0000000008004c0c                RTC_Alarm_IRQHandler
                0x0000000008004c0c                EXTI2_IRQHandler
                0x0000000008004c0c                TIM1_CC_IRQHandler
                0x0000000008004c0c                PVD_IRQHandler
                0x0000000008004c0c                EXTI3_IRQHandler
                0x0000000008004c0c                EXTI0_IRQHandler
                0x0000000008004c0c                TIM1_UP_TIM16_IRQHandler
                0x0000000008004c0c                SPI1_IRQHandler
                0x0000000008004c0c                TAMPER_IRQHandler
                0x0000000008004c0c                DMA1_Channel4_IRQHandler
                0x0000000008004c0c                ADC1_IRQHandler
                0x0000000008004c0c                USART3_IRQHandler
                0x0000000008004c0c                RTC_IRQHandler
                0x0000000008004c0c                DMA1_Channel7_IRQHandler
                0x0000000008004c0c                TIM4_IRQHandler
                0x0000000008004c0c                I2C1_EV_IRQHandler
                0x0000000008004c0c                DMA1_Channel6_IRQHandler
                0x0000000008004c0c                TIM3_IRQHandler
                0x0000000008004c0c                RCC_IRQHandler
                0x0000000008004c0c                DMA1_Channel1_IRQHandler
                0x0000000008004c0c                Default_Handler
                0x0000000008004c0c                CEC_IRQHandler
                0x0000000008004c0c                EXTI15_10_IRQHandler
                0x0000000008004c0c                EXTI9_5_IRQHandler
                0x0000000008004c0c                SPI2_IRQHandler
                0x0000000008004c0c                DMA1_Channel5_IRQHandler
                0x0000000008004c0c                EXTI4_IRQHandler
                0x0000000008004c0c                TIM1_TRG_COM_TIM17_IRQHandler
                0x0000000008004c0c                DMA1_Channel3_IRQHandler
                0x0000000008004c0c                WWDG_IRQHandler
                0x0000000008004c0c                EXTI1_IRQHandler
                0x0000000008004c0c                USART2_IRQHandler
                0x0000000008004c0c                DMA1_Channel2_IRQHandler
                0x0000000008004c0c                FLASH_IRQHandler
                0x0000000008004c0c                USART1_IRQHandler
                0x0000000008004c0c                I2C1_ER_IRQHandler
                0x0000000008004c0c                TIM1_BRK_TIM15_IRQHandler
 .text.HAL_Init
                0x0000000008004c0e       0x1a ./Drivers/STM32F1xx_HAL_Driver/Src/stm32f1xx_hal.o
                0x0000000008004c0e                HAL_Init
 .text.HAL_IncTick
                0x0000000008004c28       0x24 ./Drivers/STM32F1xx_HAL_Driver/Src/stm32f1xx_hal.o
                0x0000000008004c28                HAL_IncTick
 .text.HAL_GetTick
                0x0000000008004c4c       0x14 ./Drivers/STM32F1xx_HAL_Driver/Src/stm32f1xx_hal.o
                0x0000000008004c4c                HAL_GetTick
 .text.HAL_Delay
                0x0000000008004c60       0x48 ./Drivers/STM32F1xx_HAL_Driver/Src/stm32f1xx_hal.o
                0x0000000008004c60                HAL_Delay
 .text.HAL_ADC_Init
                0x0000000008004ca8      0x1b0 ./Drivers/STM32F1xx_HAL_Driver/Src/stm32f1xx_hal_adc.o
                0x0000000008004ca8                HAL_ADC_Init
 .text.HAL_ADC_Start
                0x0000000008004e58       0xe8 ./Drivers/STM32F1xx_HAL_Driver/Src/stm32f1xx_hal_adc.o
                0x0000000008004e58                HAL_ADC_Start
 .text.HAL_ADC_Stop
                0x0000000008004f40       0x58 ./Drivers/STM32F1xx_HAL_Driver/Src/stm32f1xx_hal_adc.o
                0x0000000008004f40                HAL_ADC_Stop
 .text.HAL_ADC_PollForConversion
                0x0000000008004f98      0x20c ./Drivers/STM32F1xx_HAL_Driver/Src/stm32f1xx_hal_adc.o
                0x0000000008004f98                HAL_ADC_PollForConversion
 .text.HAL_ADC_GetValue
                0x00000000080051a4       0x18 ./Drivers/STM32F1xx_HAL_Driver/Src/stm32f1xx_hal_adc.o
                0x00000000080051a4                HAL_ADC_GetValue
 .text.HAL_ADC_ConfigChannel
                0x00000000080051bc      0x1f0 ./Drivers/STM32F1xx_HAL_Driver/Src/stm32f1xx_hal_adc.o
                0x00000000080051bc                HAL_ADC_ConfigChannel
 .text.ADC_Enable
                0x00000000080053ac       0xb4 ./Drivers/STM32F1xx_HAL_Driver/Src/stm32f1xx_hal_adc.o
                0x00000000080053ac                ADC_Enable
 .text.ADC_ConversionStop_Disable
                0x0000000008005460       0x82 ./Drivers/STM32F1xx_HAL_Driver/Src/stm32f1xx_hal_adc.o
                0x0000000008005460                ADC_ConversionStop_Disable
 *fill*         0x00000000080054e2        0x2 
 .text.__NVIC_SetPriorityGrouping
                0x00000000080054e4       0x48 ./Drivers/STM32F1xx_HAL_Driver/Src/stm32f1xx_hal_cortex.o
 .text.__NVIC_GetPriorityGrouping
                0x000000000800552c       0x1c ./Drivers/STM32F1xx_HAL_Driver/Src/stm32f1xx_hal_cortex.o
 .text.__NVIC_EnableIRQ
                0x0000000008005548       0x38 ./Drivers/STM32F1xx_HAL_Driver/Src/stm32f1xx_hal_cortex.o
 .text.__NVIC_SetPriority
                0x0000000008005580       0x54 ./Drivers/STM32F1xx_HAL_Driver/Src/stm32f1xx_hal_cortex.o
 .text.NVIC_EncodePriority
                0x00000000080055d4       0x64 ./Drivers/STM32F1xx_HAL_Driver/Src/stm32f1xx_hal_cortex.o
 .text.HAL_NVIC_SetPriorityGrouping
                0x0000000008005638       0x16 ./Drivers/STM32F1xx_HAL_Driver/Src/stm32f1xx_hal_cortex.o
                0x0000000008005638                HAL_NVIC_SetPriorityGrouping
 .text.HAL_NVIC_SetPriority
                0x000000000800564e       0x38 ./Drivers/STM32F1xx_HAL_Driver/Src/stm32f1xx_hal_cortex.o
                0x000000000800564e                HAL_NVIC_SetPriority
 .text.HAL_NVIC_EnableIRQ
                0x0000000008005686       0x1c ./Drivers/STM32F1xx_HAL_Driver/Src/stm32f1xx_hal_cortex.o
                0x0000000008005686                HAL_NVIC_EnableIRQ
 *fill*         0x00000000080056a2        0x2 
 .text.HAL_GPIO_Init
                0x00000000080056a4      0x308 ./Drivers/STM32F1xx_HAL_Driver/Src/stm32f1xx_hal_gpio.o
                0x00000000080056a4                HAL_GPIO_Init
 .text.HAL_GPIO_WritePin
                0x00000000080059ac       0x30 ./Drivers/STM32F1xx_HAL_Driver/Src/stm32f1xx_hal_gpio.o
                0x00000000080059ac                HAL_GPIO_WritePin
 .text.HAL_GPIO_TogglePin
                0x00000000080059dc       0x32 ./Drivers/STM32F1xx_HAL_Driver/Src/stm32f1xx_hal_gpio.o
                0x00000000080059dc                HAL_GPIO_TogglePin
 *fill*         0x0000000008005a0e        0x2 
 .text.HAL_RCC_OscConfig
                0x0000000008005a10      0x504 ./Drivers/STM32F1xx_HAL_Driver/Src/stm32f1xx_hal_rcc.o
                0x0000000008005a10                HAL_RCC_OscConfig
 .text.HAL_RCC_ClockConfig
                0x0000000008005f14      0x170 ./Drivers/STM32F1xx_HAL_Driver/Src/stm32f1xx_hal_rcc.o
                0x0000000008005f14                HAL_RCC_ClockConfig
 .text.HAL_RCC_MCOConfig
                0x0000000008006084       0x70 ./Drivers/STM32F1xx_HAL_Driver/Src/stm32f1xx_hal_rcc.o
                0x0000000008006084                HAL_RCC_MCOConfig
 .text.HAL_RCC_GetSysClockFreq
                0x00000000080060f4       0xa8 ./Drivers/STM32F1xx_HAL_Driver/Src/stm32f1xx_hal_rcc.o
                0x00000000080060f4                HAL_RCC_GetSysClockFreq
 .text.HAL_RCC_GetHCLKFreq
                0x000000000800619c       0x14 ./Drivers/STM32F1xx_HAL_Driver/Src/stm32f1xx_hal_rcc.o
                0x000000000800619c                HAL_RCC_GetHCLKFreq
 .text.HAL_RCC_GetPCLK1Freq
                0x00000000080061b0       0x28 ./Drivers/STM32F1xx_HAL_Driver/Src/stm32f1xx_hal_rcc.o
                0x00000000080061b0                HAL_RCC_GetPCLK1Freq
 .text.HAL_RCC_GetPCLK2Freq
                0x00000000080061d8       0x28 ./Drivers/STM32F1xx_HAL_Driver/Src/stm32f1xx_hal_rcc.o
                0x00000000080061d8                HAL_RCC_GetPCLK2Freq
 .text.HAL_RCC_GetClockConfig
                0x0000000008006200       0x58 ./Drivers/STM32F1xx_HAL_Driver/Src/stm32f1xx_hal_rcc.o
                0x0000000008006200                HAL_RCC_GetClockConfig
 .text.RCC_Delay
                0x0000000008006258       0x3c ./Drivers/STM32F1xx_HAL_Driver/Src/stm32f1xx_hal_rcc.o
 .text.HAL_RCCEx_PeriphCLKConfig
                0x0000000008006294      0x14c ./Drivers/STM32F1xx_HAL_Driver/Src/stm32f1xx_hal_rcc_ex.o
                0x0000000008006294                HAL_RCCEx_PeriphCLKConfig
 .text.HAL_RCCEx_GetPeriphCLKFreq
                0x00000000080063e0       0xb4 ./Drivers/STM32F1xx_HAL_Driver/Src/stm32f1xx_hal_rcc_ex.o
                0x00000000080063e0                HAL_RCCEx_GetPeriphCLKFreq
 .text.HAL_SPI_Init
                0x0000000008006494       0xf8 ./Drivers/STM32F1xx_HAL_Driver/Src/stm32f1xx_hal_spi.o
                0x0000000008006494                HAL_SPI_Init
 .text.HAL_SPI_Transmit
                0x000000000800658c      0x286 ./Drivers/STM32F1xx_HAL_Driver/Src/stm32f1xx_hal_spi.o
                0x000000000800658c                HAL_SPI_Transmit
 .text.HAL_SPI_Receive
                0x0000000008006812      0x230 ./Drivers/STM32F1xx_HAL_Driver/Src/stm32f1xx_hal_spi.o
                0x0000000008006812                HAL_SPI_Receive
 .text.HAL_SPI_TransmitReceive
                0x0000000008006a42      0x360 ./Drivers/STM32F1xx_HAL_Driver/Src/stm32f1xx_hal_spi.o
                0x0000000008006a42                HAL_SPI_TransmitReceive
 *fill*         0x0000000008006da2        0x2 
 .text.SPI_WaitFlagStateUntilTimeout
                0x0000000008006da4      0x110 ./Drivers/STM32F1xx_HAL_Driver/Src/stm32f1xx_hal_spi.o
 .text.SPI_EndRxTransaction
                0x0000000008006eb4       0xa4 ./Drivers/STM32F1xx_HAL_Driver/Src/stm32f1xx_hal_spi.o
 .text.SPI_EndRxTxTransaction
                0x0000000008006f58       0x3c ./Drivers/STM32F1xx_HAL_Driver/Src/stm32f1xx_hal_spi.o
 .text.HAL_TIM_Base_Init
                0x0000000008006f94       0x9e ./Drivers/STM32F1xx_HAL_Driver/Src/stm32f1xx_hal_tim.o
                0x0000000008006f94                HAL_TIM_Base_Init
 *fill*         0x0000000008007032        0x2 
 .text.HAL_TIM_Base_Start_IT
                0x0000000008007034       0xb4 ./Drivers/STM32F1xx_HAL_Driver/Src/stm32f1xx_hal_tim.o
                0x0000000008007034                HAL_TIM_Base_Start_IT
 .text.HAL_TIM_IC_Init
                0x00000000080070e8       0x9e ./Drivers/STM32F1xx_HAL_Driver/Src/stm32f1xx_hal_tim.o
                0x00000000080070e8                HAL_TIM_IC_Init
 .text.HAL_TIM_IC_MspInit
                0x0000000008007186       0x12 ./Drivers/STM32F1xx_HAL_Driver/Src/stm32f1xx_hal_tim.o
                0x0000000008007186                HAL_TIM_IC_MspInit
 .text.HAL_TIM_IC_Start_IT
                0x0000000008007198      0x228 ./Drivers/STM32F1xx_HAL_Driver/Src/stm32f1xx_hal_tim.o
                0x0000000008007198                HAL_TIM_IC_Start_IT
 .text.HAL_TIM_IRQHandler
                0x00000000080073c0      0x210 ./Drivers/STM32F1xx_HAL_Driver/Src/stm32f1xx_hal_tim.o
                0x00000000080073c0                HAL_TIM_IRQHandler
 .text.HAL_TIM_IC_ConfigChannel
                0x00000000080075d0      0x138 ./Drivers/STM32F1xx_HAL_Driver/Src/stm32f1xx_hal_tim.o
                0x00000000080075d0                HAL_TIM_IC_ConfigChannel
 .text.HAL_TIM_ConfigClockSource
                0x0000000008007708      0x18e ./Drivers/STM32F1xx_HAL_Driver/Src/stm32f1xx_hal_tim.o
                0x0000000008007708                HAL_TIM_ConfigClockSource
 .text.HAL_TIM_OC_DelayElapsedCallback
                0x0000000008007896       0x12 ./Drivers/STM32F1xx_HAL_Driver/Src/stm32f1xx_hal_tim.o
                0x0000000008007896                HAL_TIM_OC_DelayElapsedCallback
 .text.HAL_TIM_PWM_PulseFinishedCallback
                0x00000000080078a8       0x12 ./Drivers/STM32F1xx_HAL_Driver/Src/stm32f1xx_hal_tim.o
                0x00000000080078a8                HAL_TIM_PWM_PulseFinishedCallback
 .text.HAL_TIM_TriggerCallback
                0x00000000080078ba       0x12 ./Drivers/STM32F1xx_HAL_Driver/Src/stm32f1xx_hal_tim.o
                0x00000000080078ba                HAL_TIM_TriggerCallback
 .text.TIM_Base_SetConfig
                0x00000000080078cc      0x100 ./Drivers/STM32F1xx_HAL_Driver/Src/stm32f1xx_hal_tim.o
                0x00000000080078cc                TIM_Base_SetConfig
 .text.TIM_TI1_SetConfig
                0x00000000080079cc       0xc0 ./Drivers/STM32F1xx_HAL_Driver/Src/stm32f1xx_hal_tim.o
                0x00000000080079cc                TIM_TI1_SetConfig
 .text.TIM_TI1_ConfigInputStage
                0x0000000008007a8c       0x5c ./Drivers/STM32F1xx_HAL_Driver/Src/stm32f1xx_hal_tim.o
 .text.TIM_TI2_SetConfig
                0x0000000008007ae8       0x78 ./Drivers/STM32F1xx_HAL_Driver/Src/stm32f1xx_hal_tim.o
 .text.TIM_TI2_ConfigInputStage
                0x0000000008007b60       0x5e ./Drivers/STM32F1xx_HAL_Driver/Src/stm32f1xx_hal_tim.o
 .text.TIM_TI3_SetConfig
                0x0000000008007bbe       0x76 ./Drivers/STM32F1xx_HAL_Driver/Src/stm32f1xx_hal_tim.o
 .text.TIM_TI4_SetConfig
                0x0000000008007c34       0x78 ./Drivers/STM32F1xx_HAL_Driver/Src/stm32f1xx_hal_tim.o
 .text.TIM_ITRx_SetConfig
                0x0000000008007cac       0x34 ./Drivers/STM32F1xx_HAL_Driver/Src/stm32f1xx_hal_tim.o
 .text.TIM_ETR_SetConfig
                0x0000000008007ce0       0x3e ./Drivers/STM32F1xx_HAL_Driver/Src/stm32f1xx_hal_tim.o
                0x0000000008007ce0                TIM_ETR_SetConfig
 .text.TIM_CCxChannelCmd
                0x0000000008007d1e       0x48 ./Drivers/STM32F1xx_HAL_Driver/Src/stm32f1xx_hal_tim.o
                0x0000000008007d1e                TIM_CCxChannelCmd
 *fill*         0x0000000008007d66        0x2 
 .text.HAL_TIMEx_MasterConfigSynchronization
                0x0000000008007d68       0xcc ./Drivers/STM32F1xx_HAL_Driver/Src/stm32f1xx_hal_tim_ex.o
                0x0000000008007d68                HAL_TIMEx_MasterConfigSynchronization
 .text.HAL_TIMEx_CommutCallback
                0x0000000008007e34       0x12 ./Drivers/STM32F1xx_HAL_Driver/Src/stm32f1xx_hal_tim_ex.o
                0x0000000008007e34                HAL_TIMEx_CommutCallback
 .text.HAL_TIMEx_BreakCallback
                0x0000000008007e46       0x12 ./Drivers/STM32F1xx_HAL_Driver/Src/stm32f1xx_hal_tim_ex.o
                0x0000000008007e46                HAL_TIMEx_BreakCallback
 .text.HAL_UART_Init
                0x0000000008007e58       0xa0 ./Drivers/STM32F1xx_HAL_Driver/Src/stm32f1xx_hal_uart.o
                0x0000000008007e58                HAL_UART_Init
 .text.HAL_UART_Transmit
                0x0000000008007ef8      0x106 ./Drivers/STM32F1xx_HAL_Driver/Src/stm32f1xx_hal_uart.o
                0x0000000008007ef8                HAL_UART_Transmit
 .text.HAL_UARTEx_ReceiveToIdle
                0x0000000008007ffe      0x1a8 ./Drivers/STM32F1xx_HAL_Driver/Src/stm32f1xx_hal_uart.o
                0x0000000008007ffe                HAL_UARTEx_ReceiveToIdle
 .text.UART_WaitOnFlagUntilTimeout
                0x00000000080081a6       0xdc ./Drivers/STM32F1xx_HAL_Driver/Src/stm32f1xx_hal_uart.o
 *fill*         0x0000000008008282        0x2 
 .text.UART_SetConfig
                0x0000000008008284      0x1c8 ./Drivers/STM32F1xx_HAL_Driver/Src/stm32f1xx_hal_uart.o
 .text.__libc_init_array
                0x000000000800844c       0x48 c:/st/stm32cubeide_1.10.1/stm32cubeide/plugins/com.st.stm32cube.ide.mcu.externaltools.gnu-tools-for-stm32.10.3-2021.10.win32_1.0.200.202301161003/tools/bin/../lib/gcc/arm-none-eabi/10.3.1/../../../../arm-none-eabi/lib/thumb/v7-m/nofp\libc_nano.a(lib_a-init.o)
                0x000000000800844c                __libc_init_array
 .text.memcpy   0x0000000008008494       0x1c c:/st/stm32cubeide_1.10.1/stm32cubeide/plugins/com.st.stm32cube.ide.mcu.externaltools.gnu-tools-for-stm32.10.3-2021.10.win32_1.0.200.202301161003/tools/bin/../lib/gcc/arm-none-eabi/10.3.1/../../../../arm-none-eabi/lib/thumb/v7-m/nofp\libc_nano.a(lib_a-memcpy-stub.o)
                0x0000000008008494                memcpy
 .text.memset   0x00000000080084b0       0x10 c:/st/stm32cubeide_1.10.1/stm32cubeide/plugins/com.st.stm32cube.ide.mcu.externaltools.gnu-tools-for-stm32.10.3-2021.10.win32_1.0.200.202301161003/tools/bin/../lib/gcc/arm-none-eabi/10.3.1/../../../../arm-none-eabi/lib/thumb/v7-m/nofp\libc_nano.a(lib_a-memset.o)
                0x00000000080084b0                memset
 .text.strncmp  0x00000000080084c0       0x28 c:/st/stm32cubeide_1.10.1/stm32cubeide/plugins/com.st.stm32cube.ide.mcu.externaltools.gnu-tools-for-stm32.10.3-2021.10.win32_1.0.200.202301161003/tools/bin/../lib/gcc/arm-none-eabi/10.3.1/../../../../arm-none-eabi/lib/thumb/v7-m/nofp\libc_nano.a(lib_a-strncmp.o)
                0x00000000080084c0                strncmp
 .text.round    0x00000000080084e8       0x90 c:/st/stm32cubeide_1.10.1/stm32cubeide/plugins/com.st.stm32cube.ide.mcu.externaltools.gnu-tools-for-stm32.10.3-2021.10.win32_1.0.200.202301161003/tools/bin/../lib/gcc/arm-none-eabi/10.3.1/../../../../arm-none-eabi/lib/thumb/v7-m/nofp\libm.a(lib_a-s_round.o)
                0x00000000080084e8                round
 *(.glue_7)
 .glue_7        0x0000000008008578        0x0 linker stubs
 *(.glue_7t)
 .glue_7t       0x0000000008008578        0x0 linker stubs
 *(.eh_frame)
 .eh_frame      0x0000000008008578        0x0 c:/st/stm32cubeide_1.10.1/stm32cubeide/plugins/com.st.stm32cube.ide.mcu.externaltools.gnu-tools-for-stm32.10.3-2021.10.win32_1.0.200.202301161003/tools/bin/../lib/gcc/arm-none-eabi/10.3.1/thumb/v7-m/nofp/crtbegin.o
 *(.init)
 .init          0x0000000008008578        0x4 c:/st/stm32cubeide_1.10.1/stm32cubeide/plugins/com.st.stm32cube.ide.mcu.externaltools.gnu-tools-for-stm32.10.3-2021.10.win32_1.0.200.202301161003/tools/bin/../lib/gcc/arm-none-eabi/10.3.1/thumb/v7-m/nofp/crti.o
                0x0000000008008578                _init
 .init          0x000000000800857c        0x8 c:/st/stm32cubeide_1.10.1/stm32cubeide/plugins/com.st.stm32cube.ide.mcu.externaltools.gnu-tools-for-stm32.10.3-2021.10.win32_1.0.200.202301161003/tools/bin/../lib/gcc/arm-none-eabi/10.3.1/thumb/v7-m/nofp/crtn.o
 *(.fini)
 .fini          0x0000000008008584        0x4 c:/st/stm32cubeide_1.10.1/stm32cubeide/plugins/com.st.stm32cube.ide.mcu.externaltools.gnu-tools-for-stm32.10.3-2021.10.win32_1.0.200.202301161003/tools/bin/../lib/gcc/arm-none-eabi/10.3.1/thumb/v7-m/nofp/crti.o
                0x0000000008008584                _fini
 .fini          0x0000000008008588        0x8 c:/st/stm32cubeide_1.10.1/stm32cubeide/plugins/com.st.stm32cube.ide.mcu.externaltools.gnu-tools-for-stm32.10.3-2021.10.win32_1.0.200.202301161003/tools/bin/../lib/gcc/arm-none-eabi/10.3.1/thumb/v7-m/nofp/crtn.o
                0x0000000008008590                . = ALIGN (0x4)
                0x0000000008008590                _etext = .

.vfp11_veneer   0x0000000008008590        0x0
 .vfp11_veneer  0x0000000008008590        0x0 linker stubs

.v4_bx          0x0000000008008590        0x0
 .v4_bx         0x0000000008008590        0x0 linker stubs

.iplt           0x0000000008008590        0x0
 .iplt          0x0000000008008590        0x0 c:/st/stm32cubeide_1.10.1/stm32cubeide/plugins/com.st.stm32cube.ide.mcu.externaltools.gnu-tools-for-stm32.10.3-2021.10.win32_1.0.200.202301161003/tools/bin/../lib/gcc/arm-none-eabi/10.3.1/thumb/v7-m/nofp/crtbegin.o

.rodata         0x0000000008008590      0x310
                0x0000000008008590                . = ALIGN (0x4)
 *(.rodata)
 .rodata        0x0000000008008590      0x259 ./Core/Src/RPM411.o
 *fill*         0x00000000080087e9        0x3 
 .rodata        0x00000000080087ec        0x7 ./Core/Src/callSign.o
 *fill*         0x00000000080087f3        0x1 
 .rodata        0x00000000080087f4       0x4d ./Core/Src/cam.o
 *fill*         0x0000000008008841        0x3 
 .rodata        0x0000000008008844        0x8 ./Core/Src/gps.o
 .rodata        0x000000000800884c       0x14 ./Core/Src/info.o
 .rodata        0x0000000008008860        0x5 ./Core/Src/ublox.o
 *(.rodata*)
 *fill*         0x0000000008008865        0x3 
 .rodata.AHBPrescTable
                0x0000000008008868       0x10 ./Core/Src/system_stm32f1xx.o
                0x0000000008008868                AHBPrescTable
 .rodata.APBPrescTable
                0x0000000008008878        0x8 ./Core/Src/system_stm32f1xx.o
                0x0000000008008878                APBPrescTable
 .rodata.aPLLMULFactorTable.1
                0x0000000008008880       0x10 ./Drivers/STM32F1xx_HAL_Driver/Src/stm32f1xx_hal_rcc.o
 .rodata.aPredivFactorTable.0
                0x0000000008008890       0x10 ./Drivers/STM32F1xx_HAL_Driver/Src/stm32f1xx_hal_rcc.o
                0x00000000080088a0                . = ALIGN (0x4)

.rel.dyn        0x00000000080088a0        0x0
 .rel.iplt      0x00000000080088a0        0x0 c:/st/stm32cubeide_1.10.1/stm32cubeide/plugins/com.st.stm32cube.ide.mcu.externaltools.gnu-tools-for-stm32.10.3-2021.10.win32_1.0.200.202301161003/tools/bin/../lib/gcc/arm-none-eabi/10.3.1/thumb/v7-m/nofp/crtbegin.o

.ARM.extab      0x00000000080088a0        0x0
                0x00000000080088a0                . = ALIGN (0x4)
 *(.ARM.extab* .gnu.linkonce.armextab.*)
                0x00000000080088a0                . = ALIGN (0x4)

.ARM            0x00000000080088a0        0x0
                0x00000000080088a0                . = ALIGN (0x4)
                0x00000000080088a0                __exidx_start = .
 *(.ARM.exidx*)
                0x00000000080088a0                __exidx_end = .
                0x00000000080088a0                . = ALIGN (0x4)

.preinit_array  0x00000000080088a0        0x0
                0x00000000080088a0                . = ALIGN (0x4)
                0x00000000080088a0                PROVIDE (__preinit_array_start = .)
 *(.preinit_array*)
                0x00000000080088a0                PROVIDE (__preinit_array_end = .)
                0x00000000080088a0                . = ALIGN (0x4)

.init_array     0x00000000080088a0        0x4
                0x00000000080088a0                . = ALIGN (0x4)
                0x00000000080088a0                PROVIDE (__init_array_start = .)
 *(SORT_BY_NAME(.init_array.*))
 *(.init_array*)
 .init_array    0x00000000080088a0        0x4 c:/st/stm32cubeide_1.10.1/stm32cubeide/plugins/com.st.stm32cube.ide.mcu.externaltools.gnu-tools-for-stm32.10.3-2021.10.win32_1.0.200.202301161003/tools/bin/../lib/gcc/arm-none-eabi/10.3.1/thumb/v7-m/nofp/crtbegin.o
                0x00000000080088a4                PROVIDE (__init_array_end = .)
                0x00000000080088a4                . = ALIGN (0x4)

.fini_array     0x00000000080088a4        0x4
                0x00000000080088a4                . = ALIGN (0x4)
                [!provide]                        PROVIDE (__fini_array_start = .)
 *(SORT_BY_NAME(.fini_array.*))
 *(.fini_array*)
 .fini_array    0x00000000080088a4        0x4 c:/st/stm32cubeide_1.10.1/stm32cubeide/plugins/com.st.stm32cube.ide.mcu.externaltools.gnu-tools-for-stm32.10.3-2021.10.win32_1.0.200.202301161003/tools/bin/../lib/gcc/arm-none-eabi/10.3.1/thumb/v7-m/nofp/crtbegin.o
                [!provide]                        PROVIDE (__fini_array_end = .)
                0x00000000080088a8                . = ALIGN (0x4)
                0x00000000080088a8                _sidata = LOADADDR (.data)

.data           0x0000000020000000       0x28 load address 0x00000000080088a8
                0x0000000020000000                . = ALIGN (0x4)
                0x0000000020000000                _sdata = .
 *(.data)
 *(.data*)
 .data.headerRsp
                0x0000000020000000        0x5 ./Core/Src/cam.o
                0x0000000020000000                headerRsp
 *fill*         0x0000000020000005        0x3 
 .data.readDataCmd
                0x0000000020000008       0x10 ./Core/Src/cam.o
                0x0000000020000008                readDataCmd
 .data.spaceDelay
                0x0000000020000018        0x4 ./Core/Src/cw.o
                0x0000000020000018                spaceDelay
 .data.SystemCoreClock
                0x000000002000001c        0x4 ./Core/Src/system_stm32f1xx.o
                0x000000002000001c                SystemCoreClock
 .data.uwTickPrio
                0x0000000020000020        0x4 ./Drivers/STM32F1xx_HAL_Driver/Src/stm32f1xx_hal.o
                0x0000000020000020                uwTickPrio
 .data.uwTickFreq
                0x0000000020000024        0x1 ./Drivers/STM32F1xx_HAL_Driver/Src/stm32f1xx_hal.o
                0x0000000020000024                uwTickFreq
 *(.RamFunc)
 *(.RamFunc*)
                0x0000000020000028                . = ALIGN (0x4)
 *fill*         0x0000000020000025        0x3 
                0x0000000020000028                _edata = .

.igot.plt       0x0000000020000028        0x0 load address 0x00000000080088d0
 .igot.plt      0x0000000020000028        0x0 c:/st/stm32cubeide_1.10.1/stm32cubeide/plugins/com.st.stm32cube.ide.mcu.externaltools.gnu-tools-for-stm32.10.3-2021.10.win32_1.0.200.202301161003/tools/bin/../lib/gcc/arm-none-eabi/10.3.1/thumb/v7-m/nofp/crtbegin.o
                0x0000000020000028                . = ALIGN (0x4)

.bss            0x0000000020000028      0x580 load address 0x00000000080088d0
                0x0000000020000028                _sbss = .
                0x0000000020000028                __bss_start__ = _sbss
 *(.bss)
 .bss           0x0000000020000028       0x1c c:/st/stm32cubeide_1.10.1/stm32cubeide/plugins/com.st.stm32cube.ide.mcu.externaltools.gnu-tools-for-stm32.10.3-2021.10.win32_1.0.200.202301161003/tools/bin/../lib/gcc/arm-none-eabi/10.3.1/thumb/v7-m/nofp/crtbegin.o
 *(.bss*)
 .bss.hspi      0x0000000020000044        0x4 ./Core/Src/RPM411.o
 .bss.totReveived
                0x0000000020000048        0x4 ./Core/Src/cam.o
                0x0000000020000048                totReveived
 .bss.HABPacketImageData
                0x000000002000004c       0x40 ./Core/Src/cam.o
                0x000000002000004c                HABPacketImageData
 .bss.HABPacketImageStart
                0x000000002000008c       0x11 ./Core/Src/cam.o
                0x000000002000008c                HABPacketImageStart
 *fill*         0x000000002000009d        0x3 
 .bss.HABPacketImageEnd
                0x00000000200000a0        0xd ./Core/Src/cam.o
                0x00000000200000a0                HABPacketImageEnd
 *fill*         0x00000000200000ad        0x3 
 .bss.header    0x00000000200000b0        0x5 ./Core/Src/cam.o
                0x00000000200000b0                header
 .bss.CAM_State.2
                0x00000000200000b5        0x1 ./Core/Src/cam.o
 .bss.imageSeqnum.1
                0x00000000200000b6        0x2 ./Core/Src/cam.o
 .bss.imageFileID.0
                0x00000000200000b8        0x1 ./Core/Src/cam.o
 .bss.crc_tab16_init
                0x00000000200000b9        0x1 ./Core/Src/crc16.o
 *fill*         0x00000000200000ba        0x2 
 .bss.crc_tab16
                0x00000000200000bc      0x200 ./Core/Src/crc16.o
 .bss.HAL_Status
                0x00000000200002bc        0x1 ./Core/Src/cw.o
                0x00000000200002bc                HAL_Status
 *fill*         0x00000000200002bd        0x3 
 .bss.txBuf     0x00000000200002c0        0x1 ./Core/Src/cw.o
                0x00000000200002c0                txBuf
 *fill*         0x00000000200002c1        0x3 
 .bss.GPGGASentence.5
                0x00000000200002c4       0x50 ./Core/Src/gps.o
 .bss.sendGGA.4
                0x0000000020000314        0x4 ./Core/Src/gps.o
 .bss.GPRMCSentence.3
                0x0000000020000318       0x50 ./Core/Src/gps.o
 .bss.sendRMC.2
                0x0000000020000368        0x4 ./Core/Src/gps.o
 .bss.rmcLen.1  0x000000002000036c        0x2 ./Core/Src/gps.o
 .bss.ggaLen.0  0x000000002000036e        0x2 ./Core/Src/gps.o
 .bss.hadc1     0x0000000020000370       0x30 ./Core/Src/main.o
                0x0000000020000370                hadc1
 .bss.hspi2     0x00000000200003a0       0x58 ./Core/Src/main.o
                0x00000000200003a0                hspi2
 .bss.htim2     0x00000000200003f8       0x48 ./Core/Src/main.o
                0x00000000200003f8                htim2
 .bss.htim7     0x0000000020000440       0x48 ./Core/Src/main.o
                0x0000000020000440                htim7
 .bss.huart1    0x0000000020000488       0x48 ./Core/Src/main.o
                0x0000000020000488                huart1
 .bss.huart3    0x00000000200004d0       0x48 ./Core/Src/main.o
                0x00000000200004d0                huart3
 .bss.oneSecTic
                0x0000000020000518        0x4 ./Core/Src/main.o
                0x0000000020000518                oneSecTic
 .bss.resetSI4032
                0x000000002000051c        0x4 ./Core/Src/main.o
                0x000000002000051c                resetSI4032
 .bss.sendGPSInfo
                0x0000000020000520        0x4 ./Core/Src/main.o
                0x0000000020000520                sendGPSInfo
 .bss.sendInfo  0x0000000020000524        0x4 ./Core/Src/main.o
                0x0000000020000524                sendInfo
 .bss.sendCallSignInfo
                0x0000000020000528        0x4 ./Core/Src/main.o
                0x0000000020000528                sendCallSignInfo
 .bss.sendBattInfo
                0x000000002000052c        0x4 ./Core/Src/main.o
                0x000000002000052c                sendBattInfo
 .bss.sendInternalTemperatureInfo
                0x0000000020000530        0x4 ./Core/Src/main.o
                0x0000000020000530                sendInternalTemperatureInfo
 .bss.sendExternalTemperatureInfo
                0x0000000020000534        0x4 ./Core/Src/main.o
                0x0000000020000534                sendExternalTemperatureInfo
 .bss.sendHumidityInfo
                0x0000000020000538        0x4 ./Core/Src/main.o
                0x0000000020000538                sendHumidityInfo
 .bss.sendPressureInfo
                0x000000002000053c        0x4 ./Core/Src/main.o
                0x000000002000053c                sendPressureInfo
 .bss.tempClockEnabled
                0x0000000020000540        0x4 ./Core/Src/main.o
                0x0000000020000540                tempClockEnabled
 .bss.tempClockStable
                0x0000000020000544        0x4 ./Core/Src/main.o
                0x0000000020000544                tempClockStable
 .bss.humClockEnabled
                0x0000000020000548        0x4 ./Core/Src/main.o
                0x0000000020000548                humClockEnabled
 .bss.humClockStable
                0x000000002000054c        0x4 ./Core/Src/main.o
                0x000000002000054c                humClockStable
 .bss.pulseCount
                0x0000000020000550        0x4 ./Core/Src/main.o
                0x0000000020000550                pulseCount
 .bss.frequency
                0x0000000020000554        0x4 ./Core/Src/main.o
                0x0000000020000554                frequency
 .bss.hspi      0x0000000020000558        0x4 ./Core/Src/radio.o
 .bss.htim6     0x000000002000055c       0x48 ./Core/Src/stm32f1xx_hal_timebase_tim.o
                0x000000002000055c                htim6
 .bss.uwTick    0x00000000200005a4        0x4 ./Drivers/STM32F1xx_HAL_Driver/Src/stm32f1xx_hal.o
                0x00000000200005a4                uwTick
 *(COMMON)
                0x00000000200005a8                . = ALIGN (0x4)
                0x00000000200005a8                _ebss = .
                0x00000000200005a8                __bss_end__ = _ebss

._user_heap_stack
                0x00000000200005a8      0x600 load address 0x00000000080088d0
                0x00000000200005a8                . = ALIGN (0x8)
                [!provide]                        PROVIDE (end = .)
                0x00000000200005a8                PROVIDE (_end = .)
                0x00000000200007a8                . = (. + _Min_Heap_Size)
 *fill*         0x00000000200005a8      0x200 
                0x0000000020000ba8                . = (. + _Min_Stack_Size)
 *fill*         0x00000000200007a8      0x400 
                0x0000000020000ba8                . = ALIGN (0x8)

/DISCARD/
 libc.a(*)
 libm.a(*)
 libgcc.a(*)

.ARM.attributes
                0x0000000000000000       0x29
 *(.ARM.attributes)
 .ARM.attributes
                0x0000000000000000       0x1d c:/st/stm32cubeide_1.10.1/stm32cubeide/plugins/com.st.stm32cube.ide.mcu.externaltools.gnu-tools-for-stm32.10.3-2021.10.win32_1.0.200.202301161003/tools/bin/../lib/gcc/arm-none-eabi/10.3.1/thumb/v7-m/nofp/crti.o
 .ARM.attributes
                0x000000000000001d       0x2d c:/st/stm32cubeide_1.10.1/stm32cubeide/plugins/com.st.stm32cube.ide.mcu.externaltools.gnu-tools-for-stm32.10.3-2021.10.win32_1.0.200.202301161003/tools/bin/../lib/gcc/arm-none-eabi/10.3.1/thumb/v7-m/nofp/crtbegin.o
 .ARM.attributes
                0x000000000000004a       0x2d ./Core/Src/RPM411.o
 .ARM.attributes
                0x0000000000000077       0x2d ./Core/Src/batt.o
 .ARM.attributes
                0x00000000000000a4       0x2d ./Core/Src/berlekamp.o
 .ARM.attributes
                0x00000000000000d1       0x2d ./Core/Src/callSign.o
 .ARM.attributes
                0x00000000000000fe       0x2d ./Core/Src/cam.o
 .ARM.attributes
                0x000000000000012b       0x2d ./Core/Src/crc16.o
 .ARM.attributes
                0x0000000000000158       0x2d ./Core/Src/cw.o
 .ARM.attributes
                0x0000000000000185       0x2d ./Core/Src/ecc.o
 .ARM.attributes
                0x00000000000001b2       0x2d ./Core/Src/externalTemp.o
 .ARM.attributes
                0x00000000000001df       0x2d ./Core/Src/galois.o
 .ARM.attributes
                0x000000000000020c       0x2d ./Core/Src/gps.o
 .ARM.attributes
                0x0000000000000239       0x2d ./Core/Src/humidity.o
 .ARM.attributes
                0x0000000000000266       0x2d ./Core/Src/info.o
 .ARM.attributes
                0x0000000000000293       0x2d ./Core/Src/internalTemp.o
 .ARM.attributes
                0x00000000000002c0       0x2d ./Core/Src/main.o
 .ARM.attributes
                0x00000000000002ed       0x2d ./Core/Src/pressure.o
 .ARM.attributes
                0x000000000000031a       0x2d ./Core/Src/radio.o
 .ARM.attributes
                0x0000000000000347       0x2d ./Core/Src/rs.o
 .ARM.attributes
                0x0000000000000374       0x2d ./Core/Src/stm32f1xx_hal_msp.o
 .ARM.attributes
                0x00000000000003a1       0x2d ./Core/Src/stm32f1xx_hal_timebase_tim.o
 .ARM.attributes
                0x00000000000003ce       0x2d ./Core/Src/stm32f1xx_it.o
 .ARM.attributes
                0x00000000000003fb       0x2d ./Core/Src/system_stm32f1xx.o
 .ARM.attributes
                0x0000000000000428       0x2d ./Core/Src/ublox.o
 .ARM.attributes
                0x0000000000000455       0x21 ./Core/Startup/startup_stm32f100c8tx.o
 .ARM.attributes
                0x0000000000000476       0x2d ./Drivers/STM32F1xx_HAL_Driver/Src/stm32f1xx_hal.o
 .ARM.attributes
                0x00000000000004a3       0x2d ./Drivers/STM32F1xx_HAL_Driver/Src/stm32f1xx_hal_adc.o
 .ARM.attributes
                0x00000000000004d0       0x2d ./Drivers/STM32F1xx_HAL_Driver/Src/stm32f1xx_hal_cortex.o
 .ARM.attributes
                0x00000000000004fd       0x2d ./Drivers/STM32F1xx_HAL_Driver/Src/stm32f1xx_hal_gpio.o
 .ARM.attributes
                0x000000000000052a       0x2d ./Drivers/STM32F1xx_HAL_Driver/Src/stm32f1xx_hal_rcc.o
 .ARM.attributes
                0x0000000000000557       0x2d ./Drivers/STM32F1xx_HAL_Driver/Src/stm32f1xx_hal_rcc_ex.o
 .ARM.attributes
                0x0000000000000584       0x2d ./Drivers/STM32F1xx_HAL_Driver/Src/stm32f1xx_hal_spi.o
 .ARM.attributes
                0x00000000000005b1       0x2d ./Drivers/STM32F1xx_HAL_Driver/Src/stm32f1xx_hal_tim.o
 .ARM.attributes
                0x00000000000005de       0x2d ./Drivers/STM32F1xx_HAL_Driver/Src/stm32f1xx_hal_tim_ex.o
 .ARM.attributes
                0x000000000000060b       0x2d ./Drivers/STM32F1xx_HAL_Driver/Src/stm32f1xx_hal_uart.o
 .ARM.attributes
                0x0000000000000638       0x2d c:/st/stm32cubeide_1.10.1/stm32cubeide/plugins/com.st.stm32cube.ide.mcu.externaltools.gnu-tools-for-stm32.10.3-2021.10.win32_1.0.200.202301161003/tools/bin/../lib/gcc/arm-none-eabi/10.3.1/../../../../arm-none-eabi/lib/thumb/v7-m/nofp\libc_nano.a(lib_a-init.o)
 .ARM.attributes
                0x0000000000000665       0x2d c:/st/stm32cubeide_1.10.1/stm32cubeide/plugins/com.st.stm32cube.ide.mcu.externaltools.gnu-tools-for-stm32.10.3-2021.10.win32_1.0.200.202301161003/tools/bin/../lib/gcc/arm-none-eabi/10.3.1/../../../../arm-none-eabi/lib/thumb/v7-m/nofp\libc_nano.a(lib_a-memcpy-stub.o)
 .ARM.attributes
                0x0000000000000692       0x2d c:/st/stm32cubeide_1.10.1/stm32cubeide/plugins/com.st.stm32cube.ide.mcu.externaltools.gnu-tools-for-stm32.10.3-2021.10.win32_1.0.200.202301161003/tools/bin/../lib/gcc/arm-none-eabi/10.3.1/../../../../arm-none-eabi/lib/thumb/v7-m/nofp\libc_nano.a(lib_a-memset.o)
 .ARM.attributes
                0x00000000000006bf       0x17 c:/st/stm32cubeide_1.10.1/stm32cubeide/plugins/com.st.stm32cube.ide.mcu.externaltools.gnu-tools-for-stm32.10.3-2021.10.win32_1.0.200.202301161003/tools/bin/../lib/gcc/arm-none-eabi/10.3.1/../../../../arm-none-eabi/lib/thumb/v7-m/nofp\libc_nano.a(lib_a-strlen.o)
 .ARM.attributes
                0x00000000000006d6       0x2d c:/st/stm32cubeide_1.10.1/stm32cubeide/plugins/com.st.stm32cube.ide.mcu.externaltools.gnu-tools-for-stm32.10.3-2021.10.win32_1.0.200.202301161003/tools/bin/../lib/gcc/arm-none-eabi/10.3.1/../../../../arm-none-eabi/lib/thumb/v7-m/nofp\libc_nano.a(lib_a-strncmp.o)
 .ARM.attributes
                0x0000000000000703       0x2d c:/st/stm32cubeide_1.10.1/stm32cubeide/plugins/com.st.stm32cube.ide.mcu.externaltools.gnu-tools-for-stm32.10.3-2021.10.win32_1.0.200.202301161003/tools/bin/../lib/gcc/arm-none-eabi/10.3.1/../../../../arm-none-eabi/lib/thumb/v7-m/nofp\libm.a(lib_a-s_round.o)
 .ARM.attributes
                0x0000000000000730       0x1d c:/st/stm32cubeide_1.10.1/stm32cubeide/plugins/com.st.stm32cube.ide.mcu.externaltools.gnu-tools-for-stm32.10.3-2021.10.win32_1.0.200.202301161003/tools/bin/../lib/gcc/arm-none-eabi/10.3.1/thumb/v7-m/nofp\libgcc.a(_arm_addsubdf3.o)
 .ARM.attributes
                0x000000000000074d       0x1d c:/st/stm32cubeide_1.10.1/stm32cubeide/plugins/com.st.stm32cube.ide.mcu.externaltools.gnu-tools-for-stm32.10.3-2021.10.win32_1.0.200.202301161003/tools/bin/../lib/gcc/arm-none-eabi/10.3.1/thumb/v7-m/nofp\libgcc.a(_arm_muldivdf3.o)
 .ARM.attributes
                0x000000000000076a       0x1d c:/st/stm32cubeide_1.10.1/stm32cubeide/plugins/com.st.stm32cube.ide.mcu.externaltools.gnu-tools-for-stm32.10.3-2021.10.win32_1.0.200.202301161003/tools/bin/../lib/gcc/arm-none-eabi/10.3.1/thumb/v7-m/nofp\libgcc.a(_arm_truncdfsf2.o)
 .ARM.attributes
                0x0000000000000787       0x1d c:/st/stm32cubeide_1.10.1/stm32cubeide/plugins/com.st.stm32cube.ide.mcu.externaltools.gnu-tools-for-stm32.10.3-2021.10.win32_1.0.200.202301161003/tools/bin/../lib/gcc/arm-none-eabi/10.3.1/thumb/v7-m/nofp\libgcc.a(_arm_addsubsf3.o)
 .ARM.attributes
                0x00000000000007a4       0x1d c:/st/stm32cubeide_1.10.1/stm32cubeide/plugins/com.st.stm32cube.ide.mcu.externaltools.gnu-tools-for-stm32.10.3-2021.10.win32_1.0.200.202301161003/tools/bin/../lib/gcc/arm-none-eabi/10.3.1/thumb/v7-m/nofp\libgcc.a(_arm_muldivsf3.o)
 .ARM.attributes
                0x00000000000007c1       0x1d c:/st/stm32cubeide_1.10.1/stm32cubeide/plugins/com.st.stm32cube.ide.mcu.externaltools.gnu-tools-for-stm32.10.3-2021.10.win32_1.0.200.202301161003/tools/bin/../lib/gcc/arm-none-eabi/10.3.1/thumb/v7-m/nofp\libgcc.a(_arm_cmpsf2.o)
 .ARM.attributes
                0x00000000000007de       0x1d c:/st/stm32cubeide_1.10.1/stm32cubeide/plugins/com.st.stm32cube.ide.mcu.externaltools.gnu-tools-for-stm32.10.3-2021.10.win32_1.0.200.202301161003/tools/bin/../lib/gcc/arm-none-eabi/10.3.1/thumb/v7-m/nofp\libgcc.a(_arm_fixunssfsi.o)
 .ARM.attributes
                0x00000000000007fb       0x1d c:/st/stm32cubeide_1.10.1/stm32cubeide/plugins/com.st.stm32cube.ide.mcu.externaltools.gnu-tools-for-stm32.10.3-2021.10.win32_1.0.200.202301161003/tools/bin/../lib/gcc/arm-none-eabi/10.3.1/thumb/v7-m/nofp/crtn.o
OUTPUT(RS41Cam.elf elf32-littlearm)
LOAD linker stubs
LOAD c:/st/stm32cubeide_1.10.1/stm32cubeide/plugins/com.st.stm32cube.ide.mcu.externaltools.gnu-tools-for-stm32.10.3-2021.10.win32_1.0.200.202301161003/tools/bin/../lib/gcc/arm-none-eabi/10.3.1/../../../../arm-none-eabi/lib/thumb/v7-m/nofp\libc.a
LOAD c:/st/stm32cubeide_1.10.1/stm32cubeide/plugins/com.st.stm32cube.ide.mcu.externaltools.gnu-tools-for-stm32.10.3-2021.10.win32_1.0.200.202301161003/tools/bin/../lib/gcc/arm-none-eabi/10.3.1/../../../../arm-none-eabi/lib/thumb/v7-m/nofp\libm.a
LOAD c:/st/stm32cubeide_1.10.1/stm32cubeide/plugins/com.st.stm32cube.ide.mcu.externaltools.gnu-tools-for-stm32.10.3-2021.10.win32_1.0.200.202301161003/tools/bin/../lib/gcc/arm-none-eabi/10.3.1/thumb/v7-m/nofp\libgcc.a

.debug_info     0x0000000000000000    0x16e27
 .debug_info    0x0000000000000000      0x907 ./Core/Src/RPM411.o
 .debug_info    0x0000000000000907      0x843 ./Core/Src/batt.o
 .debug_info    0x000000000000114a      0xdcc ./Core/Src/berlekamp.o
 .debug_info    0x0000000000001f16      0x3d1 ./Core/Src/callSign.o
 .debug_info    0x00000000000022e7     0x10d0 ./Core/Src/cam.o
 .debug_info    0x00000000000033b7      0x19f ./Core/Src/crc16.o
 .debug_info    0x0000000000003556      0x23a ./Core/Src/cw.o
 .debug_info    0x0000000000003790      0x341 ./Core/Src/ecc.o
 .debug_info    0x0000000000003ad1      0x368 ./Core/Src/externalTemp.o
 .debug_info    0x0000000000003e39      0x3e1 ./Core/Src/galois.o
 .debug_info    0x000000000000421a      0x857 ./Core/Src/gps.o
 .debug_info    0x0000000000004a71      0x359 ./Core/Src/humidity.o
 .debug_info    0x0000000000004dca      0x37e ./Core/Src/info.o
 .debug_info    0x0000000000005148      0x3b5 ./Core/Src/internalTemp.o
 .debug_info    0x00000000000054fd     0x1a64 ./Core/Src/main.o
 .debug_info    0x0000000000006f61      0x39c ./Core/Src/pressure.o
 .debug_info    0x00000000000072fd      0xa9b ./Core/Src/radio.o
 .debug_info    0x0000000000007d98      0x4f7 ./Core/Src/rs.o
 .debug_info    0x000000000000828f     0x1401 ./Core/Src/stm32f1xx_hal_msp.o
 .debug_info    0x0000000000009690      0xa0d ./Core/Src/stm32f1xx_hal_timebase_tim.o
 .debug_info    0x000000000000a09d      0x722 ./Core/Src/stm32f1xx_it.o
 .debug_info    0x000000000000a7bf      0x24d ./Core/Src/system_stm32f1xx.o
 .debug_info    0x000000000000aa0c      0xa4e ./Core/Src/ublox.o
 .debug_info    0x000000000000b45a       0x22 ./Core/Startup/startup_stm32f100c8tx.o
 .debug_info    0x000000000000b47c      0x6ad ./Drivers/STM32F1xx_HAL_Driver/Src/stm32f1xx_hal.o
 .debug_info    0x000000000000bb29      0xcfe ./Drivers/STM32F1xx_HAL_Driver/Src/stm32f1xx_hal_adc.o
 .debug_info    0x000000000000c827      0xb14 ./Drivers/STM32F1xx_HAL_Driver/Src/stm32f1xx_hal_cortex.o
 .debug_info    0x000000000000d33b      0x631 ./Drivers/STM32F1xx_HAL_Driver/Src/stm32f1xx_hal_gpio.o
 .debug_info    0x000000000000d96c      0x7d9 ./Drivers/STM32F1xx_HAL_Driver/Src/stm32f1xx_hal_rcc.o
 .debug_info    0x000000000000e145      0x36f ./Drivers/STM32F1xx_HAL_Driver/Src/stm32f1xx_hal_rcc_ex.o
 .debug_info    0x000000000000e4b4     0x164f ./Drivers/STM32F1xx_HAL_Driver/Src/stm32f1xx_hal_spi.o
 .debug_info    0x000000000000fb03     0x2bab ./Drivers/STM32F1xx_HAL_Driver/Src/stm32f1xx_hal_tim.o
 .debug_info    0x00000000000126ae     0x15c7 ./Drivers/STM32F1xx_HAL_Driver/Src/stm32f1xx_hal_tim_ex.o
 .debug_info    0x0000000000013c75     0x31b2 ./Drivers/STM32F1xx_HAL_Driver/Src/stm32f1xx_hal_uart.o

.debug_abbrev   0x0000000000000000     0x3d68
 .debug_abbrev  0x0000000000000000      0x1e4 ./Core/Src/RPM411.o
 .debug_abbrev  0x00000000000001e4      0x1e5 ./Core/Src/batt.o
 .debug_abbrev  0x00000000000003c9      0x2c3 ./Core/Src/berlekamp.o
 .debug_abbrev  0x000000000000068c      0x17d ./Core/Src/callSign.o
 .debug_abbrev  0x0000000000000809      0x218 ./Core/Src/cam.o
 .debug_abbrev  0x0000000000000a21       0xc9 ./Core/Src/crc16.o
 .debug_abbrev  0x0000000000000aea      0x16c ./Core/Src/cw.o
 .debug_abbrev  0x0000000000000c56      0x14f ./Core/Src/ecc.o
 .debug_abbrev  0x0000000000000da5      0x15e ./Core/Src/externalTemp.o
 .debug_abbrev  0x0000000000000f03      0x133 ./Core/Src/galois.o
 .debug_abbrev  0x0000000000001036      0x1bb ./Core/Src/gps.o
 .debug_abbrev  0x00000000000011f1      0x15e ./Core/Src/humidity.o
 .debug_abbrev  0x000000000000134f      0x163 ./Core/Src/info.o
 .debug_abbrev  0x00000000000014b2      0x165 ./Core/Src/internalTemp.o
 .debug_abbrev  0x0000000000001617      0x31a ./Core/Src/main.o
 .debug_abbrev  0x0000000000001931      0x15e ./Core/Src/pressure.o
 .debug_abbrev  0x0000000000001a8f      0x1e3 ./Core/Src/radio.o
 .debug_abbrev  0x0000000000001c72      0x188 ./Core/Src/rs.o
 .debug_abbrev  0x0000000000001dfa      0x20a ./Core/Src/stm32f1xx_hal_msp.o
 .debug_abbrev  0x0000000000002004      0x1e6 ./Core/Src/stm32f1xx_hal_timebase_tim.o
 .debug_abbrev  0x00000000000021ea      0x171 ./Core/Src/stm32f1xx_it.o
 .debug_abbrev  0x000000000000235b      0x116 ./Core/Src/system_stm32f1xx.o
 .debug_abbrev  0x0000000000002471      0x1d3 ./Core/Src/ublox.o
 .debug_abbrev  0x0000000000002644       0x12 ./Core/Startup/startup_stm32f100c8tx.o
 .debug_abbrev  0x0000000000002656      0x22c ./Drivers/STM32F1xx_HAL_Driver/Src/stm32f1xx_hal.o
 .debug_abbrev  0x0000000000002882      0x210 ./Drivers/STM32F1xx_HAL_Driver/Src/stm32f1xx_hal_adc.o
 .debug_abbrev  0x0000000000002a92      0x2ed ./Drivers/STM32F1xx_HAL_Driver/Src/stm32f1xx_hal_cortex.o
 .debug_abbrev  0x0000000000002d7f      0x1bb ./Drivers/STM32F1xx_HAL_Driver/Src/stm32f1xx_hal_gpio.o
 .debug_abbrev  0x0000000000002f3a      0x2a8 ./Drivers/STM32F1xx_HAL_Driver/Src/stm32f1xx_hal_rcc.o
 .debug_abbrev  0x00000000000031e2      0x169 ./Drivers/STM32F1xx_HAL_Driver/Src/stm32f1xx_hal_rcc_ex.o
 .debug_abbrev  0x000000000000334b      0x26e ./Drivers/STM32F1xx_HAL_Driver/Src/stm32f1xx_hal_spi.o
 .debug_abbrev  0x00000000000035b9      0x264 ./Drivers/STM32F1xx_HAL_Driver/Src/stm32f1xx_hal_tim.o
 .debug_abbrev  0x000000000000381d      0x26c ./Drivers/STM32F1xx_HAL_Driver/Src/stm32f1xx_hal_tim_ex.o
 .debug_abbrev  0x0000000000003a89      0x2df ./Drivers/STM32F1xx_HAL_Driver/Src/stm32f1xx_hal_uart.o

.debug_aranges  0x0000000000000000     0x12c0
 .debug_aranges
                0x0000000000000000       0x30 ./Core/Src/RPM411.o
 .debug_aranges
                0x0000000000000030       0x20 ./Core/Src/batt.o
 .debug_aranges
                0x0000000000000050       0x78 ./Core/Src/berlekamp.o
 .debug_aranges
                0x00000000000000c8       0x20 ./Core/Src/callSign.o
 .debug_aranges
                0x00000000000000e8       0x60 ./Core/Src/cam.o
 .debug_aranges
                0x0000000000000148       0x28 ./Core/Src/crc16.o
 .debug_aranges
                0x0000000000000170       0x48 ./Core/Src/cw.o
 .debug_aranges
                0x00000000000001b8       0x38 ./Core/Src/ecc.o
 .debug_aranges
                0x00000000000001f0       0x20 ./Core/Src/externalTemp.o
 .debug_aranges
                0x0000000000000210       0x40 ./Core/Src/galois.o
 .debug_aranges
                0x0000000000000250       0x20 ./Core/Src/gps.o
 .debug_aranges
                0x0000000000000270       0x20 ./Core/Src/humidity.o
 .debug_aranges
                0x0000000000000290       0x20 ./Core/Src/info.o
 .debug_aranges
                0x00000000000002b0       0x20 ./Core/Src/internalTemp.o
 .debug_aranges
                0x00000000000002d0       0x78 ./Core/Src/main.o
 .debug_aranges
                0x0000000000000348       0x20 ./Core/Src/pressure.o
 .debug_aranges
                0x0000000000000368       0x78 ./Core/Src/radio.o
 .debug_aranges
                0x00000000000003e0       0x60 ./Core/Src/rs.o
 .debug_aranges
                0x0000000000000440       0x60 ./Core/Src/stm32f1xx_hal_msp.o
 .debug_aranges
                0x00000000000004a0       0x30 ./Core/Src/stm32f1xx_hal_timebase_tim.o
 .debug_aranges
                0x00000000000004d0       0x78 ./Core/Src/stm32f1xx_it.o
 .debug_aranges
                0x0000000000000548       0x28 ./Core/Src/system_stm32f1xx.o
 .debug_aranges
                0x0000000000000570       0x30 ./Core/Src/ublox.o
 .debug_aranges
                0x00000000000005a0       0x28 ./Core/Startup/startup_stm32f100c8tx.o
 .debug_aranges
                0x00000000000005c8       0xe0 ./Drivers/STM32F1xx_HAL_Driver/Src/stm32f1xx_hal.o
 .debug_aranges
                0x00000000000006a8       0xf0 ./Drivers/STM32F1xx_HAL_Driver/Src/stm32f1xx_hal_adc.o
 .debug_aranges
                0x0000000000000798      0x100 ./Drivers/STM32F1xx_HAL_Driver/Src/stm32f1xx_hal_cortex.o
 .debug_aranges
                0x0000000000000898       0x58 ./Drivers/STM32F1xx_HAL_Driver/Src/stm32f1xx_hal_gpio.o
 .debug_aranges
                0x00000000000008f0       0x90 ./Drivers/STM32F1xx_HAL_Driver/Src/stm32f1xx_hal_rcc.o
 .debug_aranges
                0x0000000000000980       0x30 ./Drivers/STM32F1xx_HAL_Driver/Src/stm32f1xx_hal_rcc_ex.o
 .debug_aranges
                0x00000000000009b0      0x1d0 ./Drivers/STM32F1xx_HAL_Driver/Src/stm32f1xx_hal_spi.o
 .debug_aranges
                0x0000000000000b80      0x3d0 ./Drivers/STM32F1xx_HAL_Driver/Src/stm32f1xx_hal_tim.o
 .debug_aranges
                0x0000000000000f50      0x168 ./Drivers/STM32F1xx_HAL_Driver/Src/stm32f1xx_hal_tim_ex.o
 .debug_aranges
                0x00000000000010b8      0x208 ./Drivers/STM32F1xx_HAL_Driver/Src/stm32f1xx_hal_uart.o

.debug_ranges   0x0000000000000000     0x10d8
 .debug_ranges  0x0000000000000000       0x20 ./Core/Src/RPM411.o
 .debug_ranges  0x0000000000000020       0x10 ./Core/Src/batt.o
 .debug_ranges  0x0000000000000030       0x68 ./Core/Src/berlekamp.o
 .debug_ranges  0x0000000000000098       0x10 ./Core/Src/callSign.o
 .debug_ranges  0x00000000000000a8       0x50 ./Core/Src/cam.o
 .debug_ranges  0x00000000000000f8       0x18 ./Core/Src/crc16.o
 .debug_ranges  0x0000000000000110       0x38 ./Core/Src/cw.o
 .debug_ranges  0x0000000000000148       0x28 ./Core/Src/ecc.o
 .debug_ranges  0x0000000000000170       0x10 ./Core/Src/externalTemp.o
 .debug_ranges  0x0000000000000180       0x30 ./Core/Src/galois.o
 .debug_ranges  0x00000000000001b0       0x10 ./Core/Src/gps.o
 .debug_ranges  0x00000000000001c0       0x10 ./Core/Src/humidity.o
 .debug_ranges  0x00000000000001d0       0x10 ./Core/Src/info.o
 .debug_ranges  0x00000000000001e0       0x10 ./Core/Src/internalTemp.o
 .debug_ranges  0x00000000000001f0       0x68 ./Core/Src/main.o
 .debug_ranges  0x0000000000000258       0x10 ./Core/Src/pressure.o
 .debug_ranges  0x0000000000000268       0x68 ./Core/Src/radio.o
 .debug_ranges  0x00000000000002d0       0x50 ./Core/Src/rs.o
 .debug_ranges  0x0000000000000320       0x50 ./Core/Src/stm32f1xx_hal_msp.o
 .debug_ranges  0x0000000000000370       0x20 ./Core/Src/stm32f1xx_hal_timebase_tim.o
 .debug_ranges  0x0000000000000390       0x68 ./Core/Src/stm32f1xx_it.o
 .debug_ranges  0x00000000000003f8       0x18 ./Core/Src/system_stm32f1xx.o
 .debug_ranges  0x0000000000000410       0x20 ./Core/Src/ublox.o
 .debug_ranges  0x0000000000000430       0x20 ./Core/Startup/startup_stm32f100c8tx.o
 .debug_ranges  0x0000000000000450       0xd0 ./Drivers/STM32F1xx_HAL_Driver/Src/stm32f1xx_hal.o
 .debug_ranges  0x0000000000000520       0xe0 ./Drivers/STM32F1xx_HAL_Driver/Src/stm32f1xx_hal_adc.o
 .debug_ranges  0x0000000000000600       0xf0 ./Drivers/STM32F1xx_HAL_Driver/Src/stm32f1xx_hal_cortex.o
 .debug_ranges  0x00000000000006f0       0x48 ./Drivers/STM32F1xx_HAL_Driver/Src/stm32f1xx_hal_gpio.o
 .debug_ranges  0x0000000000000738       0x80 ./Drivers/STM32F1xx_HAL_Driver/Src/stm32f1xx_hal_rcc.o
 .debug_ranges  0x00000000000007b8       0x20 ./Drivers/STM32F1xx_HAL_Driver/Src/stm32f1xx_hal_rcc_ex.o
 .debug_ranges  0x00000000000007d8      0x1c0 ./Drivers/STM32F1xx_HAL_Driver/Src/stm32f1xx_hal_spi.o
 .debug_ranges  0x0000000000000998      0x3c0 ./Drivers/STM32F1xx_HAL_Driver/Src/stm32f1xx_hal_tim.o
 .debug_ranges  0x0000000000000d58      0x158 ./Drivers/STM32F1xx_HAL_Driver/Src/stm32f1xx_hal_tim_ex.o
 .debug_ranges  0x0000000000000eb0      0x228 ./Drivers/STM32F1xx_HAL_Driver/Src/stm32f1xx_hal_uart.o

.debug_macro    0x0000000000000000    0x16090
 .debug_macro   0x0000000000000000      0x2a4 ./Core/Src/RPM411.o
 .debug_macro   0x00000000000002a4      0xa6c ./Core/Src/RPM411.o
 .debug_macro   0x0000000000000d10       0x22 ./Core/Src/RPM411.o
 .debug_macro   0x0000000000000d32       0x4c ./Core/Src/RPM411.o
 .debug_macro   0x0000000000000d7e       0x18 ./Core/Src/RPM411.o
 .debug_macro   0x0000000000000d96       0x94 ./Core/Src/RPM411.o
 .debug_macro   0x0000000000000e2a       0x3c ./Core/Src/RPM411.o
 .debug_macro   0x0000000000000e66       0x34 ./Core/Src/RPM411.o
 .debug_macro   0x0000000000000e9a      0x174 ./Core/Src/RPM411.o
 .debug_macro   0x000000000000100e       0x16 ./Core/Src/RPM411.o
 .debug_macro   0x0000000000001024       0x43 ./Core/Src/RPM411.o
 .debug_macro   0x0000000000001067       0x57 ./Core/Src/RPM411.o
 .debug_macro   0x00000000000010be       0x34 ./Core/Src/RPM411.o
 .debug_macro   0x00000000000010f2       0x10 ./Core/Src/RPM411.o
 .debug_macro   0x0000000000001102       0x58 ./Core/Src/RPM411.o
 .debug_macro   0x000000000000115a       0x71 ./Core/Src/RPM411.o
 .debug_macro   0x00000000000011cb       0x1c ./Core/Src/RPM411.o
 .debug_macro   0x00000000000011e7      0x12a ./Core/Src/RPM411.o
 .debug_macro   0x0000000000001311      0x341 ./Core/Src/RPM411.o
 .debug_macro   0x0000000000001652       0x10 ./Core/Src/RPM411.o
 .debug_macro   0x0000000000001662       0x35 ./Core/Src/RPM411.o
 .debug_macro   0x0000000000001697       0x20 ./Core/Src/RPM411.o
 .debug_macro   0x00000000000016b7      0x227 ./Core/Src/RPM411.o
 .debug_macro   0x00000000000018de       0x2e ./Core/Src/RPM411.o
 .debug_macro   0x000000000000190c       0x22 ./Core/Src/RPM411.o
 .debug_macro   0x000000000000192e      0x103 ./Core/Src/RPM411.o
 .debug_macro   0x0000000000001a31       0x6a ./Core/Src/RPM411.o
 .debug_macro   0x0000000000001a9b      0x1df ./Core/Src/RPM411.o
 .debug_macro   0x0000000000001c7a       0x1c ./Core/Src/RPM411.o
 .debug_macro   0x0000000000001c96       0x22 ./Core/Src/RPM411.o
 .debug_macro   0x0000000000001cb8       0xbd ./Core/Src/RPM411.o
 .debug_macro   0x0000000000001d75      0xd23 ./Core/Src/RPM411.o
 .debug_macro   0x0000000000002a98     0x75c9 ./Core/Src/RPM411.o
 .debug_macro   0x000000000000a061       0x6d ./Core/Src/RPM411.o
 .debug_macro   0x000000000000a0ce     0x348d ./Core/Src/RPM411.o
 .debug_macro   0x000000000000d55b       0x56 ./Core/Src/RPM411.o
 .debug_macro   0x000000000000d5b1      0x5bc ./Core/Src/RPM411.o
 .debug_macro   0x000000000000db6d      0x369 ./Core/Src/RPM411.o
 .debug_macro   0x000000000000ded6      0x1cb ./Core/Src/RPM411.o
 .debug_macro   0x000000000000e0a1      0x114 ./Core/Src/RPM411.o
 .debug_macro   0x000000000000e1b5      0x1f1 ./Core/Src/RPM411.o
 .debug_macro   0x000000000000e3a6       0x27 ./Core/Src/RPM411.o
 .debug_macro   0x000000000000e3cd      0x130 ./Core/Src/RPM411.o
 .debug_macro   0x000000000000e4fd      0x1bc ./Core/Src/RPM411.o
 .debug_macro   0x000000000000e6b9       0x34 ./Core/Src/RPM411.o
 .debug_macro   0x000000000000e6ed       0x3c ./Core/Src/RPM411.o
 .debug_macro   0x000000000000e729       0x57 ./Core/Src/RPM411.o
 .debug_macro   0x000000000000e780      0x46a ./Core/Src/RPM411.o
 .debug_macro   0x000000000000ebea      0x15a ./Core/Src/RPM411.o
 .debug_macro   0x000000000000ed44       0x6b ./Core/Src/RPM411.o
 .debug_macro   0x000000000000edaf      0x240 ./Core/Src/RPM411.o
 .debug_macro   0x000000000000efef      0x140 ./Core/Src/RPM411.o
 .debug_macro   0x000000000000f12f      0x217 ./Core/Src/RPM411.o
 .debug_macro   0x000000000000f346      0x8ed ./Core/Src/RPM411.o
 .debug_macro   0x000000000000fc33      0x2aa ./Core/Src/RPM411.o
 .debug_macro   0x000000000000fedd       0x9f ./Core/Src/RPM411.o
 .debug_macro   0x000000000000ff7c       0x16 ./Core/Src/RPM411.o
 .debug_macro   0x000000000000ff92       0xe2 ./Core/Src/RPM411.o
 .debug_macro   0x0000000000010074      0x304 ./Core/Src/batt.o
 .debug_macro   0x0000000000010378      0x19b ./Core/Src/batt.o
 .debug_macro   0x0000000000010513       0x52 ./Core/Src/batt.o
 .debug_macro   0x0000000000010565       0x16 ./Core/Src/batt.o
 .debug_macro   0x000000000001057b       0x10 ./Core/Src/batt.o
 .debug_macro   0x000000000001058b      0x460 ./Core/Src/batt.o
 .debug_macro   0x00000000000109eb       0x16 ./Core/Src/batt.o
 .debug_macro   0x0000000000010a01       0x8e ./Core/Src/batt.o
 .debug_macro   0x0000000000010a8f       0x76 ./Core/Src/batt.o
 .debug_macro   0x0000000000010b05       0x10 ./Core/Src/batt.o
 .debug_macro   0x0000000000010b15      0x213 ./Core/Src/berlekamp.o
 .debug_macro   0x0000000000010d28       0x3a ./Core/Src/berlekamp.o
 .debug_macro   0x0000000000010d62       0x82 ./Core/Src/berlekamp.o
 .debug_macro   0x0000000000010de4       0x1c ./Core/Src/berlekamp.o
 .debug_macro   0x0000000000010e00       0x97 ./Core/Src/berlekamp.o
 .debug_macro   0x0000000000010e97       0x8d ./Core/Src/berlekamp.o
 .debug_macro   0x0000000000010f24       0x10 ./Core/Src/berlekamp.o
 .debug_macro   0x0000000000010f34       0x10 ./Core/Src/berlekamp.o
 .debug_macro   0x0000000000010f44       0x1c ./Core/Src/berlekamp.o
 .debug_macro   0x0000000000010f60       0x52 ./Core/Src/berlekamp.o
 .debug_macro   0x0000000000010fb2       0x22 ./Core/Src/berlekamp.o
 .debug_macro   0x0000000000010fd4       0x10 ./Core/Src/berlekamp.o
 .debug_macro   0x0000000000010fe4       0x52 ./Core/Src/berlekamp.o
 .debug_macro   0x0000000000011036       0xd5 ./Core/Src/berlekamp.o
 .debug_macro   0x000000000001110b       0x1c ./Core/Src/berlekamp.o
 .debug_macro   0x0000000000011127       0x3d ./Core/Src/berlekamp.o
 .debug_macro   0x0000000000011164       0x16 ./Core/Src/berlekamp.o
 .debug_macro   0x000000000001117a      0x145 ./Core/Src/berlekamp.o
 .debug_macro   0x00000000000112bf      0x2ff ./Core/Src/callSign.o
 .debug_macro   0x00000000000115be      0x2ee ./Core/Src/cam.o
 .debug_macro   0x00000000000118ac       0x16 ./Core/Src/cam.o
 .debug_macro   0x00000000000118c2       0x16 ./Core/Src/cam.o
 .debug_macro   0x00000000000118d8       0x94 ./Core/Src/cam.o
 .debug_macro   0x000000000001196c      0x14a ./Core/Src/crc16.o
 .debug_macro   0x0000000000011ab6       0x22 ./Core/Src/crc16.o
 .debug_macro   0x0000000000011ad8       0x16 ./Core/Src/crc16.o
 .debug_macro   0x0000000000011aee      0x10e ./Core/Src/crc16.o
 .debug_macro   0x0000000000011bfc       0x16 ./Core/Src/crc16.o
 .debug_macro   0x0000000000011c12       0x29 ./Core/Src/crc16.o
 .debug_macro   0x0000000000011c3b      0x2c5 ./Core/Src/cw.o
 .debug_macro   0x0000000000011f00       0xdb ./Core/Src/ecc.o
 .debug_macro   0x0000000000011fdb      0x2fa ./Core/Src/externalTemp.o
 .debug_macro   0x00000000000122d5      0x24b ./Core/Src/galois.o
 .debug_macro   0x0000000000012520       0x16 ./Core/Src/galois.o
 .debug_macro   0x0000000000012536       0xfd ./Core/Src/galois.o
 .debug_macro   0x0000000000012633      0x1e5 ./Core/Src/galois.o
 .debug_macro   0x0000000000012818      0x2dd ./Core/Src/gps.o
 .debug_macro   0x0000000000012af5       0x16 ./Core/Src/gps.o
 .debug_macro   0x0000000000012b0b      0x2ec ./Core/Src/humidity.o
 .debug_macro   0x0000000000012df7      0x104 ./Core/Src/humidity.o
 .debug_macro   0x0000000000012efb      0x2f1 ./Core/Src/info.o
 .debug_macro   0x00000000000131ec      0x2f1 ./Core/Src/internalTemp.o
 .debug_macro   0x00000000000134dd      0x395 ./Core/Src/main.o
 .debug_macro   0x0000000000013872       0x8e ./Core/Src/main.o
 .debug_macro   0x0000000000013900       0x51 ./Core/Src/main.o
 .debug_macro   0x0000000000013951       0x5c ./Core/Src/main.o
 .debug_macro   0x00000000000139ad       0xdc ./Core/Src/main.o
 .debug_macro   0x0000000000013a89       0x52 ./Core/Src/main.o
 .debug_macro   0x0000000000013adb       0x22 ./Core/Src/main.o
 .debug_macro   0x0000000000013afd       0x64 ./Core/Src/main.o
 .debug_macro   0x0000000000013b61      0x304 ./Core/Src/pressure.o
 .debug_macro   0x0000000000013e65      0x2ef ./Core/Src/radio.o
 .debug_macro   0x0000000000014154      0x212 ./Core/Src/rs.o
 .debug_macro   0x0000000000014366      0x11f ./Core/Src/rs.o
 .debug_macro   0x0000000000014485      0x1cf ./Core/Src/stm32f1xx_hal_msp.o
 .debug_macro   0x0000000000014654      0x1c0 ./Core/Src/stm32f1xx_hal_timebase_tim.o
 .debug_macro   0x0000000000014814      0x1d9 ./Core/Src/stm32f1xx_it.o
 .debug_macro   0x00000000000149ed      0x1c0 ./Core/Src/system_stm32f1xx.o
 .debug_macro   0x0000000000014bad      0x29b ./Core/Src/ublox.o
 .debug_macro   0x0000000000014e48      0x1e4 ./Drivers/STM32F1xx_HAL_Driver/Src/stm32f1xx_hal.o
 .debug_macro   0x000000000001502c      0x1dd ./Drivers/STM32F1xx_HAL_Driver/Src/stm32f1xx_hal_adc.o
 .debug_macro   0x0000000000015209      0x1c0 ./Drivers/STM32F1xx_HAL_Driver/Src/stm32f1xx_hal_cortex.o
 .debug_macro   0x00000000000153c9      0x22b ./Drivers/STM32F1xx_HAL_Driver/Src/stm32f1xx_hal_gpio.o
 .debug_macro   0x00000000000155f4      0x1d2 ./Drivers/STM32F1xx_HAL_Driver/Src/stm32f1xx_hal_rcc.o
 .debug_macro   0x00000000000157c6      0x1c0 ./Drivers/STM32F1xx_HAL_Driver/Src/stm32f1xx_hal_rcc_ex.o
 .debug_macro   0x0000000000015986      0x1c8 ./Drivers/STM32F1xx_HAL_Driver/Src/stm32f1xx_hal_spi.o
 .debug_macro   0x0000000000015b4e      0x1c1 ./Drivers/STM32F1xx_HAL_Driver/Src/stm32f1xx_hal_tim.o
 .debug_macro   0x0000000000015d0f      0x1c0 ./Drivers/STM32F1xx_HAL_Driver/Src/stm32f1xx_hal_tim_ex.o
 .debug_macro   0x0000000000015ecf      0x1c1 ./Drivers/STM32F1xx_HAL_Driver/Src/stm32f1xx_hal_uart.o

.debug_line     0x0000000000000000    0x1a6cd
 .debug_line    0x0000000000000000      0x994 ./Core/Src/RPM411.o
 .debug_line    0x0000000000000994      0x8bb ./Core/Src/batt.o
 .debug_line    0x000000000000124f      0xbb9 ./Core/Src/berlekamp.o
 .debug_line    0x0000000000001e08      0x8b6 ./Core/Src/callSign.o
 .debug_line    0x00000000000026be      0xce1 ./Core/Src/cam.o
 .debug_line    0x000000000000339f      0x5de ./Core/Src/crc16.o
 .debug_line    0x000000000000397d      0x99a ./Core/Src/cw.o
 .debug_line    0x0000000000004317      0x521 ./Core/Src/ecc.o
 .debug_line    0x0000000000004838      0x8ac ./Core/Src/externalTemp.o
 .debug_line    0x00000000000050e4      0x8a0 ./Core/Src/galois.o
 .debug_line    0x0000000000005984      0x95b ./Core/Src/gps.o
 .debug_line    0x00000000000062df      0x892 ./Core/Src/humidity.o
 .debug_line    0x0000000000006b71      0x88a ./Core/Src/info.o
 .debug_line    0x00000000000073fb      0x8a1 ./Core/Src/internalTemp.o
 .debug_line    0x0000000000007c9c      0xd7a ./Core/Src/main.o
 .debug_line    0x0000000000008a16      0x8a9 ./Core/Src/pressure.o
 .debug_line    0x00000000000092bf      0xb57 ./Core/Src/radio.o
 .debug_line    0x0000000000009e16      0x882 ./Core/Src/rs.o
 .debug_line    0x000000000000a698      0x853 ./Core/Src/stm32f1xx_hal_msp.o
 .debug_line    0x000000000000aeeb      0x73e ./Core/Src/stm32f1xx_hal_timebase_tim.o
 .debug_line    0x000000000000b629      0x7c7 ./Core/Src/stm32f1xx_it.o
 .debug_line    0x000000000000bdf0      0x735 ./Core/Src/system_stm32f1xx.o
 .debug_line    0x000000000000c525      0x978 ./Core/Src/ublox.o
 .debug_line    0x000000000000ce9d       0x86 ./Core/Startup/startup_stm32f100c8tx.o
 .debug_line    0x000000000000cf23      0x96c ./Drivers/STM32F1xx_HAL_Driver/Src/stm32f1xx_hal.o
 .debug_line    0x000000000000d88f      0xf0f ./Drivers/STM32F1xx_HAL_Driver/Src/stm32f1xx_hal_adc.o
 .debug_line    0x000000000000e79e      0xb55 ./Drivers/STM32F1xx_HAL_Driver/Src/stm32f1xx_hal_cortex.o
 .debug_line    0x000000000000f2f3      0xa06 ./Drivers/STM32F1xx_HAL_Driver/Src/stm32f1xx_hal_gpio.o
 .debug_line    0x000000000000fcf9      0xd4f ./Drivers/STM32F1xx_HAL_Driver/Src/stm32f1xx_hal_rcc.o
 .debug_line    0x0000000000010a48      0x83b ./Drivers/STM32F1xx_HAL_Driver/Src/stm32f1xx_hal_rcc_ex.o
 .debug_line    0x0000000000011283     0x1bed ./Drivers/STM32F1xx_HAL_Driver/Src/stm32f1xx_hal_spi.o
 .debug_line    0x0000000000012e70     0x36a9 ./Drivers/STM32F1xx_HAL_Driver/Src/stm32f1xx_hal_tim.o
 .debug_line    0x0000000000016519     0x18f7 ./Drivers/STM32F1xx_HAL_Driver/Src/stm32f1xx_hal_tim_ex.o
 .debug_line    0x0000000000017e10     0x28bd ./Drivers/STM32F1xx_HAL_Driver/Src/stm32f1xx_hal_uart.o

.debug_str      0x0000000000000000    0x73f1e
 .debug_str     0x0000000000000000    0x6b771 ./Core/Src/RPM411.o
                                      0x6bb35 (size before relaxing)
 .debug_str     0x000000000006b771     0x1f94 ./Core/Src/batt.o
                                      0x6d398 (size before relaxing)
 .debug_str     0x000000000006d705     0x140e ./Core/Src/berlekamp.o
                                       0x91e5 (size before relaxing)
 .debug_str     0x000000000006eb13       0xbc ./Core/Src/callSign.o
                                      0x6c878 (size before relaxing)
 .debug_str     0x000000000006ebcf      0x4e1 ./Core/Src/cam.o
                                      0x6ceec (size before relaxing)
 .debug_str     0x000000000006f0b0      0x168 ./Core/Src/crc16.o
                                       0x7006 (size before relaxing)
 .debug_str     0x000000000006f218       0x59 ./Core/Src/cw.o
                                      0x6c45b (size before relaxing)
 .debug_str     0x000000000006f271       0x9b ./Core/Src/ecc.o
                                       0x517e (size before relaxing)
 .debug_str     0x000000000006f30c       0x96 ./Core/Src/externalTemp.o
                                      0x6cc6e (size before relaxing)
 .debug_str     0x000000000006f3a2       0x99 ./Core/Src/galois.o
                                       0x8eb7 (size before relaxing)
 .debug_str     0x000000000006f43b      0x12a ./Core/Src/gps.o
                                      0x6ca64 (size before relaxing)
 .debug_str     0x000000000006f565       0x8a ./Core/Src/humidity.o
                                      0x6c850 (size before relaxing)
 .debug_str     0x000000000006f5ef       0x69 ./Core/Src/info.o
                                      0x6c82c (size before relaxing)
 .debug_str     0x000000000006f658       0xcb ./Core/Src/internalTemp.o
                                      0x6c8ab (size before relaxing)
 .debug_str     0x000000000006f723      0xb60 ./Core/Src/main.o
                                      0x6de04 (size before relaxing)
 .debug_str     0x0000000000070283       0x6e ./Core/Src/pressure.o
                                      0x6c8f8 (size before relaxing)
 .debug_str     0x00000000000702f1       0xaf ./Core/Src/radio.o
                                      0x6d0a9 (size before relaxing)
 .debug_str     0x00000000000703a0      0x87e ./Core/Src/rs.o
                                       0x9657 (size before relaxing)
 .debug_str     0x0000000000070c1e      0x396 ./Core/Src/stm32f1xx_hal_msp.o
                                      0x69585 (size before relaxing)
 .debug_str     0x0000000000070fb4       0xdf ./Core/Src/stm32f1xx_hal_timebase_tim.o
                                      0x68c9c (size before relaxing)
 .debug_str     0x0000000000071093       0xf0 ./Core/Src/stm32f1xx_it.o
                                      0x68d22 (size before relaxing)
 .debug_str     0x0000000000071183       0x8c ./Core/Src/system_stm32f1xx.o
                                      0x683ff (size before relaxing)
 .debug_str     0x000000000007120f      0x204 ./Core/Src/ublox.o
                                      0x6b873 (size before relaxing)
 .debug_str     0x0000000000071413       0x36 ./Core/Startup/startup_stm32f100c8tx.o
                                         0x5d (size before relaxing)
 .debug_str     0x0000000000071449      0x31b ./Drivers/STM32F1xx_HAL_Driver/Src/stm32f1xx_hal.o
                                      0x68ade (size before relaxing)