Archive member included to satisfy reference by file (symbol)

c:/st/stm32cubeide_1.6.0/stm32cubeide/plugins/com.st.stm32cube.ide.mcu.externaltools.gnu-tools-for-stm32.9-2020-q2-update.win32_2.0.0.202105311346/tools/bin/../lib/gcc/arm-none-eabi/9.3.1/../../../../arm-none-eabi/lib/thumb/v7-m/nofp\libc_nano.a(lib_a-errno.o)
                              ./Core/Src/syscalls.o (__errno)
c:/st/stm32cubeide_1.6.0/stm32cubeide/plugins/com.st.stm32cube.ide.mcu.externaltools.gnu-tools-for-stm32.9-2020-q2-update.win32_2.0.0.202105311346/tools/bin/../lib/gcc/arm-none-eabi/9.3.1/../../../../arm-none-eabi/lib/thumb/v7-m/nofp\libc_nano.a(lib_a-exit.o)
                              c:/st/stm32cubeide_1.6.0/stm32cubeide/plugins/com.st.stm32cube.ide.mcu.externaltools.gnu-tools-for-stm32.9-2020-q2-update.win32_2.0.0.202105311346/tools/bin/../lib/gcc/arm-none-eabi/9.3.1/../../../../arm-none-eabi/lib/thumb/v7-m/nofp/crt0.o (exit)
c:/st/stm32cubeide_1.6.0/stm32cubeide/plugins/com.st.stm32cube.ide.mcu.externaltools.gnu-tools-for-stm32.9-2020-q2-update.win32_2.0.0.202105311346/tools/bin/../lib/gcc/arm-none-eabi/9.3.1/../../../../arm-none-eabi/lib/thumb/v7-m/nofp\libc_nano.a(lib_a-fprintf.o)
                              ./Core/Src/berlekamp.o (fprintf)
c:/st/stm32cubeide_1.6.0/stm32cubeide/plugins/com.st.stm32cube.ide.mcu.externaltools.gnu-tools-for-stm32.9-2020-q2-update.win32_2.0.0.202105311346/tools/bin/../lib/gcc/arm-none-eabi/9.3.1/../../../../arm-none-eabi/lib/thumb/v7-m/nofp\libc_nano.a(lib_a-fwrite.o)
                              ./Core/Src/berlekamp.o (fwrite)
c:/st/stm32cubeide_1.6.0/stm32cubeide/plugins/com.st.stm32cube.ide.mcu.externaltools.gnu-tools-for-stm32.9-2020-q2-update.win32_2.0.0.202105311346/tools/bin/../lib/gcc/arm-none-eabi/9.3.1/../../../../arm-none-eabi/lib/thumb/v7-m/nofp\libc_nano.a(lib_a-impure.o)
                              c:/st/stm32cubeide_1.6.0/stm32cubeide/plugins/com.st.stm32cube.ide.mcu.externaltools.gnu-tools-for-stm32.9-2020-q2-update.win32_2.0.0.202105311346/tools/bin/../lib/gcc/arm-none-eabi/9.3.1/../../../../arm-none-eabi/lib/thumb/v7-m/nofp\libc_nano.a(lib_a-exit.o) (_global_impure_ptr)
c:/st/stm32cubeide_1.6.0/stm32cubeide/plugins/com.st.stm32cube.ide.mcu.externaltools.gnu-tools-for-stm32.9-2020-q2-update.win32_2.0.0.202105311346/tools/bin/../lib/gcc/arm-none-eabi/9.3.1/../../../../arm-none-eabi/lib/thumb/v7-m/nofp\libc_nano.a(lib_a-init.o)
                              c:/st/stm32cubeide_1.6.0/stm32cubeide/plugins/com.st.stm32cube.ide.mcu.externaltools.gnu-tools-for-stm32.9-2020-q2-update.win32_2.0.0.202105311346/tools/bin/../lib/gcc/arm-none-eabi/9.3.1/../../../../arm-none-eabi/lib/thumb/v7-m/nofp/crt0.o (__libc_init_array)
c:/st/stm32cubeide_1.6.0/stm32cubeide/plugins/com.st.stm32cube.ide.mcu.externaltools.gnu-tools-for-stm32.9-2020-q2-update.win32_2.0.0.202105311346/tools/bin/../lib/gcc/arm-none-eabi/9.3.1/../../../../arm-none-eabi/lib/thumb/v7-m/nofp\libc_nano.a(lib_a-lock.o)
                              c:/st/stm32cubeide_1.6.0/stm32cubeide/plugins/com.st.stm32cube.ide.mcu.externaltools.gnu-tools-for-stm32.9-2020-q2-update.win32_2.0.0.202105311346/tools/bin/../lib/gcc/arm-none-eabi/9.3.1/../../../../arm-none-eabi/lib/thumb/v7-m/nofp\libc_nano.a(lib_a-fwrite.o) (__retarget_lock_acquire_recursive)
c:/st/stm32cubeide_1.6.0/stm32cubeide/plugins/com.st.stm32cube.ide.mcu.externaltools.gnu-tools-for-stm32.9-2020-q2-update.win32_2.0.0.202105311346/tools/bin/../lib/gcc/arm-none-eabi/9.3.1/../../../../arm-none-eabi/lib/thumb/v7-m/nofp\libc_nano.a(lib_a-memcpy-stub.o)
                              ./Core/Src/callSign.o (memcpy)
c:/st/stm32cubeide_1.6.0/stm32cubeide/plugins/com.st.stm32cube.ide.mcu.externaltools.gnu-tools-for-stm32.9-2020-q2-update.win32_2.0.0.202105311346/tools/bin/../lib/gcc/arm-none-eabi/9.3.1/../../../../arm-none-eabi/lib/thumb/v7-m/nofp\libc_nano.a(lib_a-memset.o)
                              c:/st/stm32cubeide_1.6.0/stm32cubeide/plugins/com.st.stm32cube.ide.mcu.externaltools.gnu-tools-for-stm32.9-2020-q2-update.win32_2.0.0.202105311346/tools/bin/../lib/gcc/arm-none-eabi/9.3.1/../../../../arm-none-eabi/lib/thumb/v7-m/nofp/crt0.o (memset)
c:/st/stm32cubeide_1.6.0/stm32cubeide/plugins/com.st.stm32cube.ide.mcu.externaltools.gnu-tools-for-stm32.9-2020-q2-update.win32_2.0.0.202105311346/tools/bin/../lib/gcc/arm-none-eabi/9.3.1/../../../../arm-none-eabi/lib/thumb/v7-m/nofp\libc_nano.a(lib_a-nano-vfprintf.o)
                              c:/st/stm32cubeide_1.6.0/stm32cubeide/plugins/com.st.stm32cube.ide.mcu.externaltools.gnu-tools-for-stm32.9-2020-q2-update.win32_2.0.0.202105311346/tools/bin/../lib/gcc/arm-none-eabi/9.3.1/../../../../arm-none-eabi/lib/thumb/v7-m/nofp\libc_nano.a(lib_a-fprintf.o) (_vfprintf_r)
[...]
Memory Configuration

Name             Origin             Length             Attributes
RAM              0x0000000020000000 0x0000000000002000 xrw
FLASH            0x0000000008000000 0x0000000000010000 xr
*default*        0x0000000000000000 0xffffffffffffffff

Linker script and memory map

LOAD c:/st/stm32cubeide_1.6.0/stm32cubeide/plugins/com.st.stm32cube.ide.mcu.externaltools.gnu-tools-for-stm32.9-2020-q2-update.win32_2.0.0.202105311346/tools/bin/../lib/gcc/arm-none-eabi/9.3.1/thumb/v7-m/nofp/crti.o
LOAD c:/st/stm32cubeide_1.6.0/stm32cubeide/plugins/com.st.stm32cube.ide.mcu.externaltools.gnu-tools-for-stm32.9-2020-q2-update.win32_2.0.0.202105311346/tools/bin/../lib/gcc/arm-none-eabi/9.3.1/thumb/v7-m/nofp/crtbegin.o
LOAD c:/st/stm32cubeide_1.6.0/stm32cubeide/plugins/com.st.stm32cube.ide.mcu.externaltools.gnu-tools-for-stm32.9-2020-q2-update.win32_2.0.0.202105311346/tools/bin/../lib/gcc/arm-none-eabi/9.3.1/../../../../arm-none-eabi/lib/thumb/v7-m/nofp/crt0.o
LOAD ./Core/Src/batt.o
LOAD ./Core/Src/berlekamp.o
LOAD ./Core/Src/callSign.o
LOAD ./Core/Src/cam.o
LOAD ./Core/Src/crc16.o
LOAD ./Core/Src/cw.o
LOAD ./Core/Src/ecc.o
LOAD ./Core/Src/galois.o
LOAD ./Core/Src/gps.o
LOAD ./Core/Src/info.o
LOAD ./Core/Src/internalTemp.o
LOAD ./Core/Src/main.o
LOAD ./Core/Src/radio.o
LOAD ./Core/Src/rs.o
LOAD ./Core/Src/stm32f1xx_hal_msp.o
LOAD ./Core/Src/stm32f1xx_hal_timebase_tim.o
LOAD ./Core/Src/stm32f1xx_it.o
LOAD ./Core/Src/syscalls.o
LOAD ./Core/Src/sysmem.o
LOAD ./Core/Src/system_stm32f1xx.o
LOAD ./Core/Src/ublox.o
LOAD ./Core/Startup/startup_stm32f100c8tx.o
LOAD ./Drivers/STM32F1xx_HAL_Driver/Src/stm32f1xx_hal.o
LOAD ./Drivers/STM32F1xx_HAL_Driver/Src/stm32f1xx_hal_adc.o
LOAD ./Drivers/STM32F1xx_HAL_Driver/Src/stm32f1xx_hal_adc_ex.o
LOAD ./Drivers/STM32F1xx_HAL_Driver/Src/stm32f1xx_hal_cortex.o
LOAD ./Drivers/STM32F1xx_HAL_Driver/Src/stm32f1xx_hal_dma.o
LOAD ./Drivers/STM32F1xx_HAL_Driver/Src/stm32f1xx_hal_exti.o
LOAD ./Drivers/STM32F1xx_HAL_Driver/Src/stm32f1xx_hal_flash.o
LOAD ./Drivers/STM32F1xx_HAL_Driver/Src/stm32f1xx_hal_flash_ex.o
LOAD ./Drivers/STM32F1xx_HAL_Driver/Src/stm32f1xx_hal_gpio.o
LOAD ./Drivers/STM32F1xx_HAL_Driver/Src/stm32f1xx_hal_gpio_ex.o
LOAD ./Drivers/STM32F1xx_HAL_Driver/Src/stm32f1xx_hal_pwr.o
LOAD ./Drivers/STM32F1xx_HAL_Driver/Src/stm32f1xx_hal_rcc.o
LOAD ./Drivers/STM32F1xx_HAL_Driver/Src/stm32f1xx_hal_rcc_ex.o
LOAD ./Drivers/STM32F1xx_HAL_Driver/Src/stm32f1xx_hal_spi.o
LOAD ./Drivers/STM32F1xx_HAL_Driver/Src/stm32f1xx_hal_tim.o
LOAD ./Drivers/STM32F1xx_HAL_Driver/Src/stm32f1xx_hal_tim_ex.o
LOAD ./Drivers/STM32F1xx_HAL_Driver/Src/stm32f1xx_hal_uart.o
START GROUP
LOAD c:/st/stm32cubeide_1.6.0/stm32cubeide/plugins/com.st.stm32cube.ide.mcu.externaltools.gnu-tools-for-stm32.9-2020-q2-update.win32_2.0.0.202105311346/tools/bin/../lib/gcc/arm-none-eabi/9.3.1/../../../../arm-none-eabi/lib/thumb/v7-m/nofp\libc_nano.a
LOAD c:/st/stm32cubeide_1.6.0/stm32cubeide/plugins/com.st.stm32cube.ide.mcu.externaltools.gnu-tools-for-stm32.9-2020-q2-update.win32_2.0.0.202105311346/tools/bin/../lib/gcc/arm-none-eabi/9.3.1/../../../../arm-none-eabi/lib/thumb/v7-m/nofp\libm.a
END GROUP
START GROUP
LOAD c:/st/stm32cubeide_1.6.0/stm32cubeide/plugins/com.st.stm32cube.ide.mcu.externaltools.gnu-tools-for-stm32.9-2020-q2-update.win32_2.0.0.202105311346/tools/bin/../lib/gcc/arm-none-eabi/9.3.1/thumb/v7-m/nofp\libgcc.a
LOAD c:/st/stm32cubeide_1.6.0/stm32cubeide/plugins/com.st.stm32cube.ide.mcu.externaltools.gnu-tools-for-stm32.9-2020-q2-update.win32_2.0.0.202105311346/tools/bin/../lib/gcc/arm-none-eabi/9.3.1/../../../../arm-none-eabi/lib/thumb/v7-m/nofp\libc_nano.a
END GROUP
START GROUP
LOAD c:/st/stm32cubeide_1.6.0/stm32cubeide/plugins/com.st.stm32cube.ide.mcu.externaltools.gnu-tools-for-stm32.9-2020-q2-update.win32_2.0.0.202105311346/tools/bin/../lib/gcc/arm-none-eabi/9.3.1/thumb/v7-m/nofp\libgcc.a
LOAD c:/st/stm32cubeide_1.6.0/stm32cubeide/plugins/com.st.stm32cube.ide.mcu.externaltools.gnu-tools-for-stm32.9-2020-q2-update.win32_2.0.0.202105311346/tools/bin/../lib/gcc/arm-none-eabi/9.3.1/../../../../arm-none-eabi/lib/thumb/v7-m/nofp\libc_nano.a
LOAD c:/st/stm32cubeide_1.6.0/stm32cubeide/plugins/com.st.stm32cube.ide.mcu.externaltools.gnu-tools-for-stm32.9-2020-q2-update.win32_2.0.0.202105311346/tools/bin/../lib/gcc/arm-none-eabi/9.3.1/../../../../arm-none-eabi/lib/thumb/v7-m/nofp\libnosys.a
END GROUP
START GROUP
LOAD c:/st/stm32cubeide_1.6.0/stm32cubeide/plugins/com.st.stm32cube.ide.mcu.externaltools.gnu-tools-for-stm32.9-2020-q2-update.win32_2.0.0.202105311346/tools/bin/../lib/gcc/arm-none-eabi/9.3.1/thumb/v7-m/nofp\libgcc.a
LOAD c:/st/stm32cubeide_1.6.0/stm32cubeide/plugins/com.st.stm32cube.ide.mcu.externaltools.gnu-tools-for-stm32.9-2020-q2-update.win32_2.0.0.202105311346/tools/bin/../lib/gcc/arm-none-eabi/9.3.1/../../../../arm-none-eabi/lib/thumb/v7-m/nofp\libc_nano.a
LOAD c:/st/stm32cubeide_1.6.0/stm32cubeide/plugins/com.st.stm32cube.ide.mcu.externaltools.gnu-tools-for-stm32.9-2020-q2-update.win32_2.0.0.202105311346/tools/bin/../lib/gcc/arm-none-eabi/9.3.1/../../../../arm-none-eabi/lib/thumb/v7-m/nofp\libnosys.a
END GROUP
LOAD c:/st/stm32cubeide_1.6.0/stm32cubeide/plugins/com.st.stm32cube.ide.mcu.externaltools.gnu-tools-for-stm32.9-2020-q2-update.win32_2.0.0.202105311346/tools/bin/../lib/gcc/arm-none-eabi/9.3.1/thumb/v7-m/nofp/crtend.o
LOAD c:/st/stm32cubeide_1.6.0/stm32cubeide/plugins/com.st.stm32cube.ide.mcu.externaltools.gnu-tools-for-stm32.9-2020-q2-update.win32_2.0.0.202105311346/tools/bin/../lib/gcc/arm-none-eabi/9.3.1/thumb/v7-m/nofp/crtn.o
                0x0000000020002000                _estack = (ORIGIN (RAM) + LENGTH (RAM))
                0x0000000000000200                _Min_Heap_Size = 0x200
                0x0000000000000400                _Min_Stack_Size = 0x400

.isr_vector     0x0000000008000000      0x1d0
                0x0000000008000000                . = ALIGN (0x4)
 *(.isr_vector)
 .isr_vector    0x0000000008000000      0x1d0 ./Core/Startup/startup_stm32f100c8tx.o
                0x0000000008000000                g_pfnVectors
                0x00000000080001d0                . = ALIGN (0x4)

.text           0x00000000080001d0     0x6fd8
                0x00000000080001d0                . = ALIGN (0x4)
 *(.text)
 .text          0x00000000080001d0       0x40 c:/st/stm32cubeide_1.6.0/stm32cubeide/plugins/com.st.stm32cube.ide.mcu.externaltools.gnu-tools-for-stm32.9-2020-q2-update.win32_2.0.0.202105311346/tools/bin/../lib/gcc/arm-none-eabi/9.3.1/thumb/v7-m/nofp/crtbegin.o
 .text          0x0000000008000210       0x10 c:/st/stm32cubeide_1.6.0/stm32cubeide/plugins/com.st.stm32cube.ide.mcu.externaltools.gnu-tools-for-stm32.9-2020-q2-update.win32_2.0.0.202105311346/tools/bin/../lib/gcc/arm-none-eabi/9.3.1/../../../../arm-none-eabi/lib/thumb/v7-m/nofp\libc_nano.a(lib_a-strlen.o)
                0x0000000008000210                strlen
 .text          0x0000000008000220      0x378 c:/st/stm32cubeide_1.6.0/stm32cubeide/plugins/com.st.stm32cube.ide.mcu.externaltools.gnu-tools-for-stm32.9-2020-q2-update.win32_2.0.0.202105311346/tools/bin/../lib/gcc/arm-none-eabi/9.3.1/thumb/v7-m/nofp\libgcc.a(_arm_addsubdf3.o)
                0x0000000008000220                __aeabi_drsub
                0x0000000008000228                __aeabi_dsub
                0x0000000008000228                __subdf3
                0x000000000800022c                __aeabi_dadd
                0x000000000800022c                __adddf3
                0x00000000080004a4                __floatunsidf
                0x00000000080004a4                __aeabi_ui2d
                0x00000000080004c4                __floatsidf
                0x00000000080004c4                __aeabi_i2d
                0x00000000080004e8                __aeabi_f2d
                0x00000000080004e8                __extendsfdf2
                0x000000000800052c                __floatundidf
                0x000000000800052c                __aeabi_ul2d
                0x000000000800053c                __floatdidf
                0x000000000800053c                __aeabi_l2d
 .text          0x0000000008000598      0x424 c:/st/stm32cubeide_1.6.0/stm32cubeide/plugins/com.st.stm32cube.ide.mcu.externaltools.gnu-tools-for-stm32.9-2020-q2-update.win32_2.0.0.202105311346/tools/bin/../lib/gcc/arm-none-eabi/9.3.1/thumb/v7-m/nofp\libgcc.a(_arm_muldivdf3.o)
                0x0000000008000598                __aeabi_dmul
                0x0000000008000598                __muldf3
                0x00000000080007ec                __divdf3
                0x00000000080007ec                __aeabi_ddiv
 .text          0x00000000080009bc       0xa0 c:/st/stm32cubeide_1.6.0/stm32cubeide/plugins/com.st.stm32cube.ide.mcu.externaltools.gnu-tools-for-stm32.9-2020-q2-update.win32_2.0.0.202105311346/tools/bin/../lib/gcc/arm-none-eabi/9.3.1/thumb/v7-m/nofp\libgcc.a(_arm_truncdfsf2.o)
                0x00000000080009bc                __truncdfsf2
                0x00000000080009bc                __aeabi_d2f
 .text          0x0000000008000a5c      0x21c c:/st/stm32cubeide_1.6.0/stm32cubeide/plugins/com.st.stm32cube.ide.mcu.externaltools.gnu-tools-for-stm32.9-2020-q2-update.win32_2.0.0.202105311346/tools/bin/../lib/gcc/arm-none-eabi/9.3.1/thumb/v7-m/nofp\libgcc.a(_arm_addsubsf3.o)
                0x0000000008000a5c                __aeabi_frsub
                0x0000000008000a64                __subsf3
                0x0000000008000a64                __aeabi_fsub
                0x0000000008000a68                __aeabi_fadd
                0x0000000008000a68                __addsf3
                0x0000000008000bc8                __aeabi_ui2f
                0x0000000008000bc8                __floatunsisf
                0x0000000008000bd0                __aeabi_i2f
                0x0000000008000bd0                __floatsisf
                0x0000000008000bec                __aeabi_ul2f
                0x0000000008000bec                __floatundisf
                0x0000000008000bfc                __aeabi_l2f
                0x0000000008000bfc                __floatdisf
 .text          0x0000000008000c78      0x2a0 c:/st/stm32cubeide_1.6.0/stm32cubeide/plugins/com.st.stm32cube.ide.mcu.externaltools.gnu-tools-for-stm32.9-2020-q2-update.win32_2.0.0.202105311346/tools/bin/../lib/gcc/arm-none-eabi/9.3.1/thumb/v7-m/nofp\libgcc.a(_arm_muldivsf3.o)
                0x0000000008000c78                __mulsf3
                0x0000000008000c78                __aeabi_fmul
                0x0000000008000de0                __aeabi_fdiv
                0x0000000008000de0                __divsf3
 .text          0x0000000008000f18       0xec c:/st/stm32cubeide_1.6.0/stm32cubeide/plugins/com.st.stm32cube.ide.mcu.externaltools.gnu-tools-for-stm32.9-2020-q2-update.win32_2.0.0.202105311346/tools/bin/../lib/gcc/arm-none-eabi/9.3.1/thumb/v7-m/nofp\libgcc.a(_arm_cmpsf2.o)
                0x0000000008000f18                __gesf2
                0x0000000008000f18                __gtsf2
                0x0000000008000f20                __lesf2
                0x0000000008000f20                __ltsf2
                0x0000000008000f28                __nesf2
                0x0000000008000f28                __eqsf2
                0x0000000008000f28                __cmpsf2
                0x0000000008000f88                __aeabi_cfrcmple
                0x0000000008000f90                __aeabi_cfcmpeq
                0x0000000008000f90                __aeabi_cfcmple
                0x0000000008000fa0                __aeabi_fcmpeq
                0x0000000008000fb4                __aeabi_fcmplt
                0x0000000008000fc8                __aeabi_fcmple
                0x0000000008000fdc                __aeabi_fcmpge
                0x0000000008000ff0                __aeabi_fcmpgt
 .text          0x0000000008001004       0x40 c:/st/stm32cubeide_1.6.0/stm32cubeide/plugins/com.st.stm32cube.ide.mcu.externaltools.gnu-tools-for-stm32.9-2020-q2-update.win32_2.0.0.202105311346/tools/bin/../lib/gcc/arm-none-eabi/9.3.1/thumb/v7-m/nofp\libgcc.a(_arm_fixunssfsi.o)
                0x0000000008001004                __fixunssfsi
                0x0000000008001004                __aeabi_f2uiz
 *(.text*)
 *fill*         0x0000000008001044        0x4 
 .text.processBattery
                0x0000000008001048      0x178 ./Core/Src/batt.o
                0x0000000008001048                processBattery
 .text.copy_poly
                0x00000000080011c0       0x3e ./Core/Src/berlekamp.o
                0x00000000080011c0                copy_poly
 .text.zero_poly
                0x00000000080011fe       0x34 ./Core/Src/berlekamp.o
                0x00000000080011fe                zero_poly
 .text.mult_polys
                0x0000000008001232      0x18c ./Core/Src/berlekamp.o
                0x0000000008001232                mult_polys
 *fill*         0x00000000080013be        0x2 
 .text.processCallSign
                0x00000000080013c0      0x100 ./Core/Src/callSign.o
                0x00000000080013c0                processCallSign
 .text.resetCam
                0x00000000080014c0       0xa4 ./Core/Src/cam.o
                0x00000000080014c0                resetCam
 .text.stopTakingPicture
                0x0000000008001564       0xcc ./Core/Src/cam.o
                0x0000000008001564                stopTakingPicture
 .text.setPhotoSize
                0x0000000008001630       0xc0 ./Core/Src/cam.o
                0x0000000008001630                setPhotoSize
 .text.setCompression
                0x00000000080016f0       0xc0 ./Core/Src/cam.o
                0x00000000080016f0                setCompression
 .text.getLenOfPhoto
                0x00000000080017b0      0x10c ./Core/Src/cam.o
                0x00000000080017b0                getLenOfPhoto
 .text.takePhoto
                0x00000000080018bc       0xc4 ./Core/Src/cam.o
                0x00000000080018bc                takePhoto
 .text.readData
                0x0000000008001980      0x190 ./Core/Src/cam.o
                0x0000000008001980                readData
 .text.processCAM
                0x0000000008001b10      0x344 ./Core/Src/cam.o
                0x0000000008001b10                processCAM
 .text.crc_16   0x0000000008001e54       0x70 ./Core/Src/crc16.o
                0x0000000008001e54                crc_16
 .text.init_crc16_tab
                0x0000000008001ec4       0x84 ./Core/Src/crc16.o
 .text.space    0x0000000008001f48       0x18 ./Core/Src/cw.o
                0x0000000008001f48                space
 .text.characterSpace
                0x0000000008001f60       0x1c ./Core/Src/cw.o
                0x0000000008001f60                characterSpace
 .text.dit      0x0000000008001f7c       0x34 ./Core/Src/cw.o
                0x0000000008001f7c                dit
 .text.dah      0x0000000008001fb0       0x34 ./Core/Src/cw.o
                0x0000000008001fb0                dah
 .text.sendCharacter
                0x0000000008001fe4      0x3f0 ./Core/Src/cw.o
                0x0000000008001fe4                sendCharacter
 .text.sendCallCW
                0x00000000080023d4       0x3e ./Core/Src/cw.o
                0x00000000080023d4                sendCallCW
 .text.rscode_init
                0x0000000008002412       0x22 ./Core/Src/ecc.o
                0x0000000008002412                rscode_init
 .text.rscode_encode
                0x0000000008002434       0x22 ./Core/Src/ecc.o
                0x0000000008002434                rscode_encode
 .text.gexp     0x0000000008002456       0xb6 ./Core/Src/galois.o
                0x0000000008002456                gexp
 .text.gmult    0x000000000800250c       0xe0 ./Core/Src/galois.o
                0x000000000800250c                gmult
 .text.processGPS
                0x00000000080025ec      0x3ac ./Core/Src/gps.o
                0x00000000080025ec                processGPS
 .text.processInfo
                0x0000000008002998       0xb0 ./Core/Src/info.o
                0x0000000008002998                processInfo
 .text.processInternalTemp
                0x0000000008002a48       0xd2 ./Core/Src/internalTemp.o
                0x0000000008002a48                processInternalTemp
 *fill*         0x0000000008002b1a        0x2 
 .text.main     0x0000000008002b1c      0x160 ./Core/Src/main.o
                0x0000000008002b1c                main
 .text.SystemClock_Config
                0x0000000008002c7c       0x9e ./Core/Src/main.o
                0x0000000008002c7c                SystemClock_Config
 *fill*         0x0000000008002d1a        0x2 
 .text.MX_ADC1_Init
                0x0000000008002d1c       0x7c ./Core/Src/main.o
 .text.MX_SPI2_Init
                0x0000000008002d98       0x6c ./Core/Src/main.o
 .text.MX_TIM2_Init
                0x0000000008002e04       0xac ./Core/Src/main.o
 .text.MX_USART1_UART_Init
                0x0000000008002eb0       0x54 ./Core/Src/main.o
 .text.MX_USART3_UART_Init
                0x0000000008002f04       0x54 ./Core/Src/main.o
 .text.MX_GPIO_Init
                0x0000000008002f58       0xc4 ./Core/Src/main.o
 .text.HAL_TIM_PeriodElapsedCallback
                0x000000000800301c      0x120 ./Core/Src/main.o
                0x000000000800301c                HAL_TIM_PeriodElapsedCallback
 .text.Error_Handler
                0x000000000800313c        0xa ./Core/Src/main.o
                0x000000000800313c                Error_Handler
 *fill*         0x0000000008003146        0x2 
 .text.setupRadio
                0x0000000008003148       0xf4 ./Core/Src/radio.o
                0x0000000008003148                setupRadio
 .text.setCW    0x000000000800323c       0x1c ./Core/Src/radio.o
                0x000000000800323c                setCW
 .text.setGFSK  0x0000000008003258       0x1c ./Core/Src/radio.o
                0x0000000008003258                setGFSK
 .text.setPreamble
                0x0000000008003274       0x1c ./Core/Src/radio.o
                0x0000000008003274                setPreamble
 .text.radio_read_register
                0x0000000008003290       0x80 ./Core/Src/radio.o
                0x0000000008003290                radio_read_register
 .text.radio_write_register
                0x0000000008003310       0x98 ./Core/Src/radio.o
                0x0000000008003310                radio_write_register
 .text.radio_set_tx_frequency
                0x00000000080033a8      0x18c ./Core/Src/radio.o
                0x00000000080033a8                radio_set_tx_frequency
 .text.radioTxData
                0x0000000008003534       0xb8 ./Core/Src/radio.o
                0x0000000008003534                radioTxData
 .text.initialize_ecc
                0x00000000080035ec       0x1c ./Core/Src/rs.o
                0x00000000080035ec                initialize_ecc
 .text.zero_fill_from
                0x0000000008003608       0x36 ./Core/Src/rs.o
                0x0000000008003608                zero_fill_from
 .text.build_codeword
                0x000000000800363e       0x6e ./Core/Src/rs.o
                0x000000000800363e                build_codeword
 .text.compute_genpoly
                0x00000000080036ac       0xb2 ./Core/Src/rs.o
 .text.encode_data
                0x000000000800375e       0xec ./Core/Src/rs.o
                0x000000000800375e                encode_data
 *fill*         0x000000000800384a        0x2 
 .text.HAL_MspInit
                0x000000000800384c       0x64 ./Core/Src/stm32f1xx_hal_msp.o
                0x000000000800384c                HAL_MspInit
 .text.HAL_ADC_MspInit
                0x00000000080038b0       0x78 ./Core/Src/stm32f1xx_hal_msp.o
                0x00000000080038b0                HAL_ADC_MspInit
 .text.HAL_SPI_MspInit
                0x0000000008003928       0x98 ./Core/Src/stm32f1xx_hal_msp.o
                0x0000000008003928                HAL_SPI_MspInit
 .text.HAL_TIM_Base_MspInit
                0x00000000080039c0       0x48 ./Core/Src/stm32f1xx_hal_msp.o
                0x00000000080039c0                HAL_TIM_Base_MspInit
 .text.HAL_UART_MspInit
                0x0000000008003a08      0x110 ./Core/Src/stm32f1xx_hal_msp.o
                0x0000000008003a08                HAL_UART_MspInit
 .text.HAL_InitTick
                0x0000000008003b18       0xac ./Core/Src/stm32f1xx_hal_timebase_tim.o
                0x0000000008003b18                HAL_InitTick
 .text.NMI_Handler
                0x0000000008003bc4        0x6 ./Core/Src/stm32f1xx_it.o
                0x0000000008003bc4                NMI_Handler
 .text.HardFault_Handler
                0x0000000008003bca        0x6 ./Core/Src/stm32f1xx_it.o
                0x0000000008003bca                HardFault_Handler
 .text.MemManage_Handler
                0x0000000008003bd0        0x6 ./Core/Src/stm32f1xx_it.o
                0x0000000008003bd0                MemManage_Handler
 .text.BusFault_Handler
                0x0000000008003bd6        0x6 ./Core/Src/stm32f1xx_it.o
                0x0000000008003bd6                BusFault_Handler
 .text.UsageFault_Handler
                0x0000000008003bdc        0x6 ./Core/Src/stm32f1xx_it.o
                0x0000000008003bdc                UsageFault_Handler
 .text.SVC_Handler
                0x0000000008003be2        0xc ./Core/Src/stm32f1xx_it.o
                0x0000000008003be2                SVC_Handler
 .text.DebugMon_Handler
                0x0000000008003bee        0xc ./Core/Src/stm32f1xx_it.o
                0x0000000008003bee                DebugMon_Handler
 .text.PendSV_Handler
                0x0000000008003bfa        0xc ./Core/Src/stm32f1xx_it.o
                0x0000000008003bfa                PendSV_Handler
 .text.SysTick_Handler
                0x0000000008003c06        0xc ./Core/Src/stm32f1xx_it.o
                0x0000000008003c06                SysTick_Handler
 *fill*         0x0000000008003c12        0x2 
 .text.TIM2_IRQHandler
                0x0000000008003c14       0x14 ./Core/Src/stm32f1xx_it.o
                0x0000000008003c14                TIM2_IRQHandler
 .text.TIM6_DAC_IRQHandler
                0x0000000008003c28       0x14 ./Core/Src/stm32f1xx_it.o
                0x0000000008003c28                TIM6_DAC_IRQHandler
 .text._kill    0x0000000008003c3c       0x20 ./Core/Src/syscalls.o
                0x0000000008003c3c                _kill
 .text._exit    0x0000000008003c5c       0x14 ./Core/Src/syscalls.o
                0x0000000008003c5c                _exit
 .text.SystemInit
                0x0000000008003c70        0xc ./Core/Src/system_stm32f1xx.o
                0x0000000008003c70                SystemInit
 .text.calcChecksum
                0x0000000008003c7c       0x5e ./Core/Src/ublox.o
                0x0000000008003c7c                calcChecksum
 .text.setGPS_DynamicModel6
                0x0000000008003cda      0x152 ./Core/Src/ublox.o
                0x0000000008003cda                setGPS_DynamicModel6
 .text.disableNMEA
                0x0000000008003e2c       0xa4 ./Core/Src/ublox.o
                0x0000000008003e2c                disableNMEA
 .text.Reset_Handler
                0x0000000008003ed0       0x48 ./Core/Startup/startup_stm32f100c8tx.o
                0x0000000008003ed0                Reset_Handler
 .text.Default_Handler
                0x0000000008003f18        0x2 ./Core/Startup/startup_stm32f100c8tx.o
                0x0000000008003f18                RTC_Alarm_IRQHandler
                0x0000000008003f18                EXTI2_IRQHandler
                0x0000000008003f18                TIM1_CC_IRQHandler
                0x0000000008003f18                PVD_IRQHandler
                0x0000000008003f18                EXTI3_IRQHandler
                0x0000000008003f18                EXTI0_IRQHandler
                0x0000000008003f18                TIM1_UP_TIM16_IRQHandler
                0x0000000008003f18                SPI1_IRQHandler
                0x0000000008003f18                TAMPER_IRQHandler
                0x0000000008003f18                DMA1_Channel4_IRQHandler
                0x0000000008003f18                ADC1_IRQHandler
                0x0000000008003f18                USART3_IRQHandler
                0x0000000008003f18                RTC_IRQHandler
                0x0000000008003f18                DMA1_Channel7_IRQHandler
                0x0000000008003f18                TIM4_IRQHandler
                0x0000000008003f18                I2C1_EV_IRQHandler
                0x0000000008003f18                DMA1_Channel6_IRQHandler
                0x0000000008003f18                TIM3_IRQHandler
                0x0000000008003f18                RCC_IRQHandler
                0x0000000008003f18                DMA1_Channel1_IRQHandler
                0x0000000008003f18                Default_Handler
                0x0000000008003f18                CEC_IRQHandler
                0x0000000008003f18                EXTI15_10_IRQHandler
                0x0000000008003f18                TIM7_IRQHandler
                0x0000000008003f18                EXTI9_5_IRQHandler
                0x0000000008003f18                DMA1_Channel5_IRQHandler
                0x0000000008003f18                EXTI4_IRQHandler
                0x0000000008003f18                TIM1_TRG_COM_TIM17_IRQHandler
                0x0000000008003f18                DMA1_Channel3_IRQHandler
                0x0000000008003f18                WWDG_IRQHandler
                0x0000000008003f18                EXTI1_IRQHandler
                0x0000000008003f18                USART2_IRQHandler
                0x0000000008003f18                DMA1_Channel2_IRQHandler
                0x0000000008003f18                FLASH_IRQHandler
                0x0000000008003f18                USART1_IRQHandler
                0x0000000008003f18                I2C1_ER_IRQHandler
                0x0000000008003f18                TIM1_BRK_TIM15_IRQHandler
 .text.HAL_Init
                0x0000000008003f1a       0x1a ./Drivers/STM32F1xx_HAL_Driver/Src/stm32f1xx_hal.o
                0x0000000008003f1a                HAL_Init
 .text.HAL_IncTick
                0x0000000008003f34       0x24 ./Drivers/STM32F1xx_HAL_Driver/Src/stm32f1xx_hal.o
                0x0000000008003f34                HAL_IncTick
 .text.HAL_GetTick
                0x0000000008003f58       0x14 ./Drivers/STM32F1xx_HAL_Driver/Src/stm32f1xx_hal.o
                0x0000000008003f58                HAL_GetTick
 .text.HAL_Delay
                0x0000000008003f6c       0x48 ./Drivers/STM32F1xx_HAL_Driver/Src/stm32f1xx_hal.o
                0x0000000008003f6c                HAL_Delay
 .text.HAL_ADC_Init
                0x0000000008003fb4      0x1b0 ./Drivers/STM32F1xx_HAL_Driver/Src/stm32f1xx_hal_adc.o
                0x0000000008003fb4                HAL_ADC_Init
 .text.HAL_ADC_Start
                0x0000000008004164       0xe8 ./Drivers/STM32F1xx_HAL_Driver/Src/stm32f1xx_hal_adc.o
                0x0000000008004164                HAL_ADC_Start
 .text.HAL_ADC_Stop
                0x000000000800424c       0x58 ./Drivers/STM32F1xx_HAL_Driver/Src/stm32f1xx_hal_adc.o
                0x000000000800424c                HAL_ADC_Stop
 .text.HAL_ADC_PollForConversion
                0x00000000080042a4      0x20c ./Drivers/STM32F1xx_HAL_Driver/Src/stm32f1xx_hal_adc.o
                0x00000000080042a4                HAL_ADC_PollForConversion
 .text.HAL_ADC_GetValue
                0x00000000080044b0       0x18 ./Drivers/STM32F1xx_HAL_Driver/Src/stm32f1xx_hal_adc.o
                0x00000000080044b0                HAL_ADC_GetValue
 .text.HAL_ADC_ConfigChannel
                0x00000000080044c8      0x1f0 ./Drivers/STM32F1xx_HAL_Driver/Src/stm32f1xx_hal_adc.o
                0x00000000080044c8                HAL_ADC_ConfigChannel
 .text.ADC_Enable
                0x00000000080046b8       0xb4 ./Drivers/STM32F1xx_HAL_Driver/Src/stm32f1xx_hal_adc.o
                0x00000000080046b8                ADC_Enable
 .text.ADC_ConversionStop_Disable
                0x000000000800476c       0x82 ./Drivers/STM32F1xx_HAL_Driver/Src/stm32f1xx_hal_adc.o
                0x000000000800476c                ADC_ConversionStop_Disable
 *fill*         0x00000000080047ee        0x2 
 .text.__NVIC_SetPriorityGrouping
                0x00000000080047f0       0x48 ./Drivers/STM32F1xx_HAL_Driver/Src/stm32f1xx_hal_cortex.o
 .text.__NVIC_GetPriorityGrouping
                0x0000000008004838       0x1c ./Drivers/STM32F1xx_HAL_Driver/Src/stm32f1xx_hal_cortex.o
 .text.__NVIC_EnableIRQ
                0x0000000008004854       0x38 ./Drivers/STM32F1xx_HAL_Driver/Src/stm32f1xx_hal_cortex.o
 .text.__NVIC_SetPriority
                0x000000000800488c       0x54 ./Drivers/STM32F1xx_HAL_Driver/Src/stm32f1xx_hal_cortex.o
 .text.NVIC_EncodePriority
                0x00000000080048e0       0x64 ./Drivers/STM32F1xx_HAL_Driver/Src/stm32f1xx_hal_cortex.o
 .text.HAL_NVIC_SetPriorityGrouping
                0x0000000008004944       0x16 ./Drivers/STM32F1xx_HAL_Driver/Src/stm32f1xx_hal_cortex.o
                0x0000000008004944                HAL_NVIC_SetPriorityGrouping
 .text.HAL_NVIC_SetPriority
                0x000000000800495a       0x38 ./Drivers/STM32F1xx_HAL_Driver/Src/stm32f1xx_hal_cortex.o
                0x000000000800495a                HAL_NVIC_SetPriority
 .text.HAL_NVIC_EnableIRQ
                0x0000000008004992       0x1c ./Drivers/STM32F1xx_HAL_Driver/Src/stm32f1xx_hal_cortex.o
                0x0000000008004992                HAL_NVIC_EnableIRQ
 *fill*         0x00000000080049ae        0x2 
 .text.HAL_GPIO_Init
                0x00000000080049b0      0x308 ./Drivers/STM32F1xx_HAL_Driver/Src/stm32f1xx_hal_gpio.o
                0x00000000080049b0                HAL_GPIO_Init
 .text.HAL_GPIO_WritePin
                0x0000000008004cb8       0x30 ./Drivers/STM32F1xx_HAL_Driver/Src/stm32f1xx_hal_gpio.o
                0x0000000008004cb8                HAL_GPIO_WritePin
 .text.HAL_GPIO_TogglePin
                0x0000000008004ce8       0x32 ./Drivers/STM32F1xx_HAL_Driver/Src/stm32f1xx_hal_gpio.o
                0x0000000008004ce8                HAL_GPIO_TogglePin
 *fill*         0x0000000008004d1a        0x2 
 .text.HAL_RCC_OscConfig
                0x0000000008004d1c      0x500 ./Drivers/STM32F1xx_HAL_Driver/Src/stm32f1xx_hal_rcc.o
                0x0000000008004d1c                HAL_RCC_OscConfig
 .text.HAL_RCC_ClockConfig
                0x000000000800521c      0x170 ./Drivers/STM32F1xx_HAL_Driver/Src/stm32f1xx_hal_rcc.o
                0x000000000800521c                HAL_RCC_ClockConfig
 .text.HAL_RCC_GetSysClockFreq
                0x000000000800538c       0xc8 ./Drivers/STM32F1xx_HAL_Driver/Src/stm32f1xx_hal_rcc.o
                0x000000000800538c                HAL_RCC_GetSysClockFreq
 .text.HAL_RCC_GetHCLKFreq
                0x0000000008005454       0x14 ./Drivers/STM32F1xx_HAL_Driver/Src/stm32f1xx_hal_rcc.o
                0x0000000008005454                HAL_RCC_GetHCLKFreq
 .text.HAL_RCC_GetPCLK1Freq
                0x0000000008005468       0x28 ./Drivers/STM32F1xx_HAL_Driver/Src/stm32f1xx_hal_rcc.o
                0x0000000008005468                HAL_RCC_GetPCLK1Freq
 .text.HAL_RCC_GetPCLK2Freq
                0x0000000008005490       0x28 ./Drivers/STM32F1xx_HAL_Driver/Src/stm32f1xx_hal_rcc.o
                0x0000000008005490                HAL_RCC_GetPCLK2Freq
 .text.HAL_RCC_GetClockConfig
                0x00000000080054b8       0x58 ./Drivers/STM32F1xx_HAL_Driver/Src/stm32f1xx_hal_rcc.o
                0x00000000080054b8                HAL_RCC_GetClockConfig
 .text.RCC_Delay
                0x0000000008005510       0x3c ./Drivers/STM32F1xx_HAL_Driver/Src/stm32f1xx_hal_rcc.o
 .text.HAL_RCCEx_PeriphCLKConfig
                0x000000000800554c      0x14c ./Drivers/STM32F1xx_HAL_Driver/Src/stm32f1xx_hal_rcc_ex.o
                0x000000000800554c                HAL_RCCEx_PeriphCLKConfig
 .text.HAL_RCCEx_GetPeriphCLKFreq
                0x0000000008005698       0xb0 ./Drivers/STM32F1xx_HAL_Driver/Src/stm32f1xx_hal_rcc_ex.o
                0x0000000008005698                HAL_RCCEx_GetPeriphCLKFreq
 .text.HAL_SPI_Init
                0x0000000008005748       0xf8 ./Drivers/STM32F1xx_HAL_Driver/Src/stm32f1xx_hal_spi.o
                0x0000000008005748                HAL_SPI_Init
 .text.HAL_SPI_Transmit
                0x0000000008005840      0x278 ./Drivers/STM32F1xx_HAL_Driver/Src/stm32f1xx_hal_spi.o
                0x0000000008005840                HAL_SPI_Transmit
 .text.HAL_SPI_Receive
                0x0000000008005ab8      0x222 ./Drivers/STM32F1xx_HAL_Driver/Src/stm32f1xx_hal_spi.o
                0x0000000008005ab8                HAL_SPI_Receive
 .text.HAL_SPI_TransmitReceive
                0x0000000008005cda      0x344 ./Drivers/STM32F1xx_HAL_Driver/Src/stm32f1xx_hal_spi.o
                0x0000000008005cda                HAL_SPI_TransmitReceive
 *fill*         0x000000000800601e        0x2 
 .text.SPI_WaitFlagStateUntilTimeout
                0x0000000008006020      0x110 ./Drivers/STM32F1xx_HAL_Driver/Src/stm32f1xx_hal_spi.o
 .text.SPI_EndRxTransaction
                0x0000000008006130       0xa4 ./Drivers/STM32F1xx_HAL_Driver/Src/stm32f1xx_hal_spi.o
 .text.SPI_EndRxTxTransaction
                0x00000000080061d4       0x3c ./Drivers/STM32F1xx_HAL_Driver/Src/stm32f1xx_hal_spi.o
 .text.HAL_TIM_Base_Init
                0x0000000008006210       0x9e ./Drivers/STM32F1xx_HAL_Driver/Src/stm32f1xx_hal_tim.o
                0x0000000008006210                HAL_TIM_Base_Init
 *fill*         0x00000000080062ae        0x2 
 .text.HAL_TIM_Base_Start_IT
                0x00000000080062b0       0xb4 ./Drivers/STM32F1xx_HAL_Driver/Src/stm32f1xx_hal_tim.o
                0x00000000080062b0                HAL_TIM_Base_Start_IT
 .text.HAL_TIM_IRQHandler
                0x0000000008006364      0x210 ./Drivers/STM32F1xx_HAL_Driver/Src/stm32f1xx_hal_tim.o
                0x0000000008006364                HAL_TIM_IRQHandler
 .text.HAL_TIM_ConfigClockSource
                0x0000000008006574      0x188 ./Drivers/STM32F1xx_HAL_Driver/Src/stm32f1xx_hal_tim.o
                0x0000000008006574                HAL_TIM_ConfigClockSource
 .text.HAL_TIM_OC_DelayElapsedCallback
                0x00000000080066fc       0x12 ./Drivers/STM32F1xx_HAL_Driver/Src/stm32f1xx_hal_tim.o
                0x00000000080066fc                HAL_TIM_OC_DelayElapsedCallback
 .text.HAL_TIM_IC_CaptureCallback
                0x000000000800670e       0x12 ./Drivers/STM32F1xx_HAL_Driver/Src/stm32f1xx_hal_tim.o
                0x000000000800670e                HAL_TIM_IC_CaptureCallback
 .text.HAL_TIM_PWM_PulseFinishedCallback
                0x0000000008006720       0x12 ./Drivers/STM32F1xx_HAL_Driver/Src/stm32f1xx_hal_tim.o
                0x0000000008006720                HAL_TIM_PWM_PulseFinishedCallback
 .text.HAL_TIM_TriggerCallback
                0x0000000008006732       0x12 ./Drivers/STM32F1xx_HAL_Driver/Src/stm32f1xx_hal_tim.o
                0x0000000008006732                HAL_TIM_TriggerCallback
 .text.TIM_Base_SetConfig
                0x0000000008006744      0x100 ./Drivers/STM32F1xx_HAL_Driver/Src/stm32f1xx_hal_tim.o
                0x0000000008006744                TIM_Base_SetConfig
 .text.TIM_TI1_ConfigInputStage
                0x0000000008006844       0x5c ./Drivers/STM32F1xx_HAL_Driver/Src/stm32f1xx_hal_tim.o
 .text.TIM_TI2_ConfigInputStage
                0x00000000080068a0       0x5e ./Drivers/STM32F1xx_HAL_Driver/Src/stm32f1xx_hal_tim.o
 .text.TIM_ITRx_SetConfig
                0x00000000080068fe       0x34 ./Drivers/STM32F1xx_HAL_Driver/Src/stm32f1xx_hal_tim.o
 .text.TIM_ETR_SetConfig
                0x0000000008006932       0x3e ./Drivers/STM32F1xx_HAL_Driver/Src/stm32f1xx_hal_tim.o
                0x0000000008006932                TIM_ETR_SetConfig
 .text.HAL_TIMEx_MasterConfigSynchronization
                0x0000000008006970       0xcc ./Drivers/STM32F1xx_HAL_Driver/Src/stm32f1xx_hal_tim_ex.o
                0x0000000008006970                HAL_TIMEx_MasterConfigSynchronization
 .text.HAL_TIMEx_CommutCallback
                0x0000000008006a3c       0x12 ./Drivers/STM32F1xx_HAL_Driver/Src/stm32f1xx_hal_tim_ex.o
                0x0000000008006a3c                HAL_TIMEx_CommutCallback
 .text.HAL_TIMEx_BreakCallback
                0x0000000008006a4e       0x12 ./Drivers/STM32F1xx_HAL_Driver/Src/stm32f1xx_hal_tim_ex.o
                0x0000000008006a4e                HAL_TIMEx_BreakCallback
 .text.HAL_UART_Init
                0x0000000008006a60       0x9a ./Drivers/STM32F1xx_HAL_Driver/Src/stm32f1xx_hal_uart.o
                0x0000000008006a60                HAL_UART_Init
 .text.HAL_UART_Transmit
                0x0000000008006afa      0x124 ./Drivers/STM32F1xx_HAL_Driver/Src/stm32f1xx_hal_uart.o
                0x0000000008006afa                HAL_UART_Transmit
 .text.HAL_UARTEx_ReceiveToIdle
                0x0000000008006c1e      0x1ba ./Drivers/STM32F1xx_HAL_Driver/Src/stm32f1xx_hal_uart.o
                0x0000000008006c1e                HAL_UARTEx_ReceiveToIdle
 .text.UART_WaitOnFlagUntilTimeout
                0x0000000008006dd8       0x94 ./Drivers/STM32F1xx_HAL_Driver/Src/stm32f1xx_hal_uart.o
 .text.UART_SetConfig
                0x0000000008006e6c      0x1c8 ./Drivers/STM32F1xx_HAL_Driver/Src/stm32f1xx_hal_uart.o
 .text.__errno  0x0000000008007034        0xc c:/st/stm32cubeide_1.6.0/stm32cubeide/plugins/com.st.stm32cube.ide.mcu.externaltools.gnu-tools-for-stm32.9-2020-q2-update.win32_2.0.0.202105311346/tools/bin/../lib/gcc/arm-none-eabi/9.3.1/../../../../arm-none-eabi/lib/thumb/v7-m/nofp\libc_nano.a(lib_a-errno.o)
                0x0000000008007034                __errno
 .text.exit     0x0000000008007040       0x28 c:/st/stm32cubeide_1.6.0/stm32cubeide/plugins/com.st.stm32cube.ide.mcu.externaltools.gnu-tools-for-stm32.9-2020-q2-update.win32_2.0.0.202105311346/tools/bin/../lib/gcc/arm-none-eabi/9.3.1/../../../../arm-none-eabi/lib/thumb/v7-m/nofp\libc_nano.a(lib_a-exit.o)
                0x0000000008007040                exit
 .text.__libc_init_array
                0x0000000008007068       0x48 c:/st/stm32cubeide_1.6.0/stm32cubeide/plugins/com.st.stm32cube.ide.mcu.externaltools.gnu-tools-for-stm32.9-2020-q2-update.win32_2.0.0.202105311346/tools/bin/../lib/gcc/arm-none-eabi/9.3.1/../../../../arm-none-eabi/lib/thumb/v7-m/nofp\libc_nano.a(lib_a-init.o)
                0x0000000008007068                __libc_init_array
 .text.memcpy   0x00000000080070b0       0x1c c:/st/stm32cubeide_1.6.0/stm32cubeide/plugins/com.st.stm32cube.ide.mcu.externaltools.gnu-tools-for-stm32.9-2020-q2-update.win32_2.0.0.202105311346/tools/bin/../lib/gcc/arm-none-eabi/9.3.1/../../../../arm-none-eabi/lib/thumb/v7-m/nofp\libc_nano.a(lib_a-memcpy-stub.o)
                0x00000000080070b0                memcpy
 .text.memset   0x00000000080070cc       0x10 c:/st/stm32cubeide_1.6.0/stm32cubeide/plugins/com.st.stm32cube.ide.mcu.externaltools.gnu-tools-for-stm32.9-2020-q2-update.win32_2.0.0.202105311346/tools/bin/../lib/gcc/arm-none-eabi/9.3.1/../../../../arm-none-eabi/lib/thumb/v7-m/nofp\libc_nano.a(lib_a-memset.o)
                0x00000000080070cc                memset
 .text.strncmp  0x00000000080070dc       0x24 c:/st/stm32cubeide_1.6.0/stm32cubeide/plugins/com.st.stm32cube.ide.mcu.externaltools.gnu-tools-for-stm32.9-2020-q2-update.win32_2.0.0.202105311346/tools/bin/../lib/gcc/arm-none-eabi/9.3.1/../../../../arm-none-eabi/lib/thumb/v7-m/nofp\libc_nano.a(lib_a-strncmp.o)
                0x00000000080070dc                strncmp
 .text.round    0x0000000008007100       0x90 c:/st/stm32cubeide_1.6.0/stm32cubeide/plugins/com.st.stm32cube.ide.mcu.externaltools.gnu-tools-for-stm32.9-2020-q2-update.win32_2.0.0.202105311346/tools/bin/../lib/gcc/arm-none-eabi/9.3.1/../../../../arm-none-eabi/lib/thumb/v7-m/nofp\libm.a(lib_a-s_round.o)
                0x0000000008007100                round
 *(.glue_7)
 .glue_7        0x0000000008007190        0x0 linker stubs
 *(.glue_7t)
 .glue_7t       0x0000000008007190        0x0 linker stubs
 *(.eh_frame)
 .eh_frame      0x0000000008007190        0x0 c:/st/stm32cubeide_1.6.0/stm32cubeide/plugins/com.st.stm32cube.ide.mcu.externaltools.gnu-tools-for-stm32.9-2020-q2-update.win32_2.0.0.202105311346/tools/bin/../lib/gcc/arm-none-eabi/9.3.1/thumb/v7-m/nofp/crtbegin.o
 *(.init)
 .init          0x0000000008007190        0x4 c:/st/stm32cubeide_1.6.0/stm32cubeide/plugins/com.st.stm32cube.ide.mcu.externaltools.gnu-tools-for-stm32.9-2020-q2-update.win32_2.0.0.202105311346/tools/bin/../lib/gcc/arm-none-eabi/9.3.1/thumb/v7-m/nofp/crti.o
                0x0000000008007190                _init
 .init          0x0000000008007194        0x8 c:/st/stm32cubeide_1.6.0/stm32cubeide/plugins/com.st.stm32cube.ide.mcu.externaltools.gnu-tools-for-stm32.9-2020-q2-update.win32_2.0.0.202105311346/tools/bin/../lib/gcc/arm-none-eabi/9.3.1/thumb/v7-m/nofp/crtn.o
 *(.fini)
 .fini          0x000000000800719c        0x4 c:/st/stm32cubeide_1.6.0/stm32cubeide/plugins/com.st.stm32cube.ide.mcu.externaltools.gnu-tools-for-stm32.9-2020-q2-update.win32_2.0.0.202105311346/tools/bin/../lib/gcc/arm-none-eabi/9.3.1/thumb/v7-m/nofp/crti.o
                0x000000000800719c                _fini
 .fini          0x00000000080071a0        0x8 c:/st/stm32cubeide_1.6.0/stm32cubeide/plugins/com.st.stm32cube.ide.mcu.externaltools.gnu-tools-for-stm32.9-2020-q2-update.win32_2.0.0.202105311346/tools/bin/../lib/gcc/arm-none-eabi/9.3.1/thumb/v7-m/nofp/crtn.o
                0x00000000080071a8                . = ALIGN (0x4)
                0x00000000080071a8                _etext = .

.vfp11_veneer   0x00000000080071a8        0x0
 .vfp11_veneer  0x00000000080071a8        0x0 linker stubs

.v4_bx          0x00000000080071a8        0x0
 .v4_bx         0x00000000080071a8        0x0 linker stubs

.iplt           0x00000000080071a8        0x0
 .iplt          0x00000000080071a8        0x0 c:/st/stm32cubeide_1.6.0/stm32cubeide/plugins/com.st.stm32cube.ide.mcu.externaltools.gnu-tools-for-stm32.9-2020-q2-update.win32_2.0.0.202105311346/tools/bin/../lib/gcc/arm-none-eabi/9.3.1/thumb/v7-m/nofp/crtbegin.o

.rodata         0x00000000080071a8      0x124
                0x00000000080071a8                . = ALIGN (0x4)
 *(.rodata)
 .rodata        0x00000000080071a8        0xa ./Core/Src/callSign.o
 *fill*         0x00000000080071b2        0x2 
 .rodata        0x00000000080071b4       0x4d ./Core/Src/cam.o
 *fill*         0x0000000008007201        0x3 
 .rodata        0x0000000008007204        0x8 ./Core/Src/gps.o
 .rodata        0x000000000800720c       0x19 ./Core/Src/info.o
 *fill*         0x0000000008007225        0x3 
 .rodata        0x0000000008007228        0x5 ./Core/Src/ublox.o
 *fill*         0x000000000800722d        0x3 
 .rodata        0x0000000008007230       0x20 ./Drivers/STM32F1xx_HAL_Driver/Src/stm32f1xx_hal_rcc.o
 *(.rodata*)
 .rodata.AHBPrescTable
                0x0000000008007250       0x10 ./Core/Src/system_stm32f1xx.o
                0x0000000008007250                AHBPrescTable
 .rodata.APBPrescTable
                0x0000000008007260        0x8 ./Core/Src/system_stm32f1xx.o
                0x0000000008007260                APBPrescTable
 .rodata._global_impure_ptr
                0x0000000008007268        0x4 c:/st/stm32cubeide_1.6.0/stm32cubeide/plugins/com.st.stm32cube.ide.mcu.externaltools.gnu-tools-for-stm32.9-2020-q2-update.win32_2.0.0.202105311346/tools/bin/../lib/gcc/arm-none-eabi/9.3.1/../../../../arm-none-eabi/lib/thumb/v7-m/nofp\libc_nano.a(lib_a-impure.o)
                0x0000000008007268                _global_impure_ptr
 .rodata.__sf_fake_stderr
                0x000000000800726c       0x20 c:/st/stm32cubeide_1.6.0/stm32cubeide/plugins/com.st.stm32cube.ide.mcu.externaltools.gnu-tools-for-stm32.9-2020-q2-update.win32_2.0.0.202105311346/tools/bin/../lib/gcc/arm-none-eabi/9.3.1/../../../../arm-none-eabi/lib/thumb/v7-m/nofp\libc_nano.a(lib_a-findfp.o)
                0x000000000800726c                __sf_fake_stderr
 .rodata.__sf_fake_stdin
                0x000000000800728c       0x20 c:/st/stm32cubeide_1.6.0/stm32cubeide/plugins/com.st.stm32cube.ide.mcu.externaltools.gnu-tools-for-stm32.9-2020-q2-update.win32_2.0.0.202105311346/tools/bin/../lib/gcc/arm-none-eabi/9.3.1/../../../../arm-none-eabi/lib/thumb/v7-m/nofp\libc_nano.a(lib_a-findfp.o)
                0x000000000800728c                __sf_fake_stdin
 .rodata.__sf_fake_stdout
                0x00000000080072ac       0x20 c:/st/stm32cubeide_1.6.0/stm32cubeide/plugins/com.st.stm32cube.ide.mcu.externaltools.gnu-tools-for-stm32.9-2020-q2-update.win32_2.0.0.202105311346/tools/bin/../lib/gcc/arm-none-eabi/9.3.1/../../../../arm-none-eabi/lib/thumb/v7-m/nofp\libc_nano.a(lib_a-findfp.o)
                0x00000000080072ac                __sf_fake_stdout
                0x00000000080072cc                . = ALIGN (0x4)

.rel.dyn        0x00000000080072cc        0x0
 .rel.iplt      0x00000000080072cc        0x0 c:/st/stm32cubeide_1.6.0/stm32cubeide/plugins/com.st.stm32cube.ide.mcu.externaltools.gnu-tools-for-stm32.9-2020-q2-update.win32_2.0.0.202105311346/tools/bin/../lib/gcc/arm-none-eabi/9.3.1/thumb/v7-m/nofp/crtbegin.o

.ARM.extab      0x00000000080072cc        0x0
                0x00000000080072cc                . = ALIGN (0x4)
 *(.ARM.extab* .gnu.linkonce.armextab.*)
                0x00000000080072cc                . = ALIGN (0x4)

.ARM            0x00000000080072cc        0x0
                0x00000000080072cc                . = ALIGN (0x4)
                0x00000000080072cc                __exidx_start = .
 *(.ARM.exidx*)
                0x00000000080072cc                __exidx_end = .
                0x00000000080072cc                . = ALIGN (0x4)

.preinit_array  0x00000000080072cc        0x0
                0x00000000080072cc                . = ALIGN (0x4)
                0x00000000080072cc                PROVIDE (__preinit_array_start = .)
 *(.preinit_array*)
                0x00000000080072cc                PROVIDE (__preinit_array_end = .)
                0x00000000080072cc                . = ALIGN (0x4)

.init_array     0x00000000080072cc        0x4
                0x00000000080072cc                . = ALIGN (0x4)
                0x00000000080072cc                PROVIDE (__init_array_start = .)
 *(SORT_BY_NAME(.init_array.*))
 *(.init_array*)
 .init_array    0x00000000080072cc        0x4 c:/st/stm32cubeide_1.6.0/stm32cubeide/plugins/com.st.stm32cube.ide.mcu.externaltools.gnu-tools-for-stm32.9-2020-q2-update.win32_2.0.0.202105311346/tools/bin/../lib/gcc/arm-none-eabi/9.3.1/thumb/v7-m/nofp/crtbegin.o
                0x00000000080072d0                PROVIDE (__init_array_end = .)
                0x00000000080072d0                . = ALIGN (0x4)

.fini_array     0x00000000080072d0        0x4
                0x00000000080072d0                . = ALIGN (0x4)
                [!provide]                        PROVIDE (__fini_array_start = .)
 *(SORT_BY_NAME(.fini_array.*))
 *(.fini_array*)
 .fini_array    0x00000000080072d0        0x4 c:/st/stm32cubeide_1.6.0/stm32cubeide/plugins/com.st.stm32cube.ide.mcu.externaltools.gnu-tools-for-stm32.9-2020-q2-update.win32_2.0.0.202105311346/tools/bin/../lib/gcc/arm-none-eabi/9.3.1/thumb/v7-m/nofp/crtbegin.o
                [!provide]                        PROVIDE (__fini_array_end = .)
                0x00000000080072d4                . = ALIGN (0x4)
                0x00000000080072d4                _sidata = LOADADDR (.data)

.data           0x0000000020000000       0x9c load address 0x00000000080072d4
                0x0000000020000000                . = ALIGN (0x4)
                0x0000000020000000                _sdata = .
 *(.data)
 *(.data*)
 .data.headerRsp
                0x0000000020000000        0x5 ./Core/Src/cam.o
                0x0000000020000000                headerRsp
 *fill*         0x0000000020000005        0x3 
 .data.readDataCmd
                0x0000000020000008       0x10 ./Core/Src/cam.o
                0x0000000020000008                readDataCmd
 .data.spaceDelay
                0x0000000020000018        0x4 ./Core/Src/cw.o
                0x0000000020000018                spaceDelay
 .data.sendCallSign
                0x000000002000001c        0x4 ./Core/Src/main.o
                0x000000002000001c                sendCallSign
 .data.sendInfo
                0x0000000020000020        0x4 ./Core/Src/main.o
                0x0000000020000020                sendInfo
 .data.sendBattInfo
                0x0000000020000024        0x4 ./Core/Src/main.o
                0x0000000020000024                sendBattInfo
 .data.sendInternalTemperature
                0x0000000020000028        0x4 ./Core/Src/main.o
                0x0000000020000028                sendInternalTemperature
 .data.SystemCoreClock
                0x000000002000002c        0x4 ./Core/Src/system_stm32f1xx.o
                0x000000002000002c                SystemCoreClock
 .data.uwTickPrio
                0x0000000020000030        0x4 ./Drivers/STM32F1xx_HAL_Driver/Src/stm32f1xx_hal.o
                0x0000000020000030                uwTickPrio
 .data.uwTickFreq
                0x0000000020000034        0x1 ./Drivers/STM32F1xx_HAL_Driver/Src/stm32f1xx_hal.o
                0x0000000020000034                uwTickFreq
 *fill*         0x0000000020000035        0x3 
 .data._impure_ptr
                0x0000000020000038        0x4 c:/st/stm32cubeide_1.6.0/stm32cubeide/plugins/com.st.stm32cube.ide.mcu.externaltools.gnu-tools-for-stm32.9-2020-q2-update.win32_2.0.0.202105311346/tools/bin/../lib/gcc/arm-none-eabi/9.3.1/../../../../arm-none-eabi/lib/thumb/v7-m/nofp\libc_nano.a(lib_a-impure.o)
                0x0000000020000038                _impure_ptr
 .data.impure_data
                0x000000002000003c       0x60 c:/st/stm32cubeide_1.6.0/stm32cubeide/plugins/com.st.stm32cube.ide.mcu.externaltools.gnu-tools-for-stm32.9-2020-q2-update.win32_2.0.0.202105311346/tools/bin/../lib/gcc/arm-none-eabi/9.3.1/../../../../arm-none-eabi/lib/thumb/v7-m/nofp\libc_nano.a(lib_a-impure.o)
 *(.RamFunc)
 *(.RamFunc*)
                0x000000002000009c                . = ALIGN (0x4)
                0x000000002000009c                _edata = .

.igot.plt       0x000000002000009c        0x0 load address 0x0000000008007370
 .igot.plt      0x000000002000009c        0x0 c:/st/stm32cubeide_1.6.0/stm32cubeide/plugins/com.st.stm32cube.ide.mcu.externaltools.gnu-tools-for-stm32.9-2020-q2-update.win32_2.0.0.202105311346/tools/bin/../lib/gcc/arm-none-eabi/9.3.1/thumb/v7-m/nofp/crtbegin.o
                0x000000002000009c                . = ALIGN (0x4)

.bss            0x000000002000009c      0x4f4 load address 0x0000000008007370
                0x000000002000009c                _sbss = .
                0x000000002000009c                __bss_start__ = _sbss
 *(.bss)
 .bss           0x000000002000009c       0x1c c:/st/stm32cubeide_1.6.0/stm32cubeide/plugins/com.st.stm32cube.ide.mcu.externaltools.gnu-tools-for-stm32.9-2020-q2-update.win32_2.0.0.202105311346/tools/bin/../lib/gcc/arm-none-eabi/9.3.1/thumb/v7-m/nofp/crtbegin.o
 *(.bss*)
 .bss.totReveived
                0x00000000200000b8        0x4 ./Core/Src/cam.o
                0x00000000200000b8                totReveived
 .bss.lenFromCam
                0x00000000200000bc        0x4 ./Core/Src/cam.o
                0x00000000200000bc                lenFromCam
 .bss.CAM_State.7062
                0x00000000200000c0        0x1 ./Core/Src/cam.o
 *fill*         0x00000000200000c1        0x1 
 .bss.imageSeqnum.7064
                0x00000000200000c2        0x2 ./Core/Src/cam.o
 .bss.imageFileID.7063
                0x00000000200000c4        0x2 ./Core/Src/cam.o
 .bss.crc_tab16_init
                0x00000000200000c6        0x1 ./Core/Src/crc16.o
 *fill*         0x00000000200000c7        0x1 
 .bss.crc_tab16
                0x00000000200000c8      0x200 ./Core/Src/crc16.o
 .bss.txBuf     0x00000000200002c8        0x1 ./Core/Src/cw.o
                0x00000000200002c8                txBuf
 *fill*         0x00000000200002c9        0x3 
 .bss.GPGGASentence.6909
                0x00000000200002cc       0x50 ./Core/Src/gps.o
 .bss.sendGGA.6905
                0x000000002000031c        0x4 ./Core/Src/gps.o
 .bss.GPRMCSentence.6910
                0x0000000020000320       0x50 ./Core/Src/gps.o
 .bss.sendRMC.6906
                0x0000000020000370        0x4 ./Core/Src/gps.o
 .bss.rmcLen.6908
                0x0000000020000374        0x2 ./Core/Src/gps.o
 .bss.ggaLen.6907
                0x0000000020000376        0x2 ./Core/Src/gps.o
 .bss.collectGPSData
                0x0000000020000378        0x4 ./Core/Src/main.o
                0x0000000020000378                collectGPSData
 .bss.callSignTic
                0x000000002000037c        0x4 ./Core/Src/main.o
                0x000000002000037c                callSignTic
 .bss.sendInfoTic
                0x0000000020000380        0x4 ./Core/Src/main.o
                0x0000000020000380                sendInfoTic
 .bss.sendBattInfoTic
                0x0000000020000384        0x4 ./Core/Src/main.o
                0x0000000020000384                sendBattInfoTic
 .bss.sendInternalTemperatureTic
                0x0000000020000388        0x4 ./Core/Src/main.o
                0x0000000020000388                sendInternalTemperatureTic
 .bss.hspi      0x000000002000038c        0x4 ./Core/Src/radio.o
 *(COMMON)
 COMMON         0x0000000020000390       0x59 ./Core/Src/cam.o
                0x0000000020000390                HABPacketImageEnd
                0x00000000200003a0                footer
                0x00000000200003a8                HABPacketImageData
                0x00000000200003d0                HABPacketImageStart
                0x00000000200003e4                header
 COMMON         0x00000000200003e9        0x1 ./Core/Src/cw.o
                0x00000000200003e9                HAL_Status
 *fill*         0x00000000200003ea        0x2 
 COMMON         0x00000000200003ec      0x158 ./Core/Src/main.o
                0x00000000200003ec                hspi2
                0x0000000020000444                huart3
                0x0000000020000488                hadc1
                0x00000000200004b8                huart1
                0x00000000200004fc                htim2
 COMMON         0x0000000020000544       0x48 ./Core/Src/stm32f1xx_hal_timebase_tim.o
                0x0000000020000544                htim6
 COMMON         0x000000002000058c        0x4 ./Drivers/STM32F1xx_HAL_Driver/Src/stm32f1xx_hal.o
                0x000000002000058c                uwTick
                0x0000000020000590                . = ALIGN (0x4)
                0x0000000020000590                _ebss = .
                0x0000000020000590                __bss_end__ = _ebss

._user_heap_stack
                0x0000000020000590      0x600 load address 0x0000000008007370
                0x0000000020000590                . = ALIGN (0x8)
                [!provide]                        PROVIDE (end = .)
                0x0000000020000590                PROVIDE (_end = .)
                0x0000000020000790                . = (. + _Min_Heap_Size)
 *fill*         0x0000000020000590      0x200 
                0x0000000020000b90                . = (. + _Min_Stack_Size)
 *fill*         0x0000000020000790      0x400 
                0x0000000020000b90                . = ALIGN (0x8)

/DISCARD/
 libc.a(*)
 libm.a(*)
 libgcc.a(*)

.ARM.attributes
                0x0000000000000000       0x29
 *(.ARM.attributes)
 .ARM.attributes
                0x0000000000000000       0x1d c:/st/stm32cubeide_1.6.0/stm32cubeide/plugins/com.st.stm32cube.ide.mcu.externaltools.gnu-tools-for-stm32.9-2020-q2-update.win32_2.0.0.202105311346/tools/bin/../lib/gcc/arm-none-eabi/9.3.1/thumb/v7-m/nofp/crti.o
 .ARM.attributes
                0x000000000000001d       0x2d c:/st/stm32cubeide_1.6.0/stm32cubeide/plugins/com.st.stm32cube.ide.mcu.externaltools.gnu-tools-for-stm32.9-2020-q2-update.win32_2.0.0.202105311346/tools/bin/../lib/gcc/arm-none-eabi/9.3.1/thumb/v7-m/nofp/crtbegin.o
 .ARM.attributes
                0x000000000000004a       0x2d ./Core/Src/batt.o
 .ARM.attributes
                0x0000000000000077       0x2d ./Core/Src/berlekamp.o
 .ARM.attributes
                0x00000000000000a4       0x2d ./Core/Src/callSign.o
 .ARM.attributes
                0x00000000000000d1       0x2d ./Core/Src/cam.o
 .ARM.attributes
                0x00000000000000fe       0x2d ./Core/Src/crc16.o
 .ARM.attributes
                0x000000000000012b       0x2d ./Core/Src/cw.o
 .ARM.attributes
                0x0000000000000158       0x2d ./Core/Src/ecc.o
 .ARM.attributes
                0x0000000000000185       0x2d ./Core/Src/galois.o
 .ARM.attributes
                0x00000000000001b2       0x2d ./Core/Src/gps.o
 .ARM.attributes
                0x00000000000001df       0x2d ./Core/Src/info.o
 .ARM.attributes
                0x000000000000020c       0x2d ./Core/Src/internalTemp.o
 .ARM.attributes
                0x0000000000000239       0x2d ./Core/Src/main.o
 .ARM.attributes
                0x0000000000000266       0x2d ./Core/Src/radio.o
 .ARM.attributes
                0x0000000000000293       0x2d ./Core/Src/rs.o
 .ARM.attributes
                0x00000000000002c0       0x2d ./Core/Src/stm32f1xx_hal_msp.o
 .ARM.attributes
                0x00000000000002ed       0x2d ./Core/Src/stm32f1xx_hal_timebase_tim.o
 .ARM.attributes
                0x000000000000031a       0x2d ./Core/Src/stm32f1xx_it.o
 .ARM.attributes
                0x0000000000000347       0x2d ./Core/Src/syscalls.o
 .ARM.attributes
                0x0000000000000374       0x2d ./Core/Src/system_stm32f1xx.o
 .ARM.attributes
                0x00000000000003a1       0x2d ./Core/Src/ublox.o
 .ARM.attributes
                0x00000000000003ce       0x21 ./Core/Startup/startup_stm32f100c8tx.o
 .ARM.attributes
                0x00000000000003ef       0x2d ./Drivers/STM32F1xx_HAL_Driver/Src/stm32f1xx_hal.o
 .ARM.attributes
                0x000000000000041c       0x2d ./Drivers/STM32F1xx_HAL_Driver/Src/stm32f1xx_hal_adc.o
 .ARM.attributes
                0x0000000000000449       0x2d ./Drivers/STM32F1xx_HAL_Driver/Src/stm32f1xx_hal_cortex.o
 .ARM.attributes
                0x0000000000000476       0x2d ./Drivers/STM32F1xx_HAL_Driver/Src/stm32f1xx_hal_gpio.o
 .ARM.attributes
                0x00000000000004a3       0x2d ./Drivers/STM32F1xx_HAL_Driver/Src/stm32f1xx_hal_rcc.o
 .ARM.attributes
                0x00000000000004d0       0x2d ./Drivers/STM32F1xx_HAL_Driver/Src/stm32f1xx_hal_rcc_ex.o
 .ARM.attributes
                0x00000000000004fd       0x2d ./Drivers/STM32F1xx_HAL_Driver/Src/stm32f1xx_hal_spi.o
 .ARM.attributes
                0x000000000000052a       0x2d ./Drivers/STM32F1xx_HAL_Driver/Src/stm32f1xx_hal_tim.o
 .ARM.attributes
                0x0000000000000557       0x2d ./Drivers/STM32F1xx_HAL_Driver/Src/stm32f1xx_hal_tim_ex.o
 .ARM.attributes
                0x0000000000000584       0x2d ./Drivers/STM32F1xx_HAL_Driver/Src/stm32f1xx_hal_uart.o
 .ARM.attributes
                0x00000000000005b1       0x2d c:/st/stm32cubeide_1.6.0/stm32cubeide/plugins/com.st.stm32cube.ide.mcu.externaltools.gnu-tools-for-stm32.9-2020-q2-update.win32_2.0.0.202105311346/tools/bin/../lib/gcc/arm-none-eabi/9.3.1/../../../../arm-none-eabi/lib/thumb/v7-m/nofp\libc_nano.a(lib_a-errno.o)
 .ARM.attributes
                0x00000000000005de       0x2d c:/st/stm32cubeide_1.6.0/stm32cubeide/plugins/com.st.stm32cube.ide.mcu.externaltools.gnu-tools-for-stm32.9-2020-q2-update.win32_2.0.0.202105311346/tools/bin/../lib/gcc/arm-none-eabi/9.3.1/../../../../arm-none-eabi/lib/thumb/v7-m/nofp\libc_nano.a(lib_a-exit.o)
 .ARM.attributes
                0x000000000000060b       0x2d c:/st/stm32cubeide_1.6.0/stm32cubeide/plugins/com.st.stm32cube.ide.mcu.externaltools.gnu-tools-for-stm32.9-2020-q2-update.win32_2.0.0.202105311346/tools/bin/../lib/gcc/arm-none-eabi/9.3.1/../../../../arm-none-eabi/lib/thumb/v7-m/nofp\libc_nano.a(lib_a-impure.o)
 .ARM.attributes
                0x0000000000000638       0x2d c:/st/stm32cubeide_1.6.0/stm32cubeide/plugins/com.st.stm32cube.ide.mcu.externaltools.gnu-tools-for-stm32.9-2020-q2-update.win32_2.0.0.202105311346/tools/bin/../lib/gcc/arm-none-eabi/9.3.1/../../../../arm-none-eabi/lib/thumb/v7-m/nofp\libc_nano.a(lib_a-init.o)
 .ARM.attributes
                0x0000000000000665       0x2d c:/st/stm32cubeide_1.6.0/stm32cubeide/plugins/com.st.stm32cube.ide.mcu.externaltools.gnu-tools-for-stm32.9-2020-q2-update.win32_2.0.0.202105311346/tools/bin/../lib/gcc/arm-none-eabi/9.3.1/../../../../arm-none-eabi/lib/thumb/v7-m/nofp\libc_nano.a(lib_a-memcpy-stub.o)
 .ARM.attributes
                0x0000000000000692       0x2d c:/st/stm32cubeide_1.6.0/stm32cubeide/plugins/com.st.stm32cube.ide.mcu.externaltools.gnu-tools-for-stm32.9-2020-q2-update.win32_2.0.0.202105311346/tools/bin/../lib/gcc/arm-none-eabi/9.3.1/../../../../arm-none-eabi/lib/thumb/v7-m/nofp\libc_nano.a(lib_a-memset.o)
 .ARM.attributes
                0x00000000000006bf       0x17 c:/st/stm32cubeide_1.6.0/stm32cubeide/plugins/com.st.stm32cube.ide.mcu.externaltools.gnu-tools-for-stm32.9-2020-q2-update.win32_2.0.0.202105311346/tools/bin/../lib/gcc/arm-none-eabi/9.3.1/../../../../arm-none-eabi/lib/thumb/v7-m/nofp\libc_nano.a(lib_a-strlen.o)
 .ARM.attributes
                0x00000000000006d6       0x2d c:/st/stm32cubeide_1.6.0/stm32cubeide/plugins/com.st.stm32cube.ide.mcu.externaltools.gnu-tools-for-stm32.9-2020-q2-update.win32_2.0.0.202105311346/tools/bin/../lib/gcc/arm-none-eabi/9.3.1/../../../../arm-none-eabi/lib/thumb/v7-m/nofp\libc_nano.a(lib_a-strncmp.o)
 .ARM.attributes
                0x0000000000000703       0x2d c:/st/stm32cubeide_1.6.0/stm32cubeide/plugins/com.st.stm32cube.ide.mcu.externaltools.gnu-tools-for-stm32.9-2020-q2-update.win32_2.0.0.202105311346/tools/bin/../lib/gcc/arm-none-eabi/9.3.1/../../../../arm-none-eabi/lib/thumb/v7-m/nofp\libc_nano.a(lib_a-findfp.o)
 .ARM.attributes
                0x0000000000000730       0x2d c:/st/stm32cubeide_1.6.0/stm32cubeide/plugins/com.st.stm32cube.ide.mcu.externaltools.gnu-tools-for-stm32.9-2020-q2-update.win32_2.0.0.202105311346/tools/bin/../lib/gcc/arm-none-eabi/9.3.1/../../../../arm-none-eabi/lib/thumb/v7-m/nofp\libm.a(lib_a-s_round.o)
 .ARM.attributes
                0x000000000000075d       0x1d c:/st/stm32cubeide_1.6.0/stm32cubeide/plugins/com.st.stm32cube.ide.mcu.externaltools.gnu-tools-for-stm32.9-2020-q2-update.win32_2.0.0.202105311346/tools/bin/../lib/gcc/arm-none-eabi/9.3.1/thumb/v7-m/nofp\libgcc.a(_arm_addsubdf3.o)
 .ARM.attributes
                0x000000000000077a       0x1d c:/st/stm32cubeide_1.6.0/stm32cubeide/plugins/com.st.stm32cube.ide.mcu.externaltools.gnu-tools-for-stm32.9-2020-q2-update.win32_2.0.0.202105311346/tools/bin/../lib/gcc/arm-none-eabi/9.3.1/thumb/v7-m/nofp\libgcc.a(_arm_muldivdf3.o)
 .ARM.attributes
                0x0000000000000797       0x1d c:/st/stm32cubeide_1.6.0/stm32cubeide/plugins/com.st.stm32cube.ide.mcu.externaltools.gnu-tools-for-stm32.9-2020-q2-update.win32_2.0.0.202105311346/tools/bin/../lib/gcc/arm-none-eabi/9.3.1/thumb/v7-m/nofp\libgcc.a(_arm_truncdfsf2.o)
 .ARM.attributes
                0x00000000000007b4       0x1d c:/st/stm32cubeide_1.6.0/stm32cubeide/plugins/com.st.stm32cube.ide.mcu.externaltools.gnu-tools-for-stm32.9-2020-q2-update.win32_2.0.0.202105311346/tools/bin/../lib/gcc/arm-none-eabi/9.3.1/thumb/v7-m/nofp\libgcc.a(_arm_addsubsf3.o)
 .ARM.attributes
                0x00000000000007d1       0x1d c:/st/stm32cubeide_1.6.0/stm32cubeide/plugins/com.st.stm32cube.ide.mcu.externaltools.gnu-tools-for-stm32.9-2020-q2-update.win32_2.0.0.202105311346/tools/bin/../lib/gcc/arm-none-eabi/9.3.1/thumb/v7-m/nofp\libgcc.a(_arm_muldivsf3.o)
 .ARM.attributes
                0x00000000000007ee       0x1d c:/st/stm32cubeide_1.6.0/stm32cubeide/plugins/com.st.stm32cube.ide.mcu.externaltools.gnu-tools-for-stm32.9-2020-q2-update.win32_2.0.0.202105311346/tools/bin/../lib/gcc/arm-none-eabi/9.3.1/thumb/v7-m/nofp\libgcc.a(_arm_cmpsf2.o)
 .ARM.attributes
                0x000000000000080b       0x1d c:/st/stm32cubeide_1.6.0/stm32cubeide/plugins/com.st.stm32cube.ide.mcu.externaltools.gnu-tools-for-stm32.9-2020-q2-update.win32_2.0.0.202105311346/tools/bin/../lib/gcc/arm-none-eabi/9.3.1/thumb/v7-m/nofp\libgcc.a(_arm_fixunssfsi.o)
 .ARM.attributes
                0x0000000000000828       0x1d c:/st/stm32cubeide_1.6.0/stm32cubeide/plugins/com.st.stm32cube.ide.mcu.externaltools.gnu-tools-for-stm32.9-2020-q2-update.win32_2.0.0.202105311346/tools/bin/../lib/gcc/arm-none-eabi/9.3.1/thumb/v7-m/nofp/crtn.o
OUTPUT(RS41Cam.elf elf32-littlearm)
LOAD linker stubs
LOAD c:/st/stm32cubeide_1.6.0/stm32cubeide/plugins/com.st.stm32cube.ide.mcu.externaltools.gnu-tools-for-stm32.9-2020-q2-update.win32_2.0.0.202105311346/tools/bin/../lib/gcc/arm-none-eabi/9.3.1/../../../../arm-none-eabi/lib/thumb/v7-m/nofp\libc.a
LOAD c:/st/stm32cubeide_1.6.0/stm32cubeide/plugins/com.st.stm32cube.ide.mcu.externaltools.gnu-tools-for-stm32.9-2020-q2-update.win32_2.0.0.202105311346/tools/bin/../lib/gcc/arm-none-eabi/9.3.1/../../../../arm-none-eabi/lib/thumb/v7-m/nofp\libm.a
LOAD c:/st/stm32cubeide_1.6.0/stm32cubeide/plugins/com.st.stm32cube.ide.mcu.externaltools.gnu-tools-for-stm32.9-2020-q2-update.win32_2.0.0.202105311346/tools/bin/../lib/gcc/arm-none-eabi/9.3.1/thumb/v7-m/nofp\libgcc.a

.debug_info     0x0000000000000000    0x1bc1b
 .debug_info    0x0000000000000000     0x1118 ./Core/Src/batt.o
 .debug_info    0x0000000000001118      0xeb6 ./Core/Src/berlekamp.o
 .debug_info    0x0000000000001fce      0xc81 ./Core/Src/callSign.o
 .debug_info    0x0000000000002c4f     0x18e5 ./Core/Src/cam.o
 .debug_info    0x0000000000004534      0xab2 ./Core/Src/crc16.o
 .debug_info    0x0000000000004fe6      0xb54 ./Core/Src/cw.o
 .debug_info    0x0000000000005b3a      0x296 ./Core/Src/ecc.o
 .debug_info    0x0000000000005dd0      0xc88 ./Core/Src/galois.o
 .debug_info    0x0000000000006a58     0x10a3 ./Core/Src/gps.o
 .debug_info    0x0000000000007afb      0xc81 ./Core/Src/info.o
 .debug_info    0x000000000000877c      0xc8c ./Core/Src/internalTemp.o
 .debug_info    0x0000000000009408     0x1e36 ./Core/Src/main.o
 .debug_info    0x000000000000b23e     0x127c ./Core/Src/radio.o
 .debug_info    0x000000000000c4ba      0xcf7 ./Core/Src/rs.o
 .debug_info    0x000000000000d1b1     0x13d3 ./Core/Src/stm32f1xx_hal_msp.o
 .debug_info    0x000000000000e584      0xa29 ./Core/Src/stm32f1xx_hal_timebase_tim.o
 .debug_info    0x000000000000efad      0x7d2 ./Core/Src/stm32f1xx_it.o
 .debug_info    0x000000000000f77f      0xfa8 ./Core/Src/syscalls.o
 .debug_info    0x0000000000010727      0x2ce ./Core/Src/system_stm32f1xx.o
 .debug_info    0x00000000000109f5     0x12f7 ./Core/Src/ublox.o
 .debug_info    0x0000000000011cec       0x22 ./Core/Startup/startup_stm32f100c8tx.o
 .debug_info    0x0000000000011d0e      0x6e3 ./Drivers/STM32F1xx_HAL_Driver/Src/stm32f1xx_hal.o
 .debug_info    0x00000000000123f1      0xd2d ./Drivers/STM32F1xx_HAL_Driver/Src/stm32f1xx_hal_adc.o
 .debug_info    0x000000000001311e      0xbd0 ./Drivers/STM32F1xx_HAL_Driver/Src/stm32f1xx_hal_cortex.o
 .debug_info    0x0000000000013cee      0x71d ./Drivers/STM32F1xx_HAL_Driver/Src/stm32f1xx_hal_gpio.o
 .debug_info    0x000000000001440b      0x802 ./Drivers/STM32F1xx_HAL_Driver/Src/stm32f1xx_hal_rcc.o
 .debug_info    0x0000000000014c0d      0x429 ./Drivers/STM32F1xx_HAL_Driver/Src/stm32f1xx_hal_rcc_ex.o
 .debug_info    0x0000000000015036     0x16b1 ./Drivers/STM32F1xx_HAL_Driver/Src/stm32f1xx_hal_spi.o
 .debug_info    0x00000000000166e7     0x2a45 ./Drivers/STM32F1xx_HAL_Driver/Src/stm32f1xx_hal_tim.o
 .debug_info    0x000000000001912c     0x14d5 ./Drivers/STM32F1xx_HAL_Driver/Src/stm32f1xx_hal_tim_ex.o
 .debug_info    0x000000000001a601     0x161a ./Drivers/STM32F1xx_HAL_Driver/Src/stm32f1xx_hal_uart.o

.debug_abbrev   0x0000000000000000     0x408c
 .debug_abbrev  0x0000000000000000      0x227 ./Core/Src/batt.o
 .debug_abbrev  0x0000000000000227      0x2a7 ./Core/Src/berlekamp.o
 .debug_abbrev  0x00000000000004ce      0x1fa ./Core/Src/callSign.o
 .debug_abbrev  0x00000000000006c8      0x2a3 ./Core/Src/cam.o
 .debug_abbrev  0x000000000000096b      0x1ea ./Core/Src/crc16.o
 .debug_abbrev  0x0000000000000b55      0x25c ./Core/Src/cw.o
 .debug_abbrev  0x0000000000000db1      0x11c ./Core/Src/ecc.o
 .debug_abbrev  0x0000000000000ecd      0x232 ./Core/Src/galois.o
 .debug_abbrev  0x00000000000010ff      0x216 ./Core/Src/gps.o
 .debug_abbrev  0x0000000000001315      0x1fa ./Core/Src/info.o
 .debug_abbrev  0x000000000000150f      0x1fa ./Core/Src/internalTemp.o
 .debug_abbrev  0x0000000000001709      0x2df ./Core/Src/main.o
 .debug_abbrev  0x00000000000019e8      0x246 ./Core/Src/radio.o
 .debug_abbrev  0x0000000000001c2e      0x24d ./Core/Src/rs.o
 .debug_abbrev  0x0000000000001e7b      0x206 ./Core/Src/stm32f1xx_hal_msp.o
 .debug_abbrev  0x0000000000002081      0x1bf ./Core/Src/stm32f1xx_hal_timebase_tim.o
 .debug_abbrev  0x0000000000002240      0x176 ./Core/Src/stm32f1xx_it.o
 .debug_abbrev  0x00000000000023b6      0x286 ./Core/Src/syscalls.o
 .debug_abbrev  0x000000000000263c      0x145 ./Core/Src/system_stm32f1xx.o
 .debug_abbrev  0x0000000000002781      0x222 ./Core/Src/ublox.o
 .debug_abbrev  0x00000000000029a3       0x12 ./Core/Startup/startup_stm32f100c8tx.o
 .debug_abbrev  0x00000000000029b5      0x21e ./Drivers/STM32F1xx_HAL_Driver/Src/stm32f1xx_hal.o
 .debug_abbrev  0x0000000000002bd3      0x1fb ./Drivers/STM32F1xx_HAL_Driver/Src/stm32f1xx_hal_adc.o
 .debug_abbrev  0x0000000000002dce      0x313 ./Drivers/STM32F1xx_HAL_Driver/Src/stm32f1xx_hal_cortex.o
 .debug_abbrev  0x00000000000030e1      0x1e8 ./Drivers/STM32F1xx_HAL_Driver/Src/stm32f1xx_hal_gpio.o
 .debug_abbrev  0x00000000000032c9      0x273 ./Drivers/STM32F1xx_HAL_Driver/Src/stm32f1xx_hal_rcc.o
 .debug_abbrev  0x000000000000353c      0x193 ./Drivers/STM32F1xx_HAL_Driver/Src/stm32f1xx_hal_rcc_ex.o
 .debug_abbrev  0x00000000000036cf      0x26e ./Drivers/STM32F1xx_HAL_Driver/Src/stm32f1xx_hal_spi.o
 .debug_abbrev  0x000000000000393d      0x25e ./Drivers/STM32F1xx_HAL_Driver/Src/stm32f1xx_hal_tim.o
 .debug_abbrev  0x0000000000003b9b      0x266 ./Drivers/STM32F1xx_HAL_Driver/Src/stm32f1xx_hal_tim_ex.o
 .debug_abbrev  0x0000000000003e01      0x28b ./Drivers/STM32F1xx_HAL_Driver/Src/stm32f1xx_hal_uart.o

.debug_aranges  0x0000000000000000     0x12a0
 .debug_aranges
                0x0000000000000000       0x20 ./Core/Src/batt.o
 .debug_aranges
                0x0000000000000020       0x78 ./Core/Src/berlekamp.o
 .debug_aranges
                0x0000000000000098       0x20 ./Core/Src/callSign.o
 .debug_aranges
                0x00000000000000b8       0x60 ./Core/Src/cam.o
 .debug_aranges
                0x0000000000000118       0x28 ./Core/Src/crc16.o
 .debug_aranges
                0x0000000000000140       0x48 ./Core/Src/cw.o
 .debug_aranges
                0x0000000000000188       0x38 ./Core/Src/ecc.o
 .debug_aranges
                0x00000000000001c0       0x40 ./Core/Src/galois.o
 .debug_aranges
                0x0000000000000200       0x20 ./Core/Src/gps.o
 .debug_aranges
                0x0000000000000220       0x20 ./Core/Src/info.o
 .debug_aranges
                0x0000000000000240       0x20 ./Core/Src/internalTemp.o
 .debug_aranges
                0x0000000000000260       0x68 ./Core/Src/main.o
 .debug_aranges
                0x00000000000002c8       0x60 ./Core/Src/radio.o
 .debug_aranges
                0x0000000000000328       0x60 ./Core/Src/rs.o
 .debug_aranges
                0x0000000000000388       0x60 ./Core/Src/stm32f1xx_hal_msp.o
 .debug_aranges
                0x00000000000003e8       0x30 ./Core/Src/stm32f1xx_hal_timebase_tim.o
 .debug_aranges
                0x0000000000000418       0x70 ./Core/Src/stm32f1xx_it.o
 .debug_aranges
                0x0000000000000488       0xa8 ./Core/Src/syscalls.o
 .debug_aranges
                0x0000000000000530       0x28 ./Core/Src/system_stm32f1xx.o
 .debug_aranges
                0x0000000000000558       0x30 ./Core/Src/ublox.o
 .debug_aranges
                0x0000000000000588       0x28 ./Core/Startup/startup_stm32f100c8tx.o
 .debug_aranges
                0x00000000000005b0       0xe0 ./Drivers/STM32F1xx_HAL_Driver/Src/stm32f1xx_hal.o
 .debug_aranges
                0x0000000000000690       0xf0 ./Drivers/STM32F1xx_HAL_Driver/Src/stm32f1xx_hal_adc.o
 .debug_aranges
                0x0000000000000780      0x100 ./Drivers/STM32F1xx_HAL_Driver/Src/stm32f1xx_hal_cortex.o
 .debug_aranges
                0x0000000000000880       0x58 ./Drivers/STM32F1xx_HAL_Driver/Src/stm32f1xx_hal_gpio.o
 .debug_aranges
                0x00000000000008d8       0x90 ./Drivers/STM32F1xx_HAL_Driver/Src/stm32f1xx_hal_rcc.o
 .debug_aranges
                0x0000000000000968       0x30 ./Drivers/STM32F1xx_HAL_Driver/Src/stm32f1xx_hal_rcc_ex.o
 .debug_aranges
                0x0000000000000998      0x1d0 ./Drivers/STM32F1xx_HAL_Driver/Src/stm32f1xx_hal_spi.o
 .debug_aranges
                0x0000000000000b68      0x3d0 ./Drivers/STM32F1xx_HAL_Driver/Src/stm32f1xx_hal_tim.o
 .debug_aranges
                0x0000000000000f38      0x168 ./Drivers/STM32F1xx_HAL_Driver/Src/stm32f1xx_hal_tim_ex.o
 .debug_aranges
                0x00000000000010a0      0x200 ./Drivers/STM32F1xx_HAL_Driver/Src/stm32f1xx_hal_uart.o

.debug_ranges   0x0000000000000000     0x10e8
 .debug_ranges  0x0000000000000000       0x10 ./Core/Src/batt.o
 .debug_ranges  0x0000000000000010       0x68 ./Core/Src/berlekamp.o
 .debug_ranges  0x0000000000000078       0x10 ./Core/Src/callSign.o
 .debug_ranges  0x0000000000000088       0x50 ./Core/Src/cam.o
 .debug_ranges  0x00000000000000d8       0x18 ./Core/Src/crc16.o
 .debug_ranges  0x00000000000000f0       0x38 ./Core/Src/cw.o
 .debug_ranges  0x0000000000000128       0x28 ./Core/Src/ecc.o
 .debug_ranges  0x0000000000000150       0x30 ./Core/Src/galois.o
 .debug_ranges  0x0000000000000180       0x10 ./Core/Src/gps.o
 .debug_ranges  0x0000000000000190       0x10 ./Core/Src/info.o
 .debug_ranges  0x00000000000001a0       0x10 ./Core/Src/internalTemp.o
 .debug_ranges  0x00000000000001b0       0x58 ./Core/Src/main.o
 .debug_ranges  0x0000000000000208       0x50 ./Core/Src/radio.o
 .debug_ranges  0x0000000000000258       0x50 ./Core/Src/rs.o
 .debug_ranges  0x00000000000002a8       0x50 ./Core/Src/stm32f1xx_hal_msp.o
 .debug_ranges  0x00000000000002f8       0x20 ./Core/Src/stm32f1xx_hal_timebase_tim.o
 .debug_ranges  0x0000000000000318       0x60 ./Core/Src/stm32f1xx_it.o
 .debug_ranges  0x0000000000000378       0x98 ./Core/Src/syscalls.o
 .debug_ranges  0x0000000000000410       0x18 ./Core/Src/system_stm32f1xx.o
 .debug_ranges  0x0000000000000428       0x20 ./Core/Src/ublox.o
 .debug_ranges  0x0000000000000448       0x20 ./Core/Startup/startup_stm32f100c8tx.o
 .debug_ranges  0x0000000000000468       0xd0 ./Drivers/STM32F1xx_HAL_Driver/Src/stm32f1xx_hal.o
 .debug_ranges  0x0000000000000538       0xe0 ./Drivers/STM32F1xx_HAL_Driver/Src/stm32f1xx_hal_adc.o
 .debug_ranges  0x0000000000000618       0xf0 ./Drivers/STM32F1xx_HAL_Driver/Src/stm32f1xx_hal_cortex.o
 .debug_ranges  0x0000000000000708       0x48 ./Drivers/STM32F1xx_HAL_Driver/Src/stm32f1xx_hal_gpio.o
 .debug_ranges  0x0000000000000750       0x80 ./Drivers/STM32F1xx_HAL_Driver/Src/stm32f1xx_hal_rcc.o
 .debug_ranges  0x00000000000007d0       0x20 ./Drivers/STM32F1xx_HAL_Driver/Src/stm32f1xx_hal_rcc_ex.o
 .debug_ranges  0x00000000000007f0      0x1c0 ./Drivers/STM32F1xx_HAL_Driver/Src/stm32f1xx_hal_spi.o
 .debug_ranges  0x00000000000009b0      0x3c0 ./Drivers/STM32F1xx_HAL_Driver/Src/stm32f1xx_hal_tim.o
 .debug_ranges  0x0000000000000d70      0x158 ./Drivers/STM32F1xx_HAL_Driver/Src/stm32f1xx_hal_tim_ex.o
 .debug_ranges  0x0000000000000ec8      0x220 ./Drivers/STM32F1xx_HAL_Driver/Src/stm32f1xx_hal_uart.o

.debug_macro    0x0000000000000000    0x15e56
 .debug_macro   0x0000000000000000      0x304 ./Core/Src/batt.o
 .debug_macro   0x0000000000000304      0xa9c ./Core/Src/batt.o
 .debug_macro   0x0000000000000da0       0x22 ./Core/Src/batt.o
 .debug_macro   0x0000000000000dc2       0x4c ./Core/Src/batt.o
 .debug_macro   0x0000000000000e0e       0x18 ./Core/Src/batt.o
 .debug_macro   0x0000000000000e26       0x94 ./Core/Src/batt.o
 .debug_macro   0x0000000000000eba       0x3c ./Core/Src/batt.o
 .debug_macro   0x0000000000000ef6       0x34 ./Core/Src/batt.o
 .debug_macro   0x0000000000000f2a      0x174 ./Core/Src/batt.o
 .debug_macro   0x000000000000109e       0x16 ./Core/Src/batt.o
 .debug_macro   0x00000000000010b4       0x43 ./Core/Src/batt.o
 .debug_macro   0x00000000000010f7       0x57 ./Core/Src/batt.o
 .debug_macro   0x000000000000114e       0x34 ./Core/Src/batt.o
 .debug_macro   0x0000000000001182       0x10 ./Core/Src/batt.o
 .debug_macro   0x0000000000001192       0x58 ./Core/Src/batt.o
 .debug_macro   0x00000000000011ea       0x71 ./Core/Src/batt.o
 .debug_macro   0x000000000000125b       0x1c ./Core/Src/batt.o
 .debug_macro   0x0000000000001277      0x12a ./Core/Src/batt.o
 .debug_macro   0x00000000000013a1      0x339 ./Core/Src/batt.o
 .debug_macro   0x00000000000016da       0x10 ./Core/Src/batt.o
 .debug_macro   0x00000000000016ea       0x35 ./Core/Src/batt.o
 .debug_macro   0x000000000000171f       0x20 ./Core/Src/batt.o
 .debug_macro   0x000000000000173f      0x1a9 ./Core/Src/batt.o
 .debug_macro   0x00000000000018e8      0x103 ./Core/Src/batt.o
 .debug_macro   0x00000000000019eb       0x6a ./Core/Src/batt.o
 .debug_macro   0x0000000000001a55      0x1df ./Core/Src/batt.o
 .debug_macro   0x0000000000001c34       0x16 ./Core/Src/batt.o
 .debug_macro   0x0000000000001c4a       0x10 ./Core/Src/batt.o
 .debug_macro   0x0000000000001c5a      0x460 ./Core/Src/batt.o
 .debug_macro   0x00000000000020ba       0x16 ./Core/Src/batt.o
 .debug_macro   0x00000000000020d0       0x82 ./Core/Src/batt.o
 .debug_macro   0x0000000000002152       0x76 ./Core/Src/batt.o
 .debug_macro   0x00000000000021c8      0x227 ./Core/Src/batt.o
 .debug_macro   0x00000000000023ef       0x2e ./Core/Src/batt.o
 .debug_macro   0x000000000000241d       0x22 ./Core/Src/batt.o
 .debug_macro   0x000000000000243f       0x1c ./Core/Src/batt.o
 .debug_macro   0x000000000000245b       0x22 ./Core/Src/batt.o
 .debug_macro   0x000000000000247d       0xbd ./Core/Src/batt.o
 .debug_macro   0x000000000000253a      0xd23 ./Core/Src/batt.o
 .debug_macro   0x000000000000325d     0x75c9 ./Core/Src/batt.o
 .debug_macro   0x000000000000a826       0x6d ./Core/Src/batt.o
 .debug_macro   0x000000000000a893     0x3468 ./Core/Src/batt.o
 .debug_macro   0x000000000000dcfb       0x56 ./Core/Src/batt.o
 .debug_macro   0x000000000000dd51      0x5be ./Core/Src/batt.o
 .debug_macro   0x000000000000e30f      0x369 ./Core/Src/batt.o
 .debug_macro   0x000000000000e678      0x1cb ./Core/Src/batt.o
 .debug_macro   0x000000000000e843      0x114 ./Core/Src/batt.o
 .debug_macro   0x000000000000e957      0x1f1 ./Core/Src/batt.o
 .debug_macro   0x000000000000eb48       0x27 ./Core/Src/batt.o
 .debug_macro   0x000000000000eb6f      0x130 ./Core/Src/batt.o
 .debug_macro   0x000000000000ec9f      0x1bc ./Core/Src/batt.o
 .debug_macro   0x000000000000ee5b       0x34 ./Core/Src/batt.o
 .debug_macro   0x000000000000ee8f       0x3c ./Core/Src/batt.o
 .debug_macro   0x000000000000eecb       0x57 ./Core/Src/batt.o
 .debug_macro   0x000000000000ef22      0x46a ./Core/Src/batt.o
 .debug_macro   0x000000000000f38c      0x15a ./Core/Src/batt.o
 .debug_macro   0x000000000000f4e6       0x6c ./Core/Src/batt.o
 .debug_macro   0x000000000000f552      0x241 ./Core/Src/batt.o
 .debug_macro   0x000000000000f793      0x141 ./Core/Src/batt.o
 .debug_macro   0x000000000000f8d4      0x217 ./Core/Src/batt.o
 .debug_macro   0x000000000000faeb      0x8d1 ./Core/Src/batt.o
 .debug_macro   0x00000000000103bc      0x295 ./Core/Src/batt.o
 .debug_macro   0x0000000000010651       0x9f ./Core/Src/batt.o
 .debug_macro   0x00000000000106f0       0x10 ./Core/Src/batt.o
 .debug_macro   0x0000000000010700       0x34 ./Core/Src/batt.o
 .debug_macro   0x0000000000010734      0x213 ./Core/Src/berlekamp.o
 .debug_macro   0x0000000000010947       0x3a ./Core/Src/berlekamp.o
 .debug_macro   0x0000000000010981       0x82 ./Core/Src/berlekamp.o
 .debug_macro   0x0000000000010a03       0x1c ./Core/Src/berlekamp.o
 .debug_macro   0x0000000000010a1f       0x97 ./Core/Src/berlekamp.o
 .debug_macro   0x0000000000010ab6       0x8d ./Core/Src/berlekamp.o
 .debug_macro   0x0000000000010b43       0x10 ./Core/Src/berlekamp.o
 .debug_macro   0x0000000000010b53       0x10 ./Core/Src/berlekamp.o
 .debug_macro   0x0000000000010b63       0x1c ./Core/Src/berlekamp.o
 .debug_macro   0x0000000000010b7f       0x52 ./Core/Src/berlekamp.o
 .debug_macro   0x0000000000010bd1       0x22 ./Core/Src/berlekamp.o
 .debug_macro   0x0000000000010bf3       0x10 ./Core/Src/berlekamp.o
 .debug_macro   0x0000000000010c03       0x40 ./Core/Src/berlekamp.o
 .debug_macro   0x0000000000010c43       0xd5 ./Core/Src/berlekamp.o
 .debug_macro   0x0000000000010d18       0x1c ./Core/Src/berlekamp.o
 .debug_macro   0x0000000000010d34       0x3d ./Core/Src/berlekamp.o
 .debug_macro   0x0000000000010d71       0x16 ./Core/Src/berlekamp.o
 .debug_macro   0x0000000000010d87      0x145 ./Core/Src/berlekamp.o
 .debug_macro   0x0000000000010ecc      0x2ff ./Core/Src/callSign.o
 .debug_macro   0x00000000000111cb      0x2e5 ./Core/Src/cam.o
 .debug_macro   0x00000000000114b0       0x16 ./Core/Src/cam.o
 .debug_macro   0x00000000000114c6       0x16 ./Core/Src/cam.o
 .debug_macro   0x00000000000114dc       0x88 ./Core/Src/cam.o
 .debug_macro   0x0000000000011564      0x14a ./Core/Src/crc16.o
 .debug_macro   0x00000000000116ae       0x22 ./Core/Src/crc16.o
 .debug_macro   0x00000000000116d0       0x16 ./Core/Src/crc16.o
 .debug_macro   0x00000000000116e6      0x10e ./Core/Src/crc16.o
 .debug_macro   0x00000000000117f4       0x16 ./Core/Src/crc16.o
 .debug_macro   0x000000000001180a       0x29 ./Core/Src/crc16.o
 .debug_macro   0x0000000000011833      0x2c5 ./Core/Src/cw.o
 .debug_macro   0x0000000000011af8       0xdb ./Core/Src/ecc.o
 .debug_macro   0x0000000000011bd3      0x24b ./Core/Src/galois.o
 .debug_macro   0x0000000000011e1e       0x16 ./Core/Src/galois.o
 .debug_macro   0x0000000000011e34       0xfd ./Core/Src/galois.o
 .debug_macro   0x0000000000011f31      0x1e5 ./Core/Src/galois.o
 .debug_macro   0x0000000000012116      0x2d4 ./Core/Src/gps.o
 .debug_macro   0x00000000000123ea       0x16 ./Core/Src/gps.o
 .debug_macro   0x0000000000012400      0x2f1 ./Core/Src/info.o
 .debug_macro   0x00000000000126f1      0x2f1 ./Core/Src/internalTemp.o
 .debug_macro   0x00000000000129e2      0x35b ./Core/Src/main.o
 .debug_macro   0x0000000000012d3d       0x8e ./Core/Src/main.o
 .debug_macro   0x0000000000012dcb       0x51 ./Core/Src/main.o
 .debug_macro   0x0000000000012e1c       0xc3 ./Core/Src/main.o
 .debug_macro   0x0000000000012edf       0x5c ./Core/Src/main.o
 .debug_macro   0x0000000000012f3b       0x34 ./Core/Src/main.o
 .debug_macro   0x0000000000012f6f       0x52 ./Core/Src/main.o
 .debug_macro   0x0000000000012fc1      0x333 ./Core/Src/main.o
 .debug_macro   0x00000000000132f4       0x22 ./Core/Src/main.o
 .debug_macro   0x0000000000013316       0x64 ./Core/Src/main.o
 .debug_macro   0x000000000001337a      0x2bb ./Core/Src/radio.o
 .debug_macro   0x0000000000013635       0x3a ./Core/Src/radio.o
 .debug_macro   0x000000000001366f      0x212 ./Core/Src/rs.o
 .debug_macro   0x0000000000013881      0x11f ./Core/Src/rs.o
 .debug_macro   0x00000000000139a0      0x1cf ./Core/Src/stm32f1xx_hal_msp.o
 .debug_macro   0x0000000000013b6f      0x1c0 ./Core/Src/stm32f1xx_hal_timebase_tim.o
 .debug_macro   0x0000000000013d2f      0x1d9 ./Core/Src/stm32f1xx_it.o
 .debug_macro   0x0000000000013f08      0x24c ./Core/Src/syscalls.o
 .debug_macro   0x0000000000014154       0x10 ./Core/Src/syscalls.o
 .debug_macro   0x0000000000014164       0x10 ./Core/Src/syscalls.o
 .debug_macro   0x0000000000014174       0x10 ./Core/Src/syscalls.o
 .debug_macro   0x0000000000014184       0x35 ./Core/Src/syscalls.o
 .debug_macro   0x00000000000141b9      0x12c ./Core/Src/syscalls.o
 .debug_macro   0x00000000000142e5       0x10 ./Core/Src/syscalls.o
 .debug_macro   0x00000000000142f5      0x241 ./Core/Src/syscalls.o
 .debug_macro   0x0000000000014536       0x10 ./Core/Src/syscalls.o
 .debug_macro   0x0000000000014546      0x189 ./Core/Src/syscalls.o
 .debug_macro   0x00000000000146cf       0x16 ./Core/Src/syscalls.o
 .debug_macro   0x00000000000146e5       0xce ./Core/Src/syscalls.o
 .debug_macro   0x00000000000147b3      0x1c0 ./Core/Src/system_stm32f1xx.o
 .debug_macro   0x0000000000014973      0x29b ./Core/Src/ublox.o
 .debug_macro   0x0000000000014c0e      0x1e4 ./Drivers/STM32F1xx_HAL_Driver/Src/stm32f1xx_hal.o
 .debug_macro   0x0000000000014df2      0x1dd ./Drivers/STM32F1xx_HAL_Driver/Src/stm32f1xx_hal_adc.o
 .debug_macro   0x0000000000014fcf      0x1c0 ./Drivers/STM32F1xx_HAL_Driver/Src/stm32f1xx_hal_cortex.o
 .debug_macro   0x000000000001518f      0x22b ./Drivers/STM32F1xx_HAL_Driver/Src/stm32f1xx_hal_gpio.o
 .debug_macro   0x00000000000153ba      0x1d2 ./Drivers/STM32F1xx_HAL_Driver/Src/stm32f1xx_hal_rcc.o
 .debug_macro   0x000000000001558c      0x1c0 ./Drivers/STM32F1xx_HAL_Driver/Src/stm32f1xx_hal_rcc_ex.o
 .debug_macro   0x000000000001574c      0x1c8 ./Drivers/STM32F1xx_HAL_Driver/Src/stm32f1xx_hal_spi.o
 .debug_macro   0x0000000000015914      0x1c1 ./Drivers/STM32F1xx_HAL_Driver/Src/stm32f1xx_hal_tim.o
 .debug_macro   0x0000000000015ad5      0x1c0 ./Drivers/STM32F1xx_HAL_Driver/Src/stm32f1xx_hal_tim_ex.o
 .debug_macro   0x0000000000015c95      0x1c1 ./Drivers/STM32F1xx_HAL_Driver/Src/stm32f1xx_hal_uart.o

.debug_line     0x0000000000000000    0x1790e
 .debug_line    0x0000000000000000      0x8bd ./Core/Src/batt.o
 .debug_line    0x00000000000008bd      0xbbc ./Core/Src/berlekamp.o
 .debug_line    0x0000000000001479      0x8bb ./Core/Src/callSign.o
 .debug_line    0x0000000000001d34      0xcce ./Core/Src/cam.o
 .debug_line    0x0000000000002a02      0x5e2 ./Core/Src/crc16.o
 .debug_line    0x0000000000002fe4      0x99f ./Core/Src/cw.o
 .debug_line    0x0000000000003983      0x525 ./Core/Src/ecc.o
 .debug_line    0x0000000000003ea8      0x8a4 ./Core/Src/galois.o
 .debug_line    0x000000000000474c      0x940 ./Core/Src/gps.o
 .debug_line    0x000000000000508c      0x88c ./Core/Src/info.o
 .debug_line    0x0000000000005918      0x8a3 ./Core/Src/internalTemp.o
 .debug_line    0x00000000000061bb      0xba4 ./Core/Src/main.o
 .debug_line    0x0000000000006d5f      0xaad ./Core/Src/radio.o
 .debug_line    0x000000000000780c      0x885 ./Core/Src/rs.o
 .debug_line    0x0000000000008091      0x825 ./Core/Src/stm32f1xx_hal_msp.o
 .debug_line    0x00000000000088b6      0x721 ./Core/Src/stm32f1xx_hal_timebase_tim.o
 .debug_line    0x0000000000008fd7      0x7b2 ./Core/Src/stm32f1xx_it.o
 .debug_line    0x0000000000009789      0x802 ./Core/Src/syscalls.o
 .debug_line    0x0000000000009f8b      0x738 ./Core/Src/system_stm32f1xx.o
 .debug_line    0x000000000000a6c3      0x971 ./Core/Src/ublox.o
 .debug_line    0x000000000000b034       0x87 ./Core/Startup/startup_stm32f100c8tx.o
 .debug_line    0x000000000000b0bb      0x96f ./Drivers/STM32F1xx_HAL_Driver/Src/stm32f1xx_hal.o
 .debug_line    0x000000000000ba2a      0xf04 ./Drivers/STM32F1xx_HAL_Driver/Src/stm32f1xx_hal_adc.o
 .debug_line    0x000000000000c92e      0xb58 ./Drivers/STM32F1xx_HAL_Driver/Src/stm32f1xx_hal_cortex.o
 .debug_line    0x000000000000d486      0xa07 ./Drivers/STM32F1xx_HAL_Driver/Src/stm32f1xx_hal_gpio.o
 .debug_line    0x000000000000de8d      0xd55 ./Drivers/STM32F1xx_HAL_Driver/Src/stm32f1xx_hal_rcc.o
 .debug_line    0x000000000000ebe2      0x83e ./Drivers/STM32F1xx_HAL_Driver/Src/stm32f1xx_hal_rcc_ex.o
 .debug_line    0x000000000000f420     0x1bf4 ./Drivers/STM32F1xx_HAL_Driver/Src/stm32f1xx_hal_spi.o
 .debug_line    0x0000000000011014     0x35c6 ./Drivers/STM32F1xx_HAL_Driver/Src/stm32f1xx_hal_tim.o
 .debug_line    0x00000000000145da     0x18ca ./Drivers/STM32F1xx_HAL_Driver/Src/stm32f1xx_hal_tim_ex.o
 .debug_line    0x0000000000015ea4     0x1a6a ./Drivers/STM32F1xx_HAL_Driver/Src/stm32f1xx_hal_uart.o

.debug_str      0x0000000000000000    0x74b85
 .debug_str     0x0000000000000000    0x6d14b ./Core/Src/batt.o
                                      0x6d61f (size before relaxing)
 .debug_str     0x000000000006d14b     0x105d ./Core/Src/berlekamp.o
                                       0x92b3 (size before relaxing)
 .debug_str     0x000000000006e1a8       0x90 ./Core/Src/callSign.o
                                      0x6cade (size before relaxing)
 .debug_str     0x000000000006e238      0x4d0 ./Core/Src/cam.o
                                      0x6d04a (size before relaxing)
 .debug_str     0x000000000006e708      0x179 ./Core/Src/crc16.o
                                       0x750a (size before relaxing)
 .debug_str     0x000000000006e881       0x4f ./Core/Src/cw.o
                                      0x6c725 (size before relaxing)
 .debug_str     0x000000000006e8d0       0x64 ./Core/Src/ecc.o
                                       0x51dc (size before relaxing)
 .debug_str     0x000000000006e934       0xa9 ./Core/Src/galois.o
                                       0x930d (size before relaxing)
 .debug_str     0x000000000006e9dd      0x11b ./Core/Src/gps.o
                                      0x6cbc2 (size before relaxing)
 .debug_str     0x000000000006eaf8       0x69 ./Core/Src/info.o
                                      0x6cab7 (size before relaxing)
 .debug_str     0x000000000006eb61       0xae ./Core/Src/internalTemp.o
                                      0x6cb04 (size before relaxing)
 .debug_str     0x000000000006ec0f      0xb2d ./Core/Src/main.o
                                      0x6d837 (size before relaxing)
 .debug_str     0x000000000006f73c       0xf2 ./Core/Src/radio.o
                                      0x6bd75 (size before relaxing)
 .debug_str     0x000000000006f82e      0x8e3 ./Core/Src/rs.o
                                       0x9a9a (size before relaxing)
 .debug_str     0x0000000000070111      0x340 ./Core/Src/stm32f1xx_hal_msp.o
                                      0x690c1 (size before relaxing)
 .debug_str     0x0000000000070451       0x98 ./Core/Src/stm32f1xx_hal_timebase_tim.o
                                      0x68b41 (size before relaxing)
 .debug_str     0x00000000000704e9       0xcd ./Core/Src/stm32f1xx_it.o
                                      0x688d3 (size before relaxing)
 .debug_str     0x00000000000705b6     0x165b ./Core/Src/syscalls.o
                                       0x8e6b (size before relaxing)
 .debug_str     0x0000000000071c11       0x60 ./Core/Src/system_stm32f1xx.o
                                      0x6830e (size before relaxing)
 .debug_str     0x0000000000071c71      0x225 ./Core/Src/ublox.o
                                      0x6bb31 (size before relaxing)
 .debug_str     0x0000000000071e96       0x36 ./Core/Startup/startup_stm32f100c8tx.o
                                         0x52 (size before relaxing)
 .debug_str     0x0000000000071ecc      0x28f ./Drivers/STM32F1xx_HAL_Driver/Src/stm32f1xx_hal.o
                                      0x6894b (size before relaxing)
 .debug_str     0x000000000007215b      0x351 ./Drivers/STM32F1xx_HAL_Driver/Src/stm32f1xx_hal_adc.o
                                      0x68986 (size before relaxing)
 .debug_str     0x00000000000724ac      0x300 ./Drivers/STM32F1xx_HAL_Driver/Src/stm32f1xx_hal_cortex.o
                                      0x6896c (size before relaxing)
 .debug_str     0x00000000000727ac      0x324 ./Drivers/STM32F1xx_HAL_Driver/Src/stm32f1xx_hal_gpio.o
                                      0x686c0 (size before relaxing)
 .debug_str     0x0000000000072ad0      0x245 ./Drivers/STM32F1xx_HAL_Driver/Src/stm32f1xx_hal_rcc.o
                                      0x686da (size before relaxing)
 .debug_str     0x0000000000072d15       0xa7 ./Drivers/STM32F1xx_HAL_Driver/Src/stm32f1xx_hal_rcc_ex.o
                                      0x68442 (size before relaxing)
 .debug_str     0x0000000000072dbc      0x543 ./Drivers/STM32F1xx_HAL_Driver/Src/stm32f1xx_hal_spi.o
                                      0x68bfa (size before relaxing)
 .debug_str     0x00000000000732ff      0xdc0 ./Drivers/STM32F1xx_HAL_Driver/Src/stm32f1xx_hal_tim.o
                                      0x696c5 (size before relaxing)
 .debug_str     0x00000000000740bf      0x4ee ./Drivers/STM32F1xx_HAL_Driver/Src/stm32f1xx_hal_tim_ex.o
                                      0x68e76 (size before relaxing)
 .debug_str     0x00000000000745ad      0x5d8 ./Drivers/STM32F1xx_HAL_Driver/Src/stm32f1xx_hal_uart.o
                                      0x68ce5 (size before relaxing)

.comment        0x0000000000000000       0x53
 .comment       0x0000000000000000       0x53 ./Core/Src/batt.o
                                         0x54 (size before relaxing)
 .comment       0x0000000000000053       0x54 ./Core/Src/berlekamp.o
 .comment       0x0000000000000053       0x54 ./Core/Src/callSign.o
 .comment       0x0000000000000053       0x54 ./Core/Src/cam.o
 .comment       0x0000000000000053       0x54 ./Core/Src/crc16.o
 .comment       0x0000000000000053       0x54 ./Core/Src/cw.o
 .comment       0x0000000000000053       0x54 ./Core/Src/ecc.o